[0.023s] Invoking command in '/home/yuan/arm_ws/build/openarm_bringup': CMAKE_PREFIX_PATH=${CMAKE_PREFIX_PATH}:/home/yuan/ros2_ws/install/turtle_practice:/home/yuan/ros2_ws/install/trajectory_server_pkg_py:/home/yuan/ros2_ws/install/trajectory_client_pkg_py:/home/yuan/ros2_ws/install/pubsubtst_pkg:/home/yuan/ros2_ws/install/learning_pkg:/opt/ros/humble /usr/bin/cmake /home/yuan/arm_ws/src/openarm_ros2/openarm_bringup -DCMAKE_INSTALL_PREFIX=/home/yuan/arm_ws/install/openarm_bringup
[0.365s] -- The C compiler identification is GNU 11.4.0
[1.139s] -- The CXX compiler identification is GNU 11.4.0
[1.539s] -- Detecting C compiler ABI info
[1.785s] -- Detecting C compiler ABI info - done
[1.790s] -- Check for working C compiler: /usr/bin/cc - skipped
[1.790s] -- Detecting C compile features
[1.791s] -- Detecting C compile features - done
[1.795s] -- Detecting CXX compiler ABI info
[2.038s] -- Detecting CXX compiler ABI info - done
[2.043s] -- Check for working CXX compiler: /usr/bin/c++ - skipped
[2.043s] -- Detecting CXX compile features
[2.043s] -- Detecting CXX compile features - done
[2.054s] -- Found ament_cmake: 1.3.12 (/opt/ros/humble/share/ament_cmake/cmake)
[2.196s] -- Found Python3: /usr/bin/python3 (found version "3.10.12") found components: Interpreter 
[2.320s] -- Found ament_lint_auto: 0.12.14 (/opt/ros/humble/share/ament_lint_auto/cmake)
[2.405s] -- Added test 'flake8' to check Python code syntax and style conventions
[2.407s] -- Added test 'lint_cmake' to check CMake code style
[2.408s] -- Added test 'pep257' to check Python code against some of the docstring style conventions in PEP 257
[2.410s] -- Added test 'xmllint' to check XML markup files
[2.413s] -- Configuring done
[2.419s] -- Generating done
[2.423s] -- Build files have been written to: /home/yuan/arm_ws/build/openarm_bringup
[2.428s] Invoked command in '/home/yuan/arm_ws/build/openarm_bringup' returned '0': CMAKE_PREFIX_PATH=${CMAKE_PREFIX_PATH}:/home/yuan/ros2_ws/install/turtle_practice:/home/yuan/ros2_ws/install/trajectory_server_pkg_py:/home/yuan/ros2_ws/install/trajectory_client_pkg_py:/home/yuan/ros2_ws/install/pubsubtst_pkg:/home/yuan/ros2_ws/install/learning_pkg:/opt/ros/humble /usr/bin/cmake /home/yuan/arm_ws/src/openarm_ros2/openarm_bringup -DCMAKE_INSTALL_PREFIX=/home/yuan/arm_ws/install/openarm_bringup
[2.430s] Invoking command in '/home/yuan/arm_ws/build/openarm_bringup': CMAKE_PREFIX_PATH=${CMAKE_PREFIX_PATH}:/home/yuan/ros2_ws/install/turtle_practice:/home/yuan/ros2_ws/install/trajectory_server_pkg_py:/home/yuan/ros2_ws/install/trajectory_client_pkg_py:/home/yuan/ros2_ws/install/pubsubtst_pkg:/home/yuan/ros2_ws/install/learning_pkg:/opt/ros/humble /usr/bin/cmake --build /home/yuan/arm_ws/build/openarm_bringup -- -j24 -l24
[2.474s] Invoked command in '/home/yuan/arm_ws/build/openarm_bringup' returned '0': CMAKE_PREFIX_PATH=${CMAKE_PREFIX_PATH}:/home/yuan/ros2_ws/install/turtle_practice:/home/yuan/ros2_ws/install/trajectory_server_pkg_py:/home/yuan/ros2_ws/install/trajectory_client_pkg_py:/home/yuan/ros2_ws/install/pubsubtst_pkg:/home/yuan/ros2_ws/install/learning_pkg:/opt/ros/humble /usr/bin/cmake --build /home/yuan/arm_ws/build/openarm_bringup -- -j24 -l24
[2.486s] Invoking command in '/home/yuan/arm_ws/build/openarm_bringup': CMAKE_PREFIX_PATH=${CMAKE_PREFIX_PATH}:/home/yuan/ros2_ws/install/turtle_practice:/home/yuan/ros2_ws/install/trajectory_server_pkg_py:/home/yuan/ros2_ws/install/trajectory_client_pkg_py:/home/yuan/ros2_ws/install/pubsubtst_pkg:/home/yuan/ros2_ws/install/learning_pkg:/opt/ros/humble /usr/bin/cmake --install /home/yuan/arm_ws/build/openarm_bringup
[2.494s] -- Install configuration: ""
[2.494s] -- Installing: /home/yuan/arm_ws/install/openarm_bringup/share/openarm_bringup/launch
[2.495s] -- Installing: /home/yuan/arm_ws/install/openarm_bringup/share/openarm_bringup/launch/openarm.bimanual.launch.py
[2.495s] -- Installing: /home/yuan/arm_ws/install/openarm_bringup/share/openarm_bringup/launch/openarm.launch.py
[2.495s] -- Installing: /home/yuan/arm_ws/install/openarm_bringup/share/openarm_bringup/config
[2.496s] -- Installing: /home/yuan/arm_ws/install/openarm_bringup/share/openarm_bringup/config/v10_controllers
[2.496s] -- Installing: /home/yuan/arm_ws/install/openarm_bringup/share/openarm_bringup/config/v10_controllers/openarm_v10_controllers.yaml
[2.496s] -- Installing: /home/yuan/arm_ws/install/openarm_bringup/share/openarm_bringup/config/v10_controllers/openarm_v10_bimanual_controllers.yaml
[2.497s] -- Installing: /home/yuan/arm_ws/install/openarm_bringup/share/openarm_bringup/config/v10_controllers/openarm_v10_bimanual_controllers_namespaced.yaml
[2.498s] -- Installing: /home/yuan/arm_ws/install/openarm_bringup/share/ament_index/resource_index/package_run_dependencies/openarm_bringup
[2.498s] -- Installing: /home/yuan/arm_ws/install/openarm_bringup/share/ament_index/resource_index/parent_prefix_path/openarm_bringup
[2.499s] -- Installing: /home/yuan/arm_ws/install/openarm_bringup/share/openarm_bringup/environment/ament_prefix_path.sh
[2.499s] -- Installing: /home/yuan/arm_ws/install/openarm_bringup/share/openarm_bringup/environment/ament_prefix_path.dsv
[2.499s] -- Installing: /home/yuan/arm_ws/install/openarm_bringup/share/openarm_bringup/environment/path.sh
[2.499s] -- Installing: /home/yuan/arm_ws/install/openarm_bringup/share/openarm_bringup/environment/path.dsv
[2.500s] -- Installing: /home/yuan/arm_ws/install/openarm_bringup/share/openarm_bringup/local_setup.bash
[2.500s] -- Installing: /home/yuan/arm_ws/install/openarm_bringup/share/openarm_bringup/local_setup.sh
[2.500s] -- Installing: /home/yuan/arm_ws/install/openarm_bringup/share/openarm_bringup/local_setup.zsh
[2.500s] -- Installing: /home/yuan/arm_ws/install/openarm_bringup/share/openarm_bringup/local_setup.dsv
[2.500s] -- Installing: /home/yuan/arm_ws/install/openarm_bringup/share/openarm_bringup/package.dsv
[2.501s] -- Installing: /home/yuan/arm_ws/install/openarm_bringup/share/ament_index/resource_index/packages/openarm_bringup
[2.501s] -- Installing: /home/yuan/arm_ws/install/openarm_bringup/share/openarm_bringup/cmake/openarm_bringupConfig.cmake
[2.502s] -- Installing: /home/yuan/arm_ws/install/openarm_bringup/share/openarm_bringup/cmake/openarm_bringupConfig-version.cmake
[2.502s] -- Installing: /home/yuan/arm_ws/install/openarm_bringup/share/openarm_bringup/package.xml
[2.504s] Invoked command in '/home/yuan/arm_ws/build/openarm_bringup' returned '0': CMAKE_PREFIX_PATH=${CMAKE_PREFIX_PATH}:/home/yuan/ros2_ws/install/turtle_practice:/home/yuan/ros2_ws/install/trajectory_server_pkg_py:/home/yuan/ros2_ws/install/trajectory_client_pkg_py:/home/yuan/ros2_ws/install/pubsubtst_pkg:/home/yuan/ros2_ws/install/learning_pkg:/opt/ros/humble /usr/bin/cmake --install /home/yuan/arm_ws/build/openarm_bringup
