-- Install configuration: ""
-- Up-to-date: /home/yuan/arm_ws/install/openarm_description/share/openarm_description/meshes
-- Installing: /home/yuan/arm_ws/install/openarm_description/share/openarm_description/meshes/visual
-- Installing: /home/yuan/arm_ws/install/openarm_description/share/openarm_description/meshes/visual/gripper
-- Installing: /home/yuan/arm_ws/install/openarm_description/share/openarm_description/meshes/visual/gripper/finger_1.obj
-- Installing: /home/yuan/arm_ws/install/openarm_description/share/openarm_description/meshes/visual/gripper/finger_0.obj
-- Installing: /home/yuan/arm_ws/install/openarm_description/share/openarm_description/meshes/visual/gripper/hand_1.obj
-- Installing: /home/yuan/arm_ws/install/openarm_description/share/openarm_description/meshes/visual/gripper/hand_0.obj
-- Installing: /home/yuan/arm_ws/install/openarm_description/share/openarm_description/meshes/visual/arm
-- Installing: /home/yuan/arm_ws/install/openarm_description/share/openarm_description/meshes/visual/arm/link1_1.obj
-- Installing: /home/yuan/arm_ws/install/openarm_description/share/openarm_description/meshes/visual/arm/link7_0.obj
-- Installing: /home/yuan/arm_ws/install/openarm_description/share/openarm_description/meshes/visual/arm/link1_0.obj
-- Installing: /home/yuan/arm_ws/install/openarm_description/share/openarm_description/meshes/visual/arm/link4_0.obj
-- Installing: /home/yuan/arm_ws/install/openarm_description/share/openarm_description/meshes/visual/arm/link2_0.obj
-- Installing: /home/yuan/arm_ws/install/openarm_description/share/openarm_description/meshes/visual/arm/link5_1.obj
-- Installing: /home/yuan/arm_ws/install/openarm_description/share/openarm_description/meshes/visual/arm/link4_1.obj
-- Installing: /home/yuan/arm_ws/install/openarm_description/share/openarm_description/meshes/visual/arm/link3_2.obj
-- Installing: /home/yuan/arm_ws/install/openarm_description/share/openarm_description/meshes/visual/arm/link3_0.obj
-- Installing: /home/yuan/arm_ws/install/openarm_description/share/openarm_description/meshes/visual/arm/link6_0.obj
-- Installing: /home/yuan/arm_ws/install/openarm_description/share/openarm_description/meshes/visual/arm/link4_2.obj
-- Installing: /home/yuan/arm_ws/install/openarm_description/share/openarm_description/meshes/visual/arm/link6_1.obj
-- Installing: /home/yuan/arm_ws/install/openarm_description/share/openarm_description/meshes/visual/arm/link0_0.obj
-- Installing: /home/yuan/arm_ws/install/openarm_description/share/openarm_description/meshes/visual/arm/link2_2.obj
-- Installing: /home/yuan/arm_ws/install/openarm_description/share/openarm_description/meshes/visual/arm/link1_2.obj
-- Installing: /home/yuan/arm_ws/install/openarm_description/share/openarm_description/meshes/visual/arm/link0_1.obj
-- Installing: /home/yuan/arm_ws/install/openarm_description/share/openarm_description/meshes/visual/arm/link2_1.obj
-- Installing: /home/yuan/arm_ws/install/openarm_description/share/openarm_description/meshes/visual/arm/link3_1.obj
-- Installing: /home/yuan/arm_ws/install/openarm_description/share/openarm_description/meshes/visual/arm/link5_2.obj
-- Installing: /home/yuan/arm_ws/install/openarm_description/share/openarm_description/meshes/visual/arm/link5_0.obj
-- Installing: /home/yuan/arm_ws/install/openarm_description/share/openarm_description/meshes/visual/arm/link7_1.obj
-- Installing: /home/yuan/arm_ws/install/openarm_description/share/openarm_description/meshes/visual/arm/link1_3.obj
-- Installing: /home/yuan/arm_ws/install/openarm_description/share/openarm_description/meshes/visual/body
-- Installing: /home/yuan/arm_ws/install/openarm_description/share/openarm_description/meshes/visual/body/body_link0_2.obj
-- Installing: /home/yuan/arm_ws/install/openarm_description/share/openarm_description/meshes/visual/body/body_link0_3.obj
-- Installing: /home/yuan/arm_ws/install/openarm_description/share/openarm_description/meshes/visual/body/body_link0_1.obj
-- Installing: /home/yuan/arm_ws/install/openarm_description/share/openarm_description/meshes/visual/body/body_link0_0.obj
-- Installing: /home/yuan/arm_ws/install/openarm_description/share/openarm_description/meshes/visual/body/body_link0_4.obj
-- Installing: /home/yuan/arm_ws/install/openarm_description/share/openarm_description/meshes/visual/body/body_link0_5.obj
-- Installing: /home/yuan/arm_ws/install/openarm_description/share/openarm_description/meshes/collision
-- Installing: /home/yuan/arm_ws/install/openarm_description/share/openarm_description/meshes/collision/gripper
-- Installing: /home/yuan/arm_ws/install/openarm_description/share/openarm_description/meshes/collision/gripper/hand.stl
-- Installing: /home/yuan/arm_ws/install/openarm_description/share/openarm_description/meshes/collision/gripper/finger.stl
-- Installing: /home/yuan/arm_ws/install/openarm_description/share/openarm_description/meshes/collision/arm
-- Installing: /home/yuan/arm_ws/install/openarm_description/share/openarm_description/meshes/collision/arm/link4.stl
-- Installing: /home/yuan/arm_ws/install/openarm_description/share/openarm_description/meshes/collision/arm/link6.stl
-- Installing: /home/yuan/arm_ws/install/openarm_description/share/openarm_description/meshes/collision/arm/link7.stl
-- Installing: /home/yuan/arm_ws/install/openarm_description/share/openarm_description/meshes/collision/arm/link2.stl
-- Installing: /home/yuan/arm_ws/install/openarm_description/share/openarm_description/meshes/collision/arm/link3.stl
-- Installing: /home/yuan/arm_ws/install/openarm_description/share/openarm_description/meshes/collision/arm/link1.stl
-- Installing: /home/yuan/arm_ws/install/openarm_description/share/openarm_description/meshes/collision/arm/link5.stl
-- Installing: /home/yuan/arm_ws/install/openarm_description/share/openarm_description/meshes/collision/arm/link0.stl
-- Installing: /home/yuan/arm_ws/install/openarm_description/share/openarm_description/meshes/collision/body
-- Installing: /home/yuan/arm_ws/install/openarm_description/share/openarm_description/meshes/collision/body/body_link0.stl
-- Up-to-date: /home/yuan/arm_ws/install/openarm_description/share/openarm_description/urdf
-- Up-to-date: /home/yuan/arm_ws/install/openarm_description/share/openarm_description/urdf/arm
-- Up-to-date: /home/yuan/arm_ws/install/openarm_description/share/openarm_description/urdf/arm/openarm_macro.xacro
-- Up-to-date: /home/yuan/arm_ws/install/openarm_description/share/openarm_description/urdf/arm/openarm_arm.xacro
-- Up-to-date: /home/yuan/arm_ws/install/openarm_description/share/openarm_description/urdf/ros2_control
-- Up-to-date: /home/yuan/arm_ws/install/openarm_description/share/openarm_description/urdf/ros2_control/openarm.bimanual.ros2_control.xacro
-- Up-to-date: /home/yuan/arm_ws/install/openarm_description/share/openarm_description/urdf/ros2_control/openarm.ros2_control.xacro
-- Up-to-date: /home/yuan/arm_ws/install/openarm_description/share/openarm_description/urdf/ee
-- Up-to-date: /home/yuan/arm_ws/install/openarm_description/share/openarm_description/urdf/ee/ee_with_one_link.xacro
-- Up-to-date: /home/yuan/arm_ws/install/openarm_description/share/openarm_description/urdf/ee/openarm_hand_macro.xacro
-- Up-to-date: /home/yuan/arm_ws/install/openarm_description/share/openarm_description/urdf/ee/openarm_hand.xacro
-- Up-to-date: /home/yuan/arm_ws/install/openarm_description/share/openarm_description/urdf/ee/openarm_hand_arguments.xacro
-- Up-to-date: /home/yuan/arm_ws/install/openarm_description/share/openarm_description/urdf/openarm.urdf
-- Up-to-date: /home/yuan/arm_ws/install/openarm_description/share/openarm_description/urdf/body
-- Up-to-date: /home/yuan/arm_ws/install/openarm_description/share/openarm_description/urdf/body/openarm_body.xacro
-- Up-to-date: /home/yuan/arm_ws/install/openarm_description/share/openarm_description/urdf/body/openarm_body_macro.xacro
-- Up-to-date: /home/yuan/arm_ws/install/openarm_description/share/openarm_description/urdf/robot
-- Up-to-date: /home/yuan/arm_ws/install/openarm_description/share/openarm_description/urdf/robot/openarm_robot.xacro
-- Up-to-date: /home/yuan/arm_ws/install/openarm_description/share/openarm_description/urdf/robot/v10.urdf.xacro
-- Up-to-date: /home/yuan/arm_ws/install/openarm_description/share/ament_index/resource_index/package_run_dependencies/openarm_description
-- Up-to-date: /home/yuan/arm_ws/install/openarm_description/share/ament_index/resource_index/parent_prefix_path/openarm_description
-- Up-to-date: /home/yuan/arm_ws/install/openarm_description/share/openarm_description/environment/ament_prefix_path.sh
-- Up-to-date: /home/yuan/arm_ws/install/openarm_description/share/openarm_description/environment/ament_prefix_path.dsv
-- Up-to-date: /home/yuan/arm_ws/install/openarm_description/share/openarm_description/environment/path.sh
-- Up-to-date: /home/yuan/arm_ws/install/openarm_description/share/openarm_description/environment/path.dsv
-- Up-to-date: /home/yuan/arm_ws/install/openarm_description/share/openarm_description/local_setup.bash
-- Up-to-date: /home/yuan/arm_ws/install/openarm_description/share/openarm_description/local_setup.sh
-- Up-to-date: /home/yuan/arm_ws/install/openarm_description/share/openarm_description/local_setup.zsh
-- Up-to-date: /home/yuan/arm_ws/install/openarm_description/share/openarm_description/local_setup.dsv
-- Up-to-date: /home/yuan/arm_ws/install/openarm_description/share/openarm_description/package.dsv
-- Up-to-date: /home/yuan/arm_ws/install/openarm_description/share/ament_index/resource_index/packages/openarm_description
-- Up-to-date: /home/yuan/arm_ws/install/openarm_description/share/openarm_description/cmake/openarm_descriptionConfig.cmake
-- Up-to-date: /home/yuan/arm_ws/install/openarm_description/share/openarm_description/cmake/openarm_descriptionConfig-version.cmake
-- Up-to-date: /home/yuan/arm_ws/install/openarm_description/share/openarm_description/package.xml
