running egg_info
writing ../../build/arm/arm.egg-info/PKG-INFO
writing dependency_links to ../../build/arm/arm.egg-info/dependency_links.txt
writing entry points to ../../build/arm/arm.egg-info/entry_points.txt
writing requirements to ../../build/arm/arm.egg-info/requires.txt
writing top-level names to ../../build/arm/arm.egg-info/top_level.txt
reading manifest file '../../build/arm/arm.egg-info/SOURCES.txt'
writing manifest file '../../build/arm/arm.egg-info/SOURCES.txt'
running build
running build_py
copying arm/__init__.py -> /home/yuan/arm_ws/build/arm/build/lib/arm
running install
running install_lib
copying /home/yuan/arm_ws/build/arm/build/lib/arm/__init__.py -> /home/yuan/arm_ws/install/arm/lib/python3.10/site-packages/arm
byte-compiling /home/yuan/arm_ws/install/arm/lib/python3.10/site-packages/arm/__init__.py to __init__.cpython-310.pyc
running install_data
copying arm/scene/scene.urdf -> /home/yuan/arm_ws/install/arm/share/arm/scene
running install_egg_info
removing '/home/yuan/arm_ws/install/arm/lib/python3.10/site-packages/arm-0.0.1-py3.10.egg-info' (and everything under it)
Copying ../../build/arm/arm.egg-info to /home/yuan/arm_ws/install/arm/lib/python3.10/site-packages/arm-0.0.1-py3.10.egg-info
running install_scripts
Installing sim_node script to /home/yuan/arm_ws/install/arm/lib/arm
writing list of installed files to '/home/yuan/arm_ws/build/arm/install.log'
