[0.026s] Invoking command in '/home/yuan/arm_ws/build/openarm_hardware': CMAKE_PREFIX_PATH=${CMAKE_PREFIX_PATH}:/home/yuan/ros2_ws/install/turtle_practice:/home/yuan/ros2_ws/install/trajectory_server_pkg_py:/home/yuan/ros2_ws/install/trajectory_client_pkg_py:/home/yuan/ros2_ws/install/pubsubtst_pkg:/home/yuan/ros2_ws/install/learning_pkg:/opt/ros/humble /usr/bin/cmake /home/yuan/arm_ws/src/openarm_ros2/openarm_hardware -DCMAKE_INSTALL_PREFIX=/home/yuan/arm_ws/install/openarm_hardware
[0.326s] -- The C compiler identification is GNU 11.4.0
[1.134s] -- The CXX compiler identification is GNU 11.4.0
[1.535s] -- Detecting C compiler ABI info
[1.779s] -- Detecting C compiler ABI info - done
[1.785s] -- Check for working C compiler: /usr/bin/cc - skipped
[1.786s] -- Detecting C compile features
[1.787s] -- Detecting C compile features - done
[1.791s] -- Detecting CXX compiler ABI info
[2.034s] -- Detecting CXX compiler ABI info - done
[2.038s] -- Check for working CXX compiler: /usr/bin/c++ - skipped
[2.039s] -- Detecting CXX compile features
[2.039s] -- Detecting CXX compile features - done
[2.049s] -- Found ament_cmake: 1.3.12 (/opt/ros/humble/share/ament_cmake/cmake)
[2.191s] -- Found Python3: /usr/bin/python3 (found version "3.10.12") found components: Interpreter 
[2.316s] -- Found hardware_interface: 2.52.2 (/opt/ros/humble/share/hardware_interface/cmake)
[2.661s] -- Found rosidl_generator_c: 3.1.7 (/opt/ros/humble/share/rosidl_generator_c/cmake)
[2.670s] -- Found rosidl_adapter: 3.1.7 (/opt/ros/humble/share/rosidl_adapter/cmake)
[2.685s] -- Found rosidl_generator_cpp: 3.1.7 (/opt/ros/humble/share/rosidl_generator_cpp/cmake)
[2.705s] -- Using all available rosidl_typesupport_c: rosidl_typesupport_fastrtps_c;rosidl_typesupport_introspection_c
[2.731s] -- Using all available rosidl_typesupport_cpp: rosidl_typesupport_fastrtps_cpp;rosidl_typesupport_introspection_cpp
[5.807s] -- Found rmw_implementation_cmake: 6.1.2 (/opt/ros/humble/share/rmw_implementation_cmake/cmake)
[5.813s] -- Found rmw_fastrtps_cpp: 6.2.9 (/opt/ros/humble/share/rmw_fastrtps_cpp/cmake)
[5.861s] -- Found TinyXML2 via Config file: TinyXML2_DIR-NOTFOUND
[5.934s] -- Found OpenSSL: /usr/lib/x86_64-linux-gnu/libcrypto.so (found version "3.0.2")  
[5.939s] -- Found TinyXML2 via Config file: TinyXML2_DIR-NOTFOUND
[6.293s] -- Found FastRTPS: /opt/ros/humble/include  
[6.296s] -- Found TinyXML2 via Config file: TinyXML2_DIR-NOTFOUND
[6.304s] -- Found TinyXML2 via Config file: TinyXML2_DIR-NOTFOUND
[6.500s] -- Using RMW implementation 'rmw_fastrtps_cpp' as default
[6.520s] -- Looking for pthread.h
[6.857s] -- Looking for pthread.h - found
[6.857s] -- Performing Test CMAKE_HAVE_LIBC_PTHREAD
[7.156s] -- Performing Test CMAKE_HAVE_LIBC_PTHREAD - Success
[7.157s] -- Found Threads: TRUE  
[7.276s] -- Configuring done
[7.293s] -- Generating done
[7.297s] -- Build files have been written to: /home/yuan/arm_ws/build/openarm_hardware
[7.311s] Invoked command in '/home/yuan/arm_ws/build/openarm_hardware' returned '0': CMAKE_PREFIX_PATH=${CMAKE_PREFIX_PATH}:/home/yuan/ros2_ws/install/turtle_practice:/home/yuan/ros2_ws/install/trajectory_server_pkg_py:/home/yuan/ros2_ws/install/trajectory_client_pkg_py:/home/yuan/ros2_ws/install/pubsubtst_pkg:/home/yuan/ros2_ws/install/learning_pkg:/opt/ros/humble /usr/bin/cmake /home/yuan/arm_ws/src/openarm_ros2/openarm_hardware -DCMAKE_INSTALL_PREFIX=/home/yuan/arm_ws/install/openarm_hardware
[7.312s] Invoking command in '/home/yuan/arm_ws/build/openarm_hardware': CMAKE_PREFIX_PATH=${CMAKE_PREFIX_PATH}:/home/yuan/ros2_ws/install/turtle_practice:/home/yuan/ros2_ws/install/trajectory_server_pkg_py:/home/yuan/ros2_ws/install/trajectory_client_pkg_py:/home/yuan/ros2_ws/install/pubsubtst_pkg:/home/yuan/ros2_ws/install/learning_pkg:/opt/ros/humble /usr/bin/cmake --build /home/yuan/arm_ws/build/openarm_hardware -- -j24 -l24
[7.367s] [ 50%] [32mBuilding CXX object CMakeFiles/openarm_hardware.dir/src/v10_simple_hardware.cpp.o[0m
[10.686s] [100%] [32m[1mLinking CXX shared library libopenarm_hardware.so[0m
[11.093s] [100%] Built target openarm_hardware
[11.106s] Invoked command in '/home/yuan/arm_ws/build/openarm_hardware' returned '0': CMAKE_PREFIX_PATH=${CMAKE_PREFIX_PATH}:/home/yuan/ros2_ws/install/turtle_practice:/home/yuan/ros2_ws/install/trajectory_server_pkg_py:/home/yuan/ros2_ws/install/trajectory_client_pkg_py:/home/yuan/ros2_ws/install/pubsubtst_pkg:/home/yuan/ros2_ws/install/learning_pkg:/opt/ros/humble /usr/bin/cmake --build /home/yuan/arm_ws/build/openarm_hardware -- -j24 -l24
[11.108s] Invoking command in '/home/yuan/arm_ws/build/openarm_hardware': CMAKE_PREFIX_PATH=${CMAKE_PREFIX_PATH}:/home/yuan/ros2_ws/install/turtle_practice:/home/yuan/ros2_ws/install/trajectory_server_pkg_py:/home/yuan/ros2_ws/install/trajectory_client_pkg_py:/home/yuan/ros2_ws/install/pubsubtst_pkg:/home/yuan/ros2_ws/install/learning_pkg:/opt/ros/humble /usr/bin/cmake --install /home/yuan/arm_ws/build/openarm_hardware
[11.115s] -- Install configuration: ""
[11.117s] -- Installing: /home/yuan/arm_ws/install/openarm_hardware/share/openarm_hardware/openarm_hardware.xml
[11.117s] -- Installing: /home/yuan/arm_ws/install/openarm_hardware/lib/libopenarm_hardware.so
[11.120s] -- Set runtime path of "/home/yuan/arm_ws/install/openarm_hardware/lib/libopenarm_hardware.so" to ""
[11.120s] -- Installing: /home/yuan/arm_ws/install/openarm_hardware/include
[11.120s] -- Installing: /home/yuan/arm_ws/install/openarm_hardware/include/openarm_hardware
[11.120s] -- Installing: /home/yuan/arm_ws/install/openarm_hardware/include/openarm_hardware/v10_simple_hardware.hpp
[11.121s] -- Installing: /home/yuan/arm_ws/install/openarm_hardware/include/openarm_hardware/visibility_control.h
[11.121s] -- Installing: /home/yuan/arm_ws/install/openarm_hardware/share/openarm_hardware/environment/library_path.sh
[11.122s] -- Installing: /home/yuan/arm_ws/install/openarm_hardware/share/openarm_hardware/environment/library_path.dsv
[11.123s] -- Installing: /home/yuan/arm_ws/install/openarm_hardware/share/ament_index/resource_index/package_run_dependencies/openarm_hardware
[11.124s] -- Installing: /home/yuan/arm_ws/install/openarm_hardware/share/ament_index/resource_index/parent_prefix_path/openarm_hardware
[11.124s] -- Installing: /home/yuan/arm_ws/install/openarm_hardware/share/openarm_hardware/environment/ament_prefix_path.sh
[11.124s] -- Installing: /home/yuan/arm_ws/install/openarm_hardware/share/openarm_hardware/environment/ament_prefix_path.dsv
[11.125s] -- Installing: /home/yuan/arm_ws/install/openarm_hardware/share/openarm_hardware/environment/path.sh
[11.125s] -- Installing: /home/yuan/arm_ws/install/openarm_hardware/share/openarm_hardware/environment/path.dsv
[11.125s] -- Installing: /home/yuan/arm_ws/install/openarm_hardware/share/openarm_hardware/local_setup.bash
[11.125s] -- Installing: /home/yuan/arm_ws/install/openarm_hardware/share/openarm_hardware/local_setup.sh
[11.126s] -- Installing: /home/yuan/arm_ws/install/openarm_hardware/share/openarm_hardware/local_setup.zsh
[11.126s] -- Installing: /home/yuan/arm_ws/install/openarm_hardware/share/openarm_hardware/local_setup.dsv
[11.126s] -- Installing: /home/yuan/arm_ws/install/openarm_hardware/share/openarm_hardware/package.dsv
[11.126s] -- Installing: /home/yuan/arm_ws/install/openarm_hardware/share/ament_index/resource_index/packages/openarm_hardware
[11.127s] -- Installing: /home/yuan/arm_ws/install/openarm_hardware/share/ament_index/resource_index/hardware_interface__pluginlib__plugin/openarm_hardware
[11.128s] -- Installing: /home/yuan/arm_ws/install/openarm_hardware/share/openarm_hardware/cmake/ament_cmake_export_include_directories-extras.cmake
[11.128s] -- Installing: /home/yuan/arm_ws/install/openarm_hardware/share/openarm_hardware/cmake/ament_cmake_export_libraries-extras.cmake
[11.128s] -- Installing: /home/yuan/arm_ws/install/openarm_hardware/share/openarm_hardware/cmake/ament_cmake_export_dependencies-extras.cmake
[11.128s] -- Installing: /home/yuan/arm_ws/install/openarm_hardware/share/openarm_hardware/cmake/openarm_hardwareConfig.cmake
[11.129s] -- Installing: /home/yuan/arm_ws/install/openarm_hardware/share/openarm_hardware/cmake/openarm_hardwareConfig-version.cmake
[11.129s] -- Installing: /home/yuan/arm_ws/install/openarm_hardware/share/openarm_hardware/package.xml
[11.132s] Invoked command in '/home/yuan/arm_ws/build/openarm_hardware' returned '0': CMAKE_PREFIX_PATH=${CMAKE_PREFIX_PATH}:/home/yuan/ros2_ws/install/turtle_practice:/home/yuan/ros2_ws/install/trajectory_server_pkg_py:/home/yuan/ros2_ws/install/trajectory_client_pkg_py:/home/yuan/ros2_ws/install/pubsubtst_pkg:/home/yuan/ros2_ws/install/learning_pkg:/opt/ros/humble /usr/bin/cmake --install /home/yuan/arm_ws/build/openarm_hardware
