/home/yuan/arm_ws/install/arm/lib/python3.10/site-packages/arm/__init__.py
/home/yuan/arm_ws/install/arm/lib/python3.10/site-packages/arm/__pycache__/__init__.cpython-310.pyc
/home/yuan/arm_ws/install/arm/share/ament_index/resource_index/packages/arm
/home/yuan/arm_ws/install/arm/share/arm/package.xml
/home/yuan/arm_ws/install/arm/share/arm/assets/011_banana/textured.dae
/home/yuan/arm_ws/install/arm/share/arm/assets/011_banana/texture_map.png
/home/yuan/arm_ws/install/arm/share/arm/assets/011_banana/nontextured.stl
/home/yuan/arm_ws/install/arm/share/arm/assets/011_banana/nontextured.ply
/home/yuan/arm_ws/install/arm/share/arm/assets/011_banana/textured.obj
/home/yuan/arm_ws/install/arm/share/arm/assets/011_banana/textured.mtl
/home/yuan/arm_ws/install/arm/share/arm/assets/011_banana/kinbody.xml
/home/yuan/arm_ws/install/arm/share/arm/scene/scene.urdf
/home/yuan/arm_ws/install/arm/share/arm/scene/scene.xml
/home/yuan/arm_ws/install/arm/share/arm/config
/home/yuan/arm_ws/install/arm/share/arm/launch
/home/yuan/arm_ws/install/arm/lib/python3.10/site-packages/arm-0.0.1-py3.10.egg-info/entry_points.txt
/home/yuan/arm_ws/install/arm/lib/python3.10/site-packages/arm-0.0.1-py3.10.egg-info/zip-safe
/home/yuan/arm_ws/install/arm/lib/python3.10/site-packages/arm-0.0.1-py3.10.egg-info/top_level.txt
/home/yuan/arm_ws/install/arm/lib/python3.10/site-packages/arm-0.0.1-py3.10.egg-info/SOURCES.txt
/home/yuan/arm_ws/install/arm/lib/python3.10/site-packages/arm-0.0.1-py3.10.egg-info/requires.txt
/home/yuan/arm_ws/install/arm/lib/python3.10/site-packages/arm-0.0.1-py3.10.egg-info/PKG-INFO
/home/yuan/arm_ws/install/arm/lib/python3.10/site-packages/arm-0.0.1-py3.10.egg-info/dependency_links.txt
/home/yuan/arm_ws/install/arm/lib/arm/sim_node
