[0.468s] Invoking command in '/home/yuan/arm_ws/build/openarm': AMENT_PREFIX_PATH=/home/yuan/arm_ws/install/openarm_hardware:/home/yuan/arm_ws/install/openarm_bringup:${AMENT_PREFIX_PATH} CMAKE_PREFIX_PATH=/home/yuan/arm_ws/install/openarm_hardware:/home/yuan/arm_ws/install/openarm_description:/home/yuan/arm_ws/install/openarm_bringup:/opt/ros/humble LD_LIBRARY_PATH=/home/yuan/arm_ws/install/openarm_hardware/lib:/usr/local/cuda-12.6/lib64:/opt/ros/humble/opt/rviz_ogre_vendor/lib:/opt/ros/humble/lib/x86_64-linux-gnu:/opt/ros/humble/lib:/usr/local/cuda-12.6/lib64 /usr/bin/cmake /home/yuan/arm_ws/src/openarm_ros2/openarm -DCMAKE_INSTALL_PREFIX=/home/yuan/arm_ws/install/openarm
[0.747s] -- The C compiler identification is GNU 11.4.0
[1.533s] -- The CXX compiler identification is GNU 11.4.0
[2.020s] -- Detecting C compiler ABI info
[2.303s] -- Detecting C compiler ABI info - done
[2.307s] -- Check for working C compiler: /usr/bin/cc - skipped
[2.307s] -- Detecting C compile features
[2.307s] -- Detecting C compile features - done
[2.309s] -- Detecting CXX compiler ABI info
[2.603s] -- Detecting CXX compiler ABI info - done
[2.608s] -- Check for working CXX compiler: /usr/bin/c++ - skipped
[2.608s] -- Detecting CXX compile features
[2.608s] -- Detecting CXX compile features - done
[2.610s] -- Found ament_cmake: 1.3.12 (/opt/ros/humble/share/ament_cmake/cmake)
[2.715s] -- Found Python3: /usr/bin/python3 (found version "3.10.12") found components: Interpreter 
[2.828s] -- Configuring done
[2.833s] -- Generating done
[2.835s] -- Build files have been written to: /home/yuan/arm_ws/build/openarm
[2.841s] Invoked command in '/home/yuan/arm_ws/build/openarm' returned '0': AMENT_PREFIX_PATH=/home/yuan/arm_ws/install/openarm_hardware:/home/yuan/arm_ws/install/openarm_bringup:${AMENT_PREFIX_PATH} CMAKE_PREFIX_PATH=/home/yuan/arm_ws/install/openarm_hardware:/home/yuan/arm_ws/install/openarm_description:/home/yuan/arm_ws/install/openarm_bringup:/opt/ros/humble LD_LIBRARY_PATH=/home/yuan/arm_ws/install/openarm_hardware/lib:/usr/local/cuda-12.6/lib64:/opt/ros/humble/opt/rviz_ogre_vendor/lib:/opt/ros/humble/lib/x86_64-linux-gnu:/opt/ros/humble/lib:/usr/local/cuda-12.6/lib64 /usr/bin/cmake /home/yuan/arm_ws/src/openarm_ros2/openarm -DCMAKE_INSTALL_PREFIX=/home/yuan/arm_ws/install/openarm
[2.842s] Invoking command in '/home/yuan/arm_ws/build/openarm': AMENT_PREFIX_PATH=/home/yuan/arm_ws/install/openarm_hardware:/home/yuan/arm_ws/install/openarm_bringup:${AMENT_PREFIX_PATH} CMAKE_PREFIX_PATH=/home/yuan/arm_ws/install/openarm_hardware:/home/yuan/arm_ws/install/openarm_description:/home/yuan/arm_ws/install/openarm_bringup:/opt/ros/humble LD_LIBRARY_PATH=/home/yuan/arm_ws/install/openarm_hardware/lib:/usr/local/cuda-12.6/lib64:/opt/ros/humble/opt/rviz_ogre_vendor/lib:/opt/ros/humble/lib/x86_64-linux-gnu:/opt/ros/humble/lib:/usr/local/cuda-12.6/lib64 /usr/bin/cmake --build /home/yuan/arm_ws/build/openarm -- -j24 -l24
[2.878s] Invoked command in '/home/yuan/arm_ws/build/openarm' returned '0': AMENT_PREFIX_PATH=/home/yuan/arm_ws/install/openarm_hardware:/home/yuan/arm_ws/install/openarm_bringup:${AMENT_PREFIX_PATH} CMAKE_PREFIX_PATH=/home/yuan/arm_ws/install/openarm_hardware:/home/yuan/arm_ws/install/openarm_description:/home/yuan/arm_ws/install/openarm_bringup:/opt/ros/humble LD_LIBRARY_PATH=/home/yuan/arm_ws/install/openarm_hardware/lib:/usr/local/cuda-12.6/lib64:/opt/ros/humble/opt/rviz_ogre_vendor/lib:/opt/ros/humble/lib/x86_64-linux-gnu:/opt/ros/humble/lib:/usr/local/cuda-12.6/lib64 /usr/bin/cmake --build /home/yuan/arm_ws/build/openarm -- -j24 -l24
[2.880s] Invoking command in '/home/yuan/arm_ws/build/openarm': AMENT_PREFIX_PATH=/home/yuan/arm_ws/install/openarm_hardware:/home/yuan/arm_ws/install/openarm_bringup:${AMENT_PREFIX_PATH} CMAKE_PREFIX_PATH=/home/yuan/arm_ws/install/openarm_hardware:/home/yuan/arm_ws/install/openarm_description:/home/yuan/arm_ws/install/openarm_bringup:/opt/ros/humble LD_LIBRARY_PATH=/home/yuan/arm_ws/install/openarm_hardware/lib:/usr/local/cuda-12.6/lib64:/opt/ros/humble/opt/rviz_ogre_vendor/lib:/opt/ros/humble/lib/x86_64-linux-gnu:/opt/ros/humble/lib:/usr/local/cuda-12.6/lib64 /usr/bin/cmake --install /home/yuan/arm_ws/build/openarm
[2.887s] -- Install configuration: ""
[2.889s] -- Installing: /home/yuan/arm_ws/install/openarm/share/ament_index/resource_index/package_run_dependencies/openarm
[2.889s] -- Installing: /home/yuan/arm_ws/install/openarm/share/ament_index/resource_index/parent_prefix_path/openarm
[2.890s] -- Installing: /home/yuan/arm_ws/install/openarm/share/openarm/environment/ament_prefix_path.sh
[2.890s] -- Installing: /home/yuan/arm_ws/install/openarm/share/openarm/environment/ament_prefix_path.dsv
[2.890s] -- Installing: /home/yuan/arm_ws/install/openarm/share/openarm/environment/path.sh
[2.891s] -- Installing: /home/yuan/arm_ws/install/openarm/share/openarm/environment/path.dsv
[2.891s] -- Installing: /home/yuan/arm_ws/install/openarm/share/openarm/local_setup.bash
[2.891s] -- Installing: /home/yuan/arm_ws/install/openarm/share/openarm/local_setup.sh
[2.891s] -- Installing: /home/yuan/arm_ws/install/openarm/share/openarm/local_setup.zsh
[2.891s] -- Installing: /home/yuan/arm_ws/install/openarm/share/openarm/local_setup.dsv
[2.892s] -- Installing: /home/yuan/arm_ws/install/openarm/share/openarm/package.dsv
[2.892s] -- Installing: /home/yuan/arm_ws/install/openarm/share/ament_index/resource_index/packages/openarm
[2.893s] -- Installing: /home/yuan/arm_ws/install/openarm/share/openarm/cmake/openarmConfig.cmake
[2.893s] -- Installing: /home/yuan/arm_ws/install/openarm/share/openarm/cmake/openarmConfig-version.cmake
[2.893s] -- Installing: /home/yuan/arm_ws/install/openarm/share/openarm/package.xml
[2.895s] Invoked command in '/home/yuan/arm_ws/build/openarm' returned '0': AMENT_PREFIX_PATH=/home/yuan/arm_ws/install/openarm_hardware:/home/yuan/arm_ws/install/openarm_bringup:${AMENT_PREFIX_PATH} CMAKE_PREFIX_PATH=/home/yuan/arm_ws/install/openarm_hardware:/home/yuan/arm_ws/install/openarm_description:/home/yuan/arm_ws/install/openarm_bringup:/opt/ros/humble LD_LIBRARY_PATH=/home/yuan/arm_ws/install/openarm_hardware/lib:/usr/local/cuda-12.6/lib64:/opt/ros/humble/opt/rviz_ogre_vendor/lib:/opt/ros/humble/lib/x86_64-linux-gnu:/opt/ros/humble/lib:/usr/local/cuda-12.6/lib64 /usr/bin/cmake --install /home/yuan/arm_ws/build/openarm
