running develop
running egg_info
creating arm.egg-info
writing arm.egg-info/PKG-INFO
writing dependency_links to arm.egg-info/dependency_links.txt
writing entry points to arm.egg-info/entry_points.txt
writing requirements to arm.egg-info/requires.txt
writing top-level names to arm.egg-info/top_level.txt
writing manifest file 'arm.egg-info/SOURCES.txt'
reading manifest file 'arm.egg-info/SOURCES.txt'
writing manifest file 'arm.egg-info/SOURCES.txt'
running build_ext
Creating /home/yuan/arm_ws/install/arm/lib/python3.10/site-packages/arm.egg-link (link to .)
Installing sim_node script to /home/yuan/arm_ws/install/arm/lib/arm

Installed /home/yuan/arm_ws/build/arm
running symlink_data
creating /home/yuan/arm_ws/install/arm/share/ament_index
creating /home/yuan/arm_ws/install/arm/share/ament_index/resource_index
creating /home/yuan/arm_ws/install/arm/share/ament_index/resource_index/packages
symbolically linking /home/yuan/arm_ws/build/arm/resource/arm -> /home/yuan/arm_ws/install/arm/share/ament_index/resource_index/packages
symbolically linking /home/yuan/arm_ws/build/arm/package.xml -> /home/yuan/arm_ws/install/arm/share/arm
creating /home/yuan/arm_ws/install/arm/share/arm/assets
error: can't copy '/home/yuan/arm_ws/build/arm/arm/assets/011_banana': doesn't exist or not a regular file
