[0.589s] Invoking command in '/home/yuan/arm_ws/build/arm': PYTHONPATH=/home/yuan/arm_ws/build/arm/prefix_override:/usr/lib/python3/dist-packages/colcon_core/task/python/colcon_distutils_commands:/home/yuan/arm_ws/install/arm/lib/python3.10/site-packages:${PYTHONPATH} /usr/bin/python3 -W ignore:setup.py install is deprecated -W ignore:easy_install command is deprecated setup.py develop --editable --build-directory /home/yuan/arm_ws/build/arm/build --no-deps symlink_data
[0.784s] running develop
[0.883s] running egg_info
[0.883s] creating arm.egg-info
[0.884s] writing arm.egg-info/PKG-INFO
[0.884s] writing dependency_links to arm.egg-info/dependency_links.txt
[0.884s] writing entry points to arm.egg-info/entry_points.txt
[0.884s] writing requirements to arm.egg-info/requires.txt
[0.884s] writing top-level names to arm.egg-info/top_level.txt
[0.884s] writing manifest file 'arm.egg-info/SOURCES.txt'
[0.886s] reading manifest file 'arm.egg-info/SOURCES.txt'
[0.886s] writing manifest file 'arm.egg-info/SOURCES.txt'
[0.887s] running build_ext
[0.887s] Creating /home/yuan/arm_ws/install/arm/lib/python3.10/site-packages/arm.egg-link (link to .)
[0.888s] Installing sim_node script to /home/yuan/arm_ws/install/arm/lib/arm
[0.889s] 
[0.889s] Installed /home/yuan/arm_ws/build/arm
[0.889s] running symlink_data
[0.889s] creating /home/yuan/arm_ws/install/arm/share/ament_index
[0.889s] creating /home/yuan/arm_ws/install/arm/share/ament_index/resource_index
[0.890s] creating /home/yuan/arm_ws/install/arm/share/ament_index/resource_index/packages
[0.890s] symbolically linking /home/yuan/arm_ws/build/arm/resource/arm -> /home/yuan/arm_ws/install/arm/share/ament_index/resource_index/packages
[0.891s] symbolically linking /home/yuan/arm_ws/build/arm/package.xml -> /home/yuan/arm_ws/install/arm/share/arm
[0.891s] creating /home/yuan/arm_ws/install/arm/share/arm/assets
[0.892s] error: can't copy '/home/yuan/arm_ws/build/arm/arm/assets/011_banana': doesn't exist or not a regular file
[0.914s] Invoked command in '/home/yuan/arm_ws/build/arm' returned '1': PYTHONPATH=/home/yuan/arm_ws/build/arm/prefix_override:/usr/lib/python3/dist-packages/colcon_core/task/python/colcon_distutils_commands:/home/yuan/arm_ws/install/arm/lib/python3.10/site-packages:${PYTHONPATH} /usr/bin/python3 -W ignore:setup.py install is deprecated -W ignore:easy_install command is deprecated setup.py develop --editable --build-directory /home/yuan/arm_ws/build/arm/build --no-deps symlink_data
