[0.015s] Invoking command in '/home/yuan/arm_ws/build/openarm_description': CMAKE_PREFIX_PATH=/opt/ros/humble /usr/bin/cmake --build /home/yuan/arm_ws/build/openarm_description -- -j24 -l24
[0.072s] Invoked command in '/home/yuan/arm_ws/build/openarm_description' returned '0': CMAKE_PREFIX_PATH=/opt/ros/humble /usr/bin/cmake --build /home/yuan/arm_ws/build/openarm_description -- -j24 -l24
[0.082s] Invoking command in '/home/yuan/arm_ws/build/openarm_description': CMAKE_PREFIX_PATH=/opt/ros/humble /usr/bin/cmake --install /home/yuan/arm_ws/build/openarm_description
[0.088s] -- Install configuration: ""
[0.089s] -- Up-to-date: /home/yuan/arm_ws/install/openarm_description/share/openarm_description/launch
[0.089s] -- Up-to-date: /home/yuan/arm_ws/install/openarm_description/share/openarm_description/launch/display_openarm.launch.py
[0.089s] -- Up-to-date: /home/yuan/arm_ws/install/openarm_description/share/openarm_description/meshes
[0.089s] -- Up-to-date: /home/yuan/arm_ws/install/openarm_description/share/openarm_description/meshes/visual
[0.089s] -- Up-to-date: /home/yuan/arm_ws/install/openarm_description/share/openarm_description/meshes/visual/gripper
[0.089s] -- Up-to-date: /home/yuan/arm_ws/install/openarm_description/share/openarm_description/meshes/visual/arm
[0.090s] -- Up-to-date: /home/yuan/arm_ws/install/openarm_description/share/openarm_description/meshes/visual/body
[0.090s] -- Up-to-date: /home/yuan/arm_ws/install/openarm_description/share/openarm_description/meshes/arm
[0.090s] -- Up-to-date: /home/yuan/arm_ws/install/openarm_description/share/openarm_description/meshes/arm/v10
[0.090s] -- Up-to-date: /home/yuan/arm_ws/install/openarm_description/share/openarm_description/meshes/arm/v10/visual
[0.090s] -- Up-to-date: /home/yuan/arm_ws/install/openarm_description/share/openarm_description/meshes/arm/v10/visual/link0.dae
[0.091s] -- Up-to-date: /home/yuan/arm_ws/install/openarm_description/share/openarm_description/meshes/arm/v10/visual/link4.dae
[0.091s] -- Up-to-date: /home/yuan/arm_ws/install/openarm_description/share/openarm_description/meshes/arm/v10/visual/link5.dae
[0.091s] -- Up-to-date: /home/yuan/arm_ws/install/openarm_description/share/openarm_description/meshes/arm/v10/visual/link6.dae
[0.091s] -- Up-to-date: /home/yuan/arm_ws/install/openarm_description/share/openarm_description/meshes/arm/v10/visual/link7.dae
[0.091s] -- Up-to-date: /home/yuan/arm_ws/install/openarm_description/share/openarm_description/meshes/arm/v10/visual/link4.stl
[0.092s] -- Up-to-date: /home/yuan/arm_ws/install/openarm_description/share/openarm_description/meshes/arm/v10/visual/link6.stl
[0.092s] -- Up-to-date: /home/yuan/arm_ws/install/openarm_description/share/openarm_description/meshes/arm/v10/visual/link7.stl
[0.092s] -- Up-to-date: /home/yuan/arm_ws/install/openarm_description/share/openarm_description/meshes/arm/v10/visual/link2.dae
[0.092s] -- Up-to-date: /home/yuan/arm_ws/install/openarm_description/share/openarm_description/meshes/arm/v10/visual/link2.stl
[0.093s] -- Up-to-date: /home/yuan/arm_ws/install/openarm_description/share/openarm_description/meshes/arm/v10/visual/link3.stl
[0.093s] -- Up-to-date: /home/yuan/arm_ws/install/openarm_description/share/openarm_description/meshes/arm/v10/visual/link3.dae
[0.093s] -- Up-to-date: /home/yuan/arm_ws/install/openarm_description/share/openarm_description/meshes/arm/v10/visual/link1.stl
[0.093s] -- Up-to-date: /home/yuan/arm_ws/install/openarm_description/share/openarm_description/meshes/arm/v10/visual/link5.stl
[0.093s] -- Up-to-date: /home/yuan/arm_ws/install/openarm_description/share/openarm_description/meshes/arm/v10/visual/link0.stl
[0.093s] -- Up-to-date: /home/yuan/arm_ws/install/openarm_description/share/openarm_description/meshes/arm/v10/visual/link1.dae
[0.094s] -- Up-to-date: /home/yuan/arm_ws/install/openarm_description/share/openarm_description/meshes/arm/v10/collision
[0.094s] -- Up-to-date: /home/yuan/arm_ws/install/openarm_description/share/openarm_description/meshes/arm/v10/collision/link6_symp.stl
[0.094s] -- Up-to-date: /home/yuan/arm_ws/install/openarm_description/share/openarm_description/meshes/arm/v10/collision/link2_symp.stl
[0.094s] -- Up-to-date: /home/yuan/arm_ws/install/openarm_description/share/openarm_description/meshes/arm/v10/collision/link7_symp.stl
[0.094s] -- Up-to-date: /home/yuan/arm_ws/install/openarm_description/share/openarm_description/meshes/arm/v10/collision/link5_symp.stl
[0.094s] -- Up-to-date: /home/yuan/arm_ws/install/openarm_description/share/openarm_description/meshes/arm/v10/collision/link4_symp.stl
[0.095s] -- Up-to-date: /home/yuan/arm_ws/install/openarm_description/share/openarm_description/meshes/arm/v10/collision/link3_symp.stl
[0.095s] -- Up-to-date: /home/yuan/arm_ws/install/openarm_description/share/openarm_description/meshes/arm/v10/collision/link1_symp.stl
[0.095s] -- Up-to-date: /home/yuan/arm_ws/install/openarm_description/share/openarm_description/meshes/arm/v10/collision/link0_symp.stl
[0.095s] -- Up-to-date: /home/yuan/arm_ws/install/openarm_description/share/openarm_description/meshes/ee
[0.095s] -- Up-to-date: /home/yuan/arm_ws/install/openarm_description/share/openarm_description/meshes/ee/openarm_hand
[0.095s] -- Up-to-date: /home/yuan/arm_ws/install/openarm_description/share/openarm_description/meshes/ee/openarm_hand/visual
[0.095s] -- Up-to-date: /home/yuan/arm_ws/install/openarm_description/share/openarm_description/meshes/ee/openarm_hand/visual/hand.dae
[0.095s] -- Up-to-date: /home/yuan/arm_ws/install/openarm_description/share/openarm_description/meshes/ee/openarm_hand/visual/finger.stl
[0.095s] -- Up-to-date: /home/yuan/arm_ws/install/openarm_description/share/openarm_description/meshes/ee/openarm_hand/visual/finger.dae
[0.095s] -- Up-to-date: /home/yuan/arm_ws/install/openarm_description/share/openarm_description/meshes/ee/openarm_hand/collision
[0.095s] -- Up-to-date: /home/yuan/arm_ws/install/openarm_description/share/openarm_description/meshes/ee/openarm_hand/collision/hand.stl
[0.095s] -- Up-to-date: /home/yuan/arm_ws/install/openarm_description/share/openarm_description/meshes/ee/openarm_hand/collision/finger.stl
[0.095s] -- Up-to-date: /home/yuan/arm_ws/install/openarm_description/share/openarm_description/meshes/body
[0.095s] -- Up-to-date: /home/yuan/arm_ws/install/openarm_description/share/openarm_description/meshes/body/v10
[0.095s] -- Up-to-date: /home/yuan/arm_ws/install/openarm_description/share/openarm_description/meshes/body/v10/visual
[0.096s] -- Up-to-date: /home/yuan/arm_ws/install/openarm_description/share/openarm_description/meshes/body/v10/visual/body_link0.stl
[0.096s] -- Up-to-date: /home/yuan/arm_ws/install/openarm_description/share/openarm_description/meshes/body/v10/visual/body_link0.dae
[0.096s] -- Up-to-date: /home/yuan/arm_ws/install/openarm_description/share/openarm_description/meshes/body/v10/collision
[0.096s] -- Up-to-date: /home/yuan/arm_ws/install/openarm_description/share/openarm_description/meshes/body/v10/collision/body_link0_symp.stl
[0.096s] -- Up-to-date: /home/yuan/arm_ws/install/openarm_description/share/openarm_description/meshes/collision
[0.096s] -- Up-to-date: /home/yuan/arm_ws/install/openarm_description/share/openarm_description/meshes/collision/gripper
[0.096s] -- Up-to-date: /home/yuan/arm_ws/install/openarm_description/share/openarm_description/meshes/collision/arm
[0.096s] -- Up-to-date: /home/yuan/arm_ws/install/openarm_description/share/openarm_description/meshes/collision/body
[0.096s] -- Up-to-date: /home/yuan/arm_ws/install/openarm_description/share/openarm_description/rviz
[0.096s] -- Up-to-date: /home/yuan/arm_ws/install/openarm_description/share/openarm_description/rviz/arm_only.rviz
[0.096s] -- Up-to-date: /home/yuan/arm_ws/install/openarm_description/share/openarm_description/rviz/bimanual.rviz
[0.096s] -- Up-to-date: /home/yuan/arm_ws/install/openarm_description/share/openarm_description/urdf
[0.096s] -- Up-to-date: /home/yuan/arm_ws/install/openarm_description/share/openarm_description/urdf/arm
[0.096s] -- Up-to-date: /home/yuan/arm_ws/install/openarm_description/share/openarm_description/urdf/arm/openarm_macro.xacro
[0.096s] -- Up-to-date: /home/yuan/arm_ws/install/openarm_description/share/openarm_description/urdf/arm/openarm_arm.xacro
[0.096s] -- Up-to-date: /home/yuan/arm_ws/install/openarm_description/share/openarm_description/urdf/ros2_control
[0.096s] -- Up-to-date: /home/yuan/arm_ws/install/openarm_description/share/openarm_description/urdf/ros2_control/openarm.bimanual.ros2_control.xacro
[0.096s] -- Up-to-date: /home/yuan/arm_ws/install/openarm_description/share/openarm_description/urdf/ros2_control/openarm.ros2_control.xacro
[0.097s] -- Up-to-date: /home/yuan/arm_ws/install/openarm_description/share/openarm_description/urdf/ee
[0.097s] -- Up-to-date: /home/yuan/arm_ws/install/openarm_description/share/openarm_description/urdf/ee/ee_with_one_link.xacro
[0.097s] -- Up-to-date: /home/yuan/arm_ws/install/openarm_description/share/openarm_description/urdf/ee/openarm_hand_macro.xacro
[0.097s] -- Up-to-date: /home/yuan/arm_ws/install/openarm_description/share/openarm_description/urdf/ee/openarm_hand.xacro
[0.097s] -- Up-to-date: /home/yuan/arm_ws/install/openarm_description/share/openarm_description/urdf/ee/openarm_hand_arguments.xacro
[0.097s] -- Up-to-date: /home/yuan/arm_ws/install/openarm_description/share/openarm_description/urdf/body
[0.097s] -- Up-to-date: /home/yuan/arm_ws/install/openarm_description/share/openarm_description/urdf/body/openarm_body.xacro
[0.097s] -- Up-to-date: /home/yuan/arm_ws/install/openarm_description/share/openarm_description/urdf/body/openarm_body_macro.xacro
[0.097s] -- Up-to-date: /home/yuan/arm_ws/install/openarm_description/share/openarm_description/urdf/robot
[0.097s] -- Up-to-date: /home/yuan/arm_ws/install/openarm_description/share/openarm_description/urdf/robot/openarm_robot.xacro
[0.097s] -- Up-to-date: /home/yuan/arm_ws/install/openarm_description/share/openarm_description/urdf/robot/v10.urdf.xacro
[0.097s] -- Up-to-date: /home/yuan/arm_ws/install/openarm_description/share/openarm_description/config
[0.097s] -- Up-to-date: /home/yuan/arm_ws/install/openarm_description/share/openarm_description/config/arm
[0.097s] -- Up-to-date: /home/yuan/arm_ws/install/openarm_description/share/openarm_description/config/arm/v10
[0.097s] -- Up-to-date: /home/yuan/arm_ws/install/openarm_description/share/openarm_description/config/arm/v10/inertials.yaml
[0.097s] -- Up-to-date: /home/yuan/arm_ws/install/openarm_description/share/openarm_description/config/arm/v10/joint_limits.yaml
[0.097s] -- Up-to-date: /home/yuan/arm_ws/install/openarm_description/share/openarm_description/config/arm/v10/kinematics_link.yaml
[0.097s] -- Up-to-date: /home/yuan/arm_ws/install/openarm_description/share/openarm_description/config/arm/v10/kinematics.yaml
[0.097s] -- Up-to-date: /home/yuan/arm_ws/install/openarm_description/share/openarm_description/config/arm/v10/kinematics_offset.yaml
[0.097s] -- Up-to-date: /home/yuan/arm_ws/install/openarm_description/share/openarm_description/config/hand
[0.097s] -- Up-to-date: /home/yuan/arm_ws/install/openarm_description/share/openarm_description/config/hand/openarm_hand
[0.097s] -- Up-to-date: /home/yuan/arm_ws/install/openarm_description/share/openarm_description/config/hand/openarm_hand/inertials.yaml
[0.097s] -- Up-to-date: /home/yuan/arm_ws/install/openarm_description/share/openarm_description/config/hand/openarm_hand/joint_limits.yaml
[0.097s] -- Up-to-date: /home/yuan/arm_ws/install/openarm_description/share/openarm_description/config/hand/openarm_hand/kinematics_link.yaml
[0.097s] -- Up-to-date: /home/yuan/arm_ws/install/openarm_description/share/openarm_description/config/hand/openarm_hand/kinematics.yaml
[0.097s] -- Up-to-date: /home/yuan/arm_ws/install/openarm_description/share/openarm_description/config/body
[0.098s] -- Up-to-date: /home/yuan/arm_ws/install/openarm_description/share/openarm_description/config/body/v10
[0.098s] -- Up-to-date: /home/yuan/arm_ws/install/openarm_description/share/openarm_description/config/body/v10/inertials.yaml
[0.098s] -- Up-to-date: /home/yuan/arm_ws/install/openarm_description/share/openarm_description/config/body/v10/kinematics_link.yaml
[0.098s] -- Up-to-date: /home/yuan/arm_ws/install/openarm_description/share/openarm_description/config/body/v10/kinematics.yaml
[0.098s] -- Up-to-date: /home/yuan/arm_ws/install/openarm_description/share/ament_index/resource_index/package_run_dependencies/openarm_description
[0.098s] -- Up-to-date: /home/yuan/arm_ws/install/openarm_description/share/ament_index/resource_index/parent_prefix_path/openarm_description
[0.099s] -- Up-to-date: /home/yuan/arm_ws/install/openarm_description/share/openarm_description/environment/ament_prefix_path.sh
[0.099s] -- Up-to-date: /home/yuan/arm_ws/install/openarm_description/share/openarm_description/environment/ament_prefix_path.dsv
[0.100s] -- Up-to-date: /home/yuan/arm_ws/install/openarm_description/share/openarm_description/environment/path.sh
[0.100s] -- Up-to-date: /home/yuan/arm_ws/install/openarm_description/share/openarm_description/environment/path.dsv
[0.100s] -- Up-to-date: /home/yuan/arm_ws/install/openarm_description/share/openarm_description/local_setup.bash
[0.100s] -- Up-to-date: /home/yuan/arm_ws/install/openarm_description/share/openarm_description/local_setup.sh
[0.101s] -- Up-to-date: /home/yuan/arm_ws/install/openarm_description/share/openarm_description/local_setup.zsh
[0.101s] -- Up-to-date: /home/yuan/arm_ws/install/openarm_description/share/openarm_description/local_setup.dsv
[0.101s] -- Installing: /home/yuan/arm_ws/install/openarm_description/share/openarm_description/package.dsv
[0.101s] -- Up-to-date: /home/yuan/arm_ws/install/openarm_description/share/ament_index/resource_index/packages/openarm_description
[0.101s] -- Up-to-date: /home/yuan/arm_ws/install/openarm_description/share/openarm_description/cmake/openarm_descriptionConfig.cmake
[0.101s] -- Up-to-date: /home/yuan/arm_ws/install/openarm_description/share/openarm_description/cmake/openarm_descriptionConfig-version.cmake
[0.102s] -- Up-to-date: /home/yuan/arm_ws/install/openarm_description/share/openarm_description/package.xml
[0.102s] Invoked command in '/home/yuan/arm_ws/build/openarm_description' returned '0': CMAKE_PREFIX_PATH=/opt/ros/humble /usr/bin/cmake --install /home/yuan/arm_ws/build/openarm_description
