[0.019s] Invoking command in '/home/yuan/arm_ws/build/openarm_bringup': CMAKE_PREFIX_PATH=${CMAKE_PREFIX_PATH}:/opt/ros/humble /usr/bin/cmake /home/yuan/arm_ws/src/openarm_ros2/openarm_bringup -DCMAKE_INSTALL_PREFIX=/home/yuan/arm_ws/install/openarm_bringup
[0.322s] -- The C compiler identification is GNU 11.4.0
[1.027s] -- The CXX compiler identification is GNU 11.4.0
[1.527s] -- Detecting C compiler ABI info
[1.822s] -- Detecting C compiler ABI info - done
[1.826s] -- Check for working C compiler: /usr/bin/cc - skipped
[1.826s] -- Detecting C compile features
[1.826s] -- Detecting C compile features - done
[1.828s] -- Detecting CXX compiler ABI info
[2.146s] -- Detecting CXX compiler ABI info - done
[2.151s] -- Check for working CXX compiler: /usr/bin/c++ - skipped
[2.151s] -- Detecting CXX compile features
[2.151s] -- Detecting CXX compile features - done
[2.153s] -- Found ament_cmake: 1.3.12 (/opt/ros/humble/share/ament_cmake/cmake)
[2.260s] -- Found Python3: /usr/bin/python3 (found version "3.10.12") found components: Interpreter 
[2.327s] -- Found ament_lint_auto: 0.12.14 (/opt/ros/humble/share/ament_lint_auto/cmake)
[2.399s] -- Added test 'flake8' to check Python code syntax and style conventions
[2.400s] -- Added test 'lint_cmake' to check CMake code style
[2.401s] -- Added test 'pep257' to check Python code against some of the docstring style conventions in PEP 257
[2.404s] -- Added test 'xmllint' to check XML markup files
[2.406s] -- Configuring done
[2.412s] -- Generating done
[2.414s] -- Build files have been written to: /home/yuan/arm_ws/build/openarm_bringup
[2.419s] Invoked command in '/home/yuan/arm_ws/build/openarm_bringup' returned '0': CMAKE_PREFIX_PATH=${CMAKE_PREFIX_PATH}:/opt/ros/humble /usr/bin/cmake /home/yuan/arm_ws/src/openarm_ros2/openarm_bringup -DCMAKE_INSTALL_PREFIX=/home/yuan/arm_ws/install/openarm_bringup
[2.421s] Invoking command in '/home/yuan/arm_ws/build/openarm_bringup': CMAKE_PREFIX_PATH=${CMAKE_PREFIX_PATH}:/opt/ros/humble /usr/bin/cmake --build /home/yuan/arm_ws/build/openarm_bringup -- -j24 -l24
[2.458s] Invoked command in '/home/yuan/arm_ws/build/openarm_bringup' returned '0': CMAKE_PREFIX_PATH=${CMAKE_PREFIX_PATH}:/opt/ros/humble /usr/bin/cmake --build /home/yuan/arm_ws/build/openarm_bringup -- -j24 -l24
[2.459s] Invoking command in '/home/yuan/arm_ws/build/openarm_bringup': CMAKE_PREFIX_PATH=${CMAKE_PREFIX_PATH}:/opt/ros/humble /usr/bin/cmake --install /home/yuan/arm_ws/build/openarm_bringup
[2.466s] -- Install configuration: ""
[2.466s] -- Installing: /home/yuan/arm_ws/install/openarm_bringup/share/openarm_bringup/launch
[2.468s] -- Installing: /home/yuan/arm_ws/install/openarm_bringup/share/openarm_bringup/launch/openarm.bimanual.launch.py
[2.468s] -- Installing: /home/yuan/arm_ws/install/openarm_bringup/share/openarm_bringup/launch/openarm.launch.py
[2.469s] -- Installing: /home/yuan/arm_ws/install/openarm_bringup/share/openarm_bringup/config
[2.469s] -- Installing: /home/yuan/arm_ws/install/openarm_bringup/share/openarm_bringup/config/v10_controllers
[2.470s] -- Installing: /home/yuan/arm_ws/install/openarm_bringup/share/openarm_bringup/config/v10_controllers/openarm_v10_controllers.yaml
[2.470s] -- Installing: /home/yuan/arm_ws/install/openarm_bringup/share/openarm_bringup/config/v10_controllers/openarm_v10_bimanual_controllers.yaml
[2.470s] -- Installing: /home/yuan/arm_ws/install/openarm_bringup/share/openarm_bringup/config/v10_controllers/openarm_v10_bimanual_controllers_namespaced.yaml
[2.472s] -- Installing: /home/yuan/arm_ws/install/openarm_bringup/share/ament_index/resource_index/package_run_dependencies/openarm_bringup
[2.474s] -- Installing: /home/yuan/arm_ws/install/openarm_bringup/share/ament_index/resource_index/parent_prefix_path/openarm_bringup
[2.475s] -- Installing: /home/yuan/arm_ws/install/openarm_bringup/share/openarm_bringup/environment/ament_prefix_path.sh
[2.475s] -- Installing: /home/yuan/arm_ws/install/openarm_bringup/share/openarm_bringup/environment/ament_prefix_path.dsv
[2.475s] -- Installing: /home/yuan/arm_ws/install/openarm_bringup/share/openarm_bringup/environment/path.sh
[2.476s] -- Installing: /home/yuan/arm_ws/install/openarm_bringup/share/openarm_bringup/environment/path.dsv
[2.476s] -- Installing: /home/yuan/arm_ws/install/openarm_bringup/share/openarm_bringup/local_setup.bash
[2.476s] -- Installing: /home/yuan/arm_ws/install/openarm_bringup/share/openarm_bringup/local_setup.sh
[2.476s] -- Installing: /home/yuan/arm_ws/install/openarm_bringup/share/openarm_bringup/local_setup.zsh
[2.477s] -- Installing: /home/yuan/arm_ws/install/openarm_bringup/share/openarm_bringup/local_setup.dsv
[2.477s] -- Installing: /home/yuan/arm_ws/install/openarm_bringup/share/openarm_bringup/package.dsv
[2.478s] -- Installing: /home/yuan/arm_ws/install/openarm_bringup/share/ament_index/resource_index/packages/openarm_bringup
[2.479s] -- Installing: /home/yuan/arm_ws/install/openarm_bringup/share/openarm_bringup/cmake/openarm_bringupConfig.cmake
[2.479s] -- Installing: /home/yuan/arm_ws/install/openarm_bringup/share/openarm_bringup/cmake/openarm_bringupConfig-version.cmake
[2.480s] -- Installing: /home/yuan/arm_ws/install/openarm_bringup/share/openarm_bringup/package.xml
[2.483s] Invoked command in '/home/yuan/arm_ws/build/openarm_bringup' returned '0': CMAKE_PREFIX_PATH=${CMAKE_PREFIX_PATH}:/opt/ros/humble /usr/bin/cmake --install /home/yuan/arm_ws/build/openarm_bringup
