[0.131s] Invoking command in '/home/yuan/arm_ws/build/openarm_bimanual_moveit_config': AMENT_PREFIX_PATH=/home/yuan/arm_ws/install/openarm_description:${AMENT_PREFIX_PATH} CMAKE_PREFIX_PATH=/home/yuan/arm_ws/install/openarm_description:/home/yuan/ros2_ws/install/vision_pkg:/home/yuan/ros2_ws/install/turtle_action:/home/yuan/ros2_ws/install/trajectory_interfaces:/home/yuan/ros2_ws/install/openarm:/home/yuan/ros2_ws/install/openarm_hardware:/home/yuan/ros2_ws/install/openarm_bimanual_moveit_config:/home/yuan/ros2_ws/install/openarm_description:/home/yuan/ros2_ws/install/openarm_bringup:/home/yuan/ros2_ws/install/contour_topic:/home/yuan/ros2_ws/install/turtle_practice:/home/yuan/ros2_ws/install/trajectory_server_pkg_py:/home/yuan/ros2_ws/install/trajectory_client_pkg_py:/home/yuan/ros2_ws/install/pubsubtst_pkg:/home/yuan/ros2_ws/install/learning_pkg:/opt/ros/humble /usr/bin/cmake /home/yuan/arm_ws/src/openarm_ros2/openarm_bimanual_moveit_config -DCMAKE_INSTALL_PREFIX=/home/yuan/arm_ws/install/openarm_bimanual_moveit_config
[0.440s] -- The C compiler identification is GNU 11.4.0
[1.256s] -- The CXX compiler identification is GNU 11.4.0
[1.758s] -- Detecting C compiler ABI info
[2.075s] -- Detecting C compiler ABI info - done
[2.079s] -- Check for working C compiler: /usr/bin/cc - skipped
[2.080s] -- Detecting C compile features
[2.080s] -- Detecting C compile features - done
[2.082s] -- Detecting CXX compiler ABI info
[2.411s] -- Detecting CXX compiler ABI info - done
[2.416s] -- Check for working CXX compiler: /usr/bin/c++ - skipped
[2.416s] -- Detecting CXX compile features
[2.416s] -- Detecting CXX compile features - done
[2.420s] -- Found ament_cmake: 1.3.12 (/opt/ros/humble/share/ament_cmake/cmake)
[2.549s] -- Found Python3: /usr/bin/python3 (found version "3.10.12") found components: Interpreter 
[2.697s] -- Configuring done
[2.703s] -- Generating done
[2.704s] -- Build files have been written to: /home/yuan/arm_ws/build/openarm_bimanual_moveit_config
[2.711s] Invoked command in '/home/yuan/arm_ws/build/openarm_bimanual_moveit_config' returned '0': AMENT_PREFIX_PATH=/home/yuan/arm_ws/install/openarm_description:${AMENT_PREFIX_PATH} CMAKE_PREFIX_PATH=/home/yuan/arm_ws/install/openarm_description:/home/yuan/ros2_ws/install/vision_pkg:/home/yuan/ros2_ws/install/turtle_action:/home/yuan/ros2_ws/install/trajectory_interfaces:/home/yuan/ros2_ws/install/openarm:/home/yuan/ros2_ws/install/openarm_hardware:/home/yuan/ros2_ws/install/openarm_bimanual_moveit_config:/home/yuan/ros2_ws/install/openarm_description:/home/yuan/ros2_ws/install/openarm_bringup:/home/yuan/ros2_ws/install/contour_topic:/home/yuan/ros2_ws/install/turtle_practice:/home/yuan/ros2_ws/install/trajectory_server_pkg_py:/home/yuan/ros2_ws/install/trajectory_client_pkg_py:/home/yuan/ros2_ws/install/pubsubtst_pkg:/home/yuan/ros2_ws/install/learning_pkg:/opt/ros/humble /usr/bin/cmake /home/yuan/arm_ws/src/openarm_ros2/openarm_bimanual_moveit_config -DCMAKE_INSTALL_PREFIX=/home/yuan/arm_ws/install/openarm_bimanual_moveit_config
[2.713s] Invoking command in '/home/yuan/arm_ws/build/openarm_bimanual_moveit_config': AMENT_PREFIX_PATH=/home/yuan/arm_ws/install/openarm_description:${AMENT_PREFIX_PATH} CMAKE_PREFIX_PATH=/home/yuan/arm_ws/install/openarm_description:/home/yuan/ros2_ws/install/vision_pkg:/home/yuan/ros2_ws/install/turtle_action:/home/yuan/ros2_ws/install/trajectory_interfaces:/home/yuan/ros2_ws/install/openarm:/home/yuan/ros2_ws/install/openarm_hardware:/home/yuan/ros2_ws/install/openarm_bimanual_moveit_config:/home/yuan/ros2_ws/install/openarm_description:/home/yuan/ros2_ws/install/openarm_bringup:/home/yuan/ros2_ws/install/contour_topic:/home/yuan/ros2_ws/install/turtle_practice:/home/yuan/ros2_ws/install/trajectory_server_pkg_py:/home/yuan/ros2_ws/install/trajectory_client_pkg_py:/home/yuan/ros2_ws/install/pubsubtst_pkg:/home/yuan/ros2_ws/install/learning_pkg:/opt/ros/humble /usr/bin/cmake --build /home/yuan/arm_ws/build/openarm_bimanual_moveit_config -- -j24 -l24
[2.753s] Invoked command in '/home/yuan/arm_ws/build/openarm_bimanual_moveit_config' returned '0': AMENT_PREFIX_PATH=/home/yuan/arm_ws/install/openarm_description:${AMENT_PREFIX_PATH} CMAKE_PREFIX_PATH=/home/yuan/arm_ws/install/openarm_description:/home/yuan/ros2_ws/install/vision_pkg:/home/yuan/ros2_ws/install/turtle_action:/home/yuan/ros2_ws/install/trajectory_interfaces:/home/yuan/ros2_ws/install/openarm:/home/yuan/ros2_ws/install/openarm_hardware:/home/yuan/ros2_ws/install/openarm_bimanual_moveit_config:/home/yuan/ros2_ws/install/openarm_description:/home/yuan/ros2_ws/install/openarm_bringup:/home/yuan/ros2_ws/install/contour_topic:/home/yuan/ros2_ws/install/turtle_practice:/home/yuan/ros2_ws/install/trajectory_server_pkg_py:/home/yuan/ros2_ws/install/trajectory_client_pkg_py:/home/yuan/ros2_ws/install/pubsubtst_pkg:/home/yuan/ros2_ws/install/learning_pkg:/opt/ros/humble /usr/bin/cmake --build /home/yuan/arm_ws/build/openarm_bimanual_moveit_config -- -j24 -l24
[2.755s] Invoking command in '/home/yuan/arm_ws/build/openarm_bimanual_moveit_config': AMENT_PREFIX_PATH=/home/yuan/arm_ws/install/openarm_description:${AMENT_PREFIX_PATH} CMAKE_PREFIX_PATH=/home/yuan/arm_ws/install/openarm_description:/home/yuan/ros2_ws/install/vision_pkg:/home/yuan/ros2_ws/install/turtle_action:/home/yuan/ros2_ws/install/trajectory_interfaces:/home/yuan/ros2_ws/install/openarm:/home/yuan/ros2_ws/install/openarm_hardware:/home/yuan/ros2_ws/install/openarm_bimanual_moveit_config:/home/yuan/ros2_ws/install/openarm_description:/home/yuan/ros2_ws/install/openarm_bringup:/home/yuan/ros2_ws/install/contour_topic:/home/yuan/ros2_ws/install/turtle_practice:/home/yuan/ros2_ws/install/trajectory_server_pkg_py:/home/yuan/ros2_ws/install/trajectory_client_pkg_py:/home/yuan/ros2_ws/install/pubsubtst_pkg:/home/yuan/ros2_ws/install/learning_pkg:/opt/ros/humble /usr/bin/cmake --install /home/yuan/arm_ws/build/openarm_bimanual_moveit_config
[2.761s] -- Install configuration: ""
[2.763s] -- Installing: /home/yuan/arm_ws/install/openarm_bimanual_moveit_config/share/ament_index/resource_index/package_run_dependencies/openarm_bimanual_moveit_config
[2.764s] -- Installing: /home/yuan/arm_ws/install/openarm_bimanual_moveit_config/share/ament_index/resource_index/parent_prefix_path/openarm_bimanual_moveit_config
[2.764s] -- Installing: /home/yuan/arm_ws/install/openarm_bimanual_moveit_config/share/openarm_bimanual_moveit_config/environment/ament_prefix_path.sh
[2.765s] -- Installing: /home/yuan/arm_ws/install/openarm_bimanual_moveit_config/share/openarm_bimanual_moveit_config/environment/ament_prefix_path.dsv
[2.765s] -- Installing: /home/yuan/arm_ws/install/openarm_bimanual_moveit_config/share/openarm_bimanual_moveit_config/environment/path.sh
[2.765s] -- Installing: /home/yuan/arm_ws/install/openarm_bimanual_moveit_config/share/openarm_bimanual_moveit_config/environment/path.dsv
[2.765s] -- Installing: /home/yuan/arm_ws/install/openarm_bimanual_moveit_config/share/openarm_bimanual_moveit_config/local_setup.bash
[2.766s] -- Installing: /home/yuan/arm_ws/install/openarm_bimanual_moveit_config/share/openarm_bimanual_moveit_config/local_setup.sh
[2.766s] -- Installing: /home/yuan/arm_ws/install/openarm_bimanual_moveit_config/share/openarm_bimanual_moveit_config/local_setup.zsh
[2.766s] -- Installing: /home/yuan/arm_ws/install/openarm_bimanual_moveit_config/share/openarm_bimanual_moveit_config/local_setup.dsv
[2.766s] -- Installing: /home/yuan/arm_ws/install/openarm_bimanual_moveit_config/share/openarm_bimanual_moveit_config/package.dsv
[2.767s] -- Installing: /home/yuan/arm_ws/install/openarm_bimanual_moveit_config/share/ament_index/resource_index/packages/openarm_bimanual_moveit_config
[2.767s] -- Installing: /home/yuan/arm_ws/install/openarm_bimanual_moveit_config/share/openarm_bimanual_moveit_config/cmake/openarm_bimanual_moveit_configConfig.cmake
[2.768s] -- Installing: /home/yuan/arm_ws/install/openarm_bimanual_moveit_config/share/openarm_bimanual_moveit_config/cmake/openarm_bimanual_moveit_configConfig-version.cmake
[2.768s] -- Installing: /home/yuan/arm_ws/install/openarm_bimanual_moveit_config/share/openarm_bimanual_moveit_config/package.xml
[2.768s] -- Installing: /home/yuan/arm_ws/install/openarm_bimanual_moveit_config/share/openarm_bimanual_moveit_config/launch
[2.768s] -- Installing: /home/yuan/arm_ws/install/openarm_bimanual_moveit_config/share/openarm_bimanual_moveit_config/launch/setup_assistant.launch.py
[2.768s] -- Installing: /home/yuan/arm_ws/install/openarm_bimanual_moveit_config/share/openarm_bimanual_moveit_config/launch/demo.launch.py
[2.769s] -- Installing: /home/yuan/arm_ws/install/openarm_bimanual_moveit_config/share/openarm_bimanual_moveit_config/launch/spawn_controllers.launch.py
[2.769s] -- Installing: /home/yuan/arm_ws/install/openarm_bimanual_moveit_config/share/openarm_bimanual_moveit_config/launch/moveit_rviz.launch.py
[2.769s] -- Installing: /home/yuan/arm_ws/install/openarm_bimanual_moveit_config/share/openarm_bimanual_moveit_config/launch/move_group.launch.py
[2.769s] -- Installing: /home/yuan/arm_ws/install/openarm_bimanual_moveit_config/share/openarm_bimanual_moveit_config/launch/static_virtual_joint_tfs.launch.py
[2.770s] -- Installing: /home/yuan/arm_ws/install/openarm_bimanual_moveit_config/share/openarm_bimanual_moveit_config/config
[2.770s] -- Installing: /home/yuan/arm_ws/install/openarm_bimanual_moveit_config/share/openarm_bimanual_moveit_config/config/moveit_controllers.yaml
[2.770s] -- Installing: /home/yuan/arm_ws/install/openarm_bimanual_moveit_config/share/openarm_bimanual_moveit_config/config/ros2_controllers.yaml
[2.770s] -- Installing: /home/yuan/arm_ws/install/openarm_bimanual_moveit_config/share/openarm_bimanual_moveit_config/config/joint_limits.yaml
[2.770s] -- Installing: /home/yuan/arm_ws/install/openarm_bimanual_moveit_config/share/openarm_bimanual_moveit_config/config/kinematics.yaml
[2.771s] -- Installing: /home/yuan/arm_ws/install/openarm_bimanual_moveit_config/share/openarm_bimanual_moveit_config/config/moveit.rviz
[2.771s] -- Installing: /home/yuan/arm_ws/install/openarm_bimanual_moveit_config/share/openarm_bimanual_moveit_config/config/sensors_3d.yaml
[2.771s] -- Installing: /home/yuan/arm_ws/install/openarm_bimanual_moveit_config/share/openarm_bimanual_moveit_config/config/openarm_bimanual.srdf
[2.771s] -- Installing: /home/yuan/arm_ws/install/openarm_bimanual_moveit_config/share/openarm_bimanual_moveit_config/config/pilz_cartesian_limits.yaml
[2.771s] -- Installing: /home/yuan/arm_ws/install/openarm_bimanual_moveit_config/share/openarm_bimanual_moveit_config/config/initial_positions.yaml
[2.772s] -- Installing: /home/yuan/arm_ws/install/openarm_bimanual_moveit_config/share/openarm_bimanual_moveit_config/config/openarm_bimanual.urdf.xacro
[2.772s] -- Installing: /home/yuan/arm_ws/install/openarm_bimanual_moveit_config/share/openarm_bimanual_moveit_config/.setup_assistant
[2.774s] Invoked command in '/home/yuan/arm_ws/build/openarm_bimanual_moveit_config' returned '0': AMENT_PREFIX_PATH=/home/yuan/arm_ws/install/openarm_description:${AMENT_PREFIX_PATH} CMAKE_PREFIX_PATH=/home/yuan/arm_ws/install/openarm_description:/home/yuan/ros2_ws/install/vision_pkg:/home/yuan/ros2_ws/install/turtle_action:/home/yuan/ros2_ws/install/trajectory_interfaces:/home/yuan/ros2_ws/install/openarm:/home/yuan/ros2_ws/install/openarm_hardware:/home/yuan/ros2_ws/install/openarm_bimanual_moveit_config:/home/yuan/ros2_ws/install/openarm_description:/home/yuan/ros2_ws/install/openarm_bringup:/home/yuan/ros2_ws/install/contour_topic:/home/yuan/ros2_ws/install/turtle_practice:/home/yuan/ros2_ws/install/trajectory_server_pkg_py:/home/yuan/ros2_ws/install/trajectory_client_pkg_py:/home/yuan/ros2_ws/install/pubsubtst_pkg:/home/yuan/ros2_ws/install/learning_pkg:/opt/ros/humble /usr/bin/cmake --install /home/yuan/arm_ws/build/openarm_bimanual_moveit_config
