[0.496s] Invoking command in '/home/yuan/arm_ws/build/openarm': AMENT_PREFIX_PATH=/home/yuan/arm_ws/install/openarm_hardware:/home/yuan/arm_ws/install/openarm_description:/home/yuan/arm_ws/install/openarm_bringup:${AMENT_PREFIX_PATH} CMAKE_PREFIX_PATH=/home/yuan/arm_ws/install/openarm_hardware:/home/yuan/arm_ws/install/openarm_description:/home/yuan/arm_ws/install/openarm_bringup:/home/yuan/ros2_ws/install/vision_pkg:/home/yuan/ros2_ws/install/turtle_action:/home/yuan/ros2_ws/install/trajectory_interfaces:/home/yuan/ros2_ws/install/openarm:/home/yuan/ros2_ws/install/openarm_hardware:/home/yuan/ros2_ws/install/openarm_bimanual_moveit_config:/home/yuan/ros2_ws/install/openarm_description:/home/yuan/ros2_ws/install/openarm_bringup:/home/yuan/ros2_ws/install/contour_topic:/home/yuan/ros2_ws/install/turtle_practice:/home/yuan/ros2_ws/install/trajectory_server_pkg_py:/home/yuan/ros2_ws/install/trajectory_client_pkg_py:/home/yuan/ros2_ws/install/pubsubtst_pkg:/home/yuan/ros2_ws/install/learning_pkg:/opt/ros/humble LD_LIBRARY_PATH=/home/yuan/arm_ws/install/openarm_hardware/lib:/home/yuan/ros2_ws/install/turtle_action/lib:/home/yuan/ros2_ws/install/trajectory_interfaces/lib:/home/yuan/ros2_ws/install/openarm_hardware/lib:/usr/local/cuda-12.6/lib64:/opt/ros/humble/opt/rviz_ogre_vendor/lib:/opt/ros/humble/lib/x86_64-linux-gnu:/opt/ros/humble/lib:/usr/local/cuda-12.6/lib64 /usr/bin/cmake /home/yuan/arm_ws/src/openarm_ros2/openarm -DCMAKE_INSTALL_PREFIX=/home/yuan/arm_ws/install/openarm
[0.788s] -- The C compiler identification is GNU 11.4.0
[1.545s] -- The CXX compiler identification is GNU 11.4.0
[2.052s] -- Detecting C compiler ABI info
[2.360s] -- Detecting C compiler ABI info - done
[2.365s] -- Check for working C compiler: /usr/bin/cc - skipped
[2.365s] -- Detecting C compile features
[2.365s] -- Detecting C compile features - done
[2.368s] -- Detecting CXX compiler ABI info
[2.662s] -- Detecting CXX compiler ABI info - done
[2.667s] -- Check for working CXX compiler: /usr/bin/c++ - skipped
[2.667s] -- Detecting CXX compile features
[2.668s] -- Detecting CXX compile features - done
[2.672s] -- Found ament_cmake: 1.3.12 (/opt/ros/humble/share/ament_cmake/cmake)
[2.797s] -- Found Python3: /usr/bin/python3 (found version "3.10.12") found components: Interpreter 
[2.939s] -- Configuring done
[2.945s] -- Generating done
[2.947s] -- Build files have been written to: /home/yuan/arm_ws/build/openarm
[2.952s] Invoked command in '/home/yuan/arm_ws/build/openarm' returned '0': AMENT_PREFIX_PATH=/home/yuan/arm_ws/install/openarm_hardware:/home/yuan/arm_ws/install/openarm_description:/home/yuan/arm_ws/install/openarm_bringup:${AMENT_PREFIX_PATH} CMAKE_PREFIX_PATH=/home/yuan/arm_ws/install/openarm_hardware:/home/yuan/arm_ws/install/openarm_description:/home/yuan/arm_ws/install/openarm_bringup:/home/yuan/ros2_ws/install/vision_pkg:/home/yuan/ros2_ws/install/turtle_action:/home/yuan/ros2_ws/install/trajectory_interfaces:/home/yuan/ros2_ws/install/openarm:/home/yuan/ros2_ws/install/openarm_hardware:/home/yuan/ros2_ws/install/openarm_bimanual_moveit_config:/home/yuan/ros2_ws/install/openarm_description:/home/yuan/ros2_ws/install/openarm_bringup:/home/yuan/ros2_ws/install/contour_topic:/home/yuan/ros2_ws/install/turtle_practice:/home/yuan/ros2_ws/install/trajectory_server_pkg_py:/home/yuan/ros2_ws/install/trajectory_client_pkg_py:/home/yuan/ros2_ws/install/pubsubtst_pkg:/home/yuan/ros2_ws/install/learning_pkg:/opt/ros/humble LD_LIBRARY_PATH=/home/yuan/arm_ws/install/openarm_hardware/lib:/home/yuan/ros2_ws/install/turtle_action/lib:/home/yuan/ros2_ws/install/trajectory_interfaces/lib:/home/yuan/ros2_ws/install/openarm_hardware/lib:/usr/local/cuda-12.6/lib64:/opt/ros/humble/opt/rviz_ogre_vendor/lib:/opt/ros/humble/lib/x86_64-linux-gnu:/opt/ros/humble/lib:/usr/local/cuda-12.6/lib64 /usr/bin/cmake /home/yuan/arm_ws/src/openarm_ros2/openarm -DCMAKE_INSTALL_PREFIX=/home/yuan/arm_ws/install/openarm
[2.953s] Invoking command in '/home/yuan/arm_ws/build/openarm': AMENT_PREFIX_PATH=/home/yuan/arm_ws/install/openarm_hardware:/home/yuan/arm_ws/install/openarm_description:/home/yuan/arm_ws/install/openarm_bringup:${AMENT_PREFIX_PATH} CMAKE_PREFIX_PATH=/home/yuan/arm_ws/install/openarm_hardware:/home/yuan/arm_ws/install/openarm_description:/home/yuan/arm_ws/install/openarm_bringup:/home/yuan/ros2_ws/install/vision_pkg:/home/yuan/ros2_ws/install/turtle_action:/home/yuan/ros2_ws/install/trajectory_interfaces:/home/yuan/ros2_ws/install/openarm:/home/yuan/ros2_ws/install/openarm_hardware:/home/yuan/ros2_ws/install/openarm_bimanual_moveit_config:/home/yuan/ros2_ws/install/openarm_description:/home/yuan/ros2_ws/install/openarm_bringup:/home/yuan/ros2_ws/install/contour_topic:/home/yuan/ros2_ws/install/turtle_practice:/home/yuan/ros2_ws/install/trajectory_server_pkg_py:/home/yuan/ros2_ws/install/trajectory_client_pkg_py:/home/yuan/ros2_ws/install/pubsubtst_pkg:/home/yuan/ros2_ws/install/learning_pkg:/opt/ros/humble LD_LIBRARY_PATH=/home/yuan/arm_ws/install/openarm_hardware/lib:/home/yuan/ros2_ws/install/turtle_action/lib:/home/yuan/ros2_ws/install/trajectory_interfaces/lib:/home/yuan/ros2_ws/install/openarm_hardware/lib:/usr/local/cuda-12.6/lib64:/opt/ros/humble/opt/rviz_ogre_vendor/lib:/opt/ros/humble/lib/x86_64-linux-gnu:/opt/ros/humble/lib:/usr/local/cuda-12.6/lib64 /usr/bin/cmake --build /home/yuan/arm_ws/build/openarm -- -j24 -l24
[2.989s] Invoked command in '/home/yuan/arm_ws/build/openarm' returned '0': AMENT_PREFIX_PATH=/home/yuan/arm_ws/install/openarm_hardware:/home/yuan/arm_ws/install/openarm_description:/home/yuan/arm_ws/install/openarm_bringup:${AMENT_PREFIX_PATH} CMAKE_PREFIX_PATH=/home/yuan/arm_ws/install/openarm_hardware:/home/yuan/arm_ws/install/openarm_description:/home/yuan/arm_ws/install/openarm_bringup:/home/yuan/ros2_ws/install/vision_pkg:/home/yuan/ros2_ws/install/turtle_action:/home/yuan/ros2_ws/install/trajectory_interfaces:/home/yuan/ros2_ws/install/openarm:/home/yuan/ros2_ws/install/openarm_hardware:/home/yuan/ros2_ws/install/openarm_bimanual_moveit_config:/home/yuan/ros2_ws/install/openarm_description:/home/yuan/ros2_ws/install/openarm_bringup:/home/yuan/ros2_ws/install/contour_topic:/home/yuan/ros2_ws/install/turtle_practice:/home/yuan/ros2_ws/install/trajectory_server_pkg_py:/home/yuan/ros2_ws/install/trajectory_client_pkg_py:/home/yuan/ros2_ws/install/pubsubtst_pkg:/home/yuan/ros2_ws/install/learning_pkg:/opt/ros/humble LD_LIBRARY_PATH=/home/yuan/arm_ws/install/openarm_hardware/lib:/home/yuan/ros2_ws/install/turtle_action/lib:/home/yuan/ros2_ws/install/trajectory_interfaces/lib:/home/yuan/ros2_ws/install/openarm_hardware/lib:/usr/local/cuda-12.6/lib64:/opt/ros/humble/opt/rviz_ogre_vendor/lib:/opt/ros/humble/lib/x86_64-linux-gnu:/opt/ros/humble/lib:/usr/local/cuda-12.6/lib64 /usr/bin/cmake --build /home/yuan/arm_ws/build/openarm -- -j24 -l24
[2.991s] Invoking command in '/home/yuan/arm_ws/build/openarm': AMENT_PREFIX_PATH=/home/yuan/arm_ws/install/openarm_hardware:/home/yuan/arm_ws/install/openarm_description:/home/yuan/arm_ws/install/openarm_bringup:${AMENT_PREFIX_PATH} CMAKE_PREFIX_PATH=/home/yuan/arm_ws/install/openarm_hardware:/home/yuan/arm_ws/install/openarm_description:/home/yuan/arm_ws/install/openarm_bringup:/home/yuan/ros2_ws/install/vision_pkg:/home/yuan/ros2_ws/install/turtle_action:/home/yuan/ros2_ws/install/trajectory_interfaces:/home/yuan/ros2_ws/install/openarm:/home/yuan/ros2_ws/install/openarm_hardware:/home/yuan/ros2_ws/install/openarm_bimanual_moveit_config:/home/yuan/ros2_ws/install/openarm_description:/home/yuan/ros2_ws/install/openarm_bringup:/home/yuan/ros2_ws/install/contour_topic:/home/yuan/ros2_ws/install/turtle_practice:/home/yuan/ros2_ws/install/trajectory_server_pkg_py:/home/yuan/ros2_ws/install/trajectory_client_pkg_py:/home/yuan/ros2_ws/install/pubsubtst_pkg:/home/yuan/ros2_ws/install/learning_pkg:/opt/ros/humble LD_LIBRARY_PATH=/home/yuan/arm_ws/install/openarm_hardware/lib:/home/yuan/ros2_ws/install/turtle_action/lib:/home/yuan/ros2_ws/install/trajectory_interfaces/lib:/home/yuan/ros2_ws/install/openarm_hardware/lib:/usr/local/cuda-12.6/lib64:/opt/ros/humble/opt/rviz_ogre_vendor/lib:/opt/ros/humble/lib/x86_64-linux-gnu:/opt/ros/humble/lib:/usr/local/cuda-12.6/lib64 /usr/bin/cmake --install /home/yuan/arm_ws/build/openarm
[2.998s] -- Install configuration: ""
[3.000s] -- Installing: /home/yuan/arm_ws/install/openarm/share/ament_index/resource_index/package_run_dependencies/openarm
[3.000s] -- Installing: /home/yuan/arm_ws/install/openarm/share/ament_index/resource_index/parent_prefix_path/openarm
[3.001s] -- Installing: /home/yuan/arm_ws/install/openarm/share/openarm/environment/ament_prefix_path.sh
[3.001s] -- Installing: /home/yuan/arm_ws/install/openarm/share/openarm/environment/ament_prefix_path.dsv
[3.001s] -- Installing: /home/yuan/arm_ws/install/openarm/share/openarm/environment/path.sh
[3.002s] -- Installing: /home/yuan/arm_ws/install/openarm/share/openarm/environment/path.dsv
[3.002s] -- Installing: /home/yuan/arm_ws/install/openarm/share/openarm/local_setup.bash
[3.002s] -- Installing: /home/yuan/arm_ws/install/openarm/share/openarm/local_setup.sh
[3.003s] -- Installing: /home/yuan/arm_ws/install/openarm/share/openarm/local_setup.zsh
[3.003s] -- Installing: /home/yuan/arm_ws/install/openarm/share/openarm/local_setup.dsv
[3.003s] -- Installing: /home/yuan/arm_ws/install/openarm/share/openarm/package.dsv
[3.003s] -- Installing: /home/yuan/arm_ws/install/openarm/share/ament_index/resource_index/packages/openarm
[3.004s] -- Installing: /home/yuan/arm_ws/install/openarm/share/openarm/cmake/openarmConfig.cmake
[3.004s] -- Installing: /home/yuan/arm_ws/install/openarm/share/openarm/cmake/openarmConfig-version.cmake
[3.004s] -- Installing: /home/yuan/arm_ws/install/openarm/share/openarm/package.xml
[3.007s] Invoked command in '/home/yuan/arm_ws/build/openarm' returned '0': AMENT_PREFIX_PATH=/home/yuan/arm_ws/install/openarm_hardware:/home/yuan/arm_ws/install/openarm_description:/home/yuan/arm_ws/install/openarm_bringup:${AMENT_PREFIX_PATH} CMAKE_PREFIX_PATH=/home/yuan/arm_ws/install/openarm_hardware:/home/yuan/arm_ws/install/openarm_description:/home/yuan/arm_ws/install/openarm_bringup:/home/yuan/ros2_ws/install/vision_pkg:/home/yuan/ros2_ws/install/turtle_action:/home/yuan/ros2_ws/install/trajectory_interfaces:/home/yuan/ros2_ws/install/openarm:/home/yuan/ros2_ws/install/openarm_hardware:/home/yuan/ros2_ws/install/openarm_bimanual_moveit_config:/home/yuan/ros2_ws/install/openarm_description:/home/yuan/ros2_ws/install/openarm_bringup:/home/yuan/ros2_ws/install/contour_topic:/home/yuan/ros2_ws/install/turtle_practice:/home/yuan/ros2_ws/install/trajectory_server_pkg_py:/home/yuan/ros2_ws/install/trajectory_client_pkg_py:/home/yuan/ros2_ws/install/pubsubtst_pkg:/home/yuan/ros2_ws/install/learning_pkg:/opt/ros/humble LD_LIBRARY_PATH=/home/yuan/arm_ws/install/openarm_hardware/lib:/home/yuan/ros2_ws/install/turtle_action/lib:/home/yuan/ros2_ws/install/trajectory_interfaces/lib:/home/yuan/ros2_ws/install/openarm_hardware/lib:/usr/local/cuda-12.6/lib64:/opt/ros/humble/opt/rviz_ogre_vendor/lib:/opt/ros/humble/lib/x86_64-linux-gnu:/opt/ros/humble/lib:/usr/local/cuda-12.6/lib64 /usr/bin/cmake --install /home/yuan/arm_ws/build/openarm
