[0.020s] Invoking command in '/home/yuan/arm_ws/build/openarm_hardware': CMAKE_PREFIX_PATH=${CMAKE_PREFIX_PATH}:/opt/ros/humble /usr/bin/cmake /home/yuan/arm_ws/src/openarm_ros2/openarm_hardware -DCMAKE_INSTALL_PREFIX=/home/yuan/arm_ws/install/openarm_hardware
[0.318s] -- The C compiler identification is GNU 11.4.0
[0.954s] -- The CXX compiler identification is GNU 11.4.0
[1.472s] -- Detecting C compiler ABI info
[1.761s] -- Detecting C compiler ABI info - done
[1.765s] -- Check for working C compiler: /usr/bin/cc - skipped
[1.766s] -- Detecting C compile features
[1.766s] -- Detecting C compile features - done
[1.769s] -- Detecting CXX compiler ABI info
[2.089s] -- Detecting CXX compiler ABI info - done
[2.093s] -- Check for working CXX compiler: /usr/bin/c++ - skipped
[2.094s] -- Detecting CXX compile features
[2.094s] -- Detecting CXX compile features - done
[2.103s] -- Found ament_cmake: 1.3.12 (/opt/ros/humble/share/ament_cmake/cmake)
[2.220s] -- Found Python3: /usr/bin/python3 (found version "3.10.12") found components: Interpreter 
[2.316s] -- Found hardware_interface: 2.52.2 (/opt/ros/humble/share/hardware_interface/cmake)
[2.675s] -- Found rosidl_generator_c: 3.1.7 (/opt/ros/humble/share/rosidl_generator_c/cmake)
[2.680s] -- Found rosidl_adapter: 3.1.7 (/opt/ros/humble/share/rosidl_adapter/cmake)
[2.693s] -- Found rosidl_generator_cpp: 3.1.7 (/opt/ros/humble/share/rosidl_generator_cpp/cmake)
[2.713s] -- Using all available rosidl_typesupport_c: rosidl_typesupport_fastrtps_c;rosidl_typesupport_introspection_c
[2.734s] -- Using all available rosidl_typesupport_cpp: rosidl_typesupport_fastrtps_cpp;rosidl_typesupport_introspection_cpp
[5.710s] -- Found rmw_implementation_cmake: 6.1.2 (/opt/ros/humble/share/rmw_implementation_cmake/cmake)
[5.715s] -- Found rmw_fastrtps_cpp: 6.2.9 (/opt/ros/humble/share/rmw_fastrtps_cpp/cmake)
[5.750s] -- Found TinyXML2 via Config file: TinyXML2_DIR-NOTFOUND
[5.812s] -- Found OpenSSL: /usr/lib/x86_64-linux-gnu/libcrypto.so (found version "3.0.2")  
[5.816s] -- Found TinyXML2 via Config file: TinyXML2_DIR-NOTFOUND
[6.156s] -- Found FastRTPS: /opt/ros/humble/include  
[6.159s] -- Found TinyXML2 via Config file: TinyXML2_DIR-NOTFOUND
[6.165s] -- Found TinyXML2 via Config file: TinyXML2_DIR-NOTFOUND
[6.340s] -- Using RMW implementation 'rmw_fastrtps_cpp' as default
[6.353s] -- Looking for pthread.h
[6.685s] -- Looking for pthread.h - found
[6.685s] -- Performing Test CMAKE_HAVE_LIBC_PTHREAD
[6.976s] -- Performing Test CMAKE_HAVE_LIBC_PTHREAD - Success
[6.976s] -- Found Threads: TRUE  
[7.088s] -- Configuring done
[7.106s] -- Generating done
[7.109s] -- Build files have been written to: /home/yuan/arm_ws/build/openarm_hardware
[7.120s] Invoked command in '/home/yuan/arm_ws/build/openarm_hardware' returned '0': CMAKE_PREFIX_PATH=${CMAKE_PREFIX_PATH}:/opt/ros/humble /usr/bin/cmake /home/yuan/arm_ws/src/openarm_ros2/openarm_hardware -DCMAKE_INSTALL_PREFIX=/home/yuan/arm_ws/install/openarm_hardware
[7.122s] Invoking command in '/home/yuan/arm_ws/build/openarm_hardware': CMAKE_PREFIX_PATH=${CMAKE_PREFIX_PATH}:/opt/ros/humble /usr/bin/cmake --build /home/yuan/arm_ws/build/openarm_hardware -- -j24 -l24
[7.170s] [ 50%] [32mBuilding CXX object CMakeFiles/openarm_hardware.dir/src/v10_simple_hardware.cpp.o[0m
[10.431s] [100%] [32m[1mLinking CXX shared library libopenarm_hardware.so[0m
[10.910s] [100%] Built target openarm_hardware
[10.923s] Invoked command in '/home/yuan/arm_ws/build/openarm_hardware' returned '0': CMAKE_PREFIX_PATH=${CMAKE_PREFIX_PATH}:/opt/ros/humble /usr/bin/cmake --build /home/yuan/arm_ws/build/openarm_hardware -- -j24 -l24
[10.926s] Invoking command in '/home/yuan/arm_ws/build/openarm_hardware': CMAKE_PREFIX_PATH=${CMAKE_PREFIX_PATH}:/opt/ros/humble /usr/bin/cmake --install /home/yuan/arm_ws/build/openarm_hardware
[10.932s] -- Install configuration: ""
[10.933s] -- Installing: /home/yuan/arm_ws/install/openarm_hardware/share/openarm_hardware/openarm_hardware.xml
[10.934s] -- Installing: /home/yuan/arm_ws/install/openarm_hardware/lib/libopenarm_hardware.so
[10.936s] -- Set runtime path of "/home/yuan/arm_ws/install/openarm_hardware/lib/libopenarm_hardware.so" to ""
[10.936s] -- Installing: /home/yuan/arm_ws/install/openarm_hardware/include
[10.936s] -- Installing: /home/yuan/arm_ws/install/openarm_hardware/include/openarm_hardware
[10.936s] -- Installing: /home/yuan/arm_ws/install/openarm_hardware/include/openarm_hardware/v10_simple_hardware.hpp
[10.937s] -- Installing: /home/yuan/arm_ws/install/openarm_hardware/include/openarm_hardware/visibility_control.h
[10.937s] -- Installing: /home/yuan/arm_ws/install/openarm_hardware/share/openarm_hardware/environment/library_path.sh
[10.937s] -- Installing: /home/yuan/arm_ws/install/openarm_hardware/share/openarm_hardware/environment/library_path.dsv
[10.938s] -- Installing: /home/yuan/arm_ws/install/openarm_hardware/share/ament_index/resource_index/package_run_dependencies/openarm_hardware
[10.939s] -- Installing: /home/yuan/arm_ws/install/openarm_hardware/share/ament_index/resource_index/parent_prefix_path/openarm_hardware
[10.939s] -- Installing: /home/yuan/arm_ws/install/openarm_hardware/share/openarm_hardware/environment/ament_prefix_path.sh
[10.939s] -- Installing: /home/yuan/arm_ws/install/openarm_hardware/share/openarm_hardware/environment/ament_prefix_path.dsv
[10.940s] -- Installing: /home/yuan/arm_ws/install/openarm_hardware/share/openarm_hardware/environment/path.sh
[10.940s] -- Installing: /home/yuan/arm_ws/install/openarm_hardware/share/openarm_hardware/environment/path.dsv
[10.940s] -- Installing: /home/yuan/arm_ws/install/openarm_hardware/share/openarm_hardware/local_setup.bash
[10.940s] -- Installing: /home/yuan/arm_ws/install/openarm_hardware/share/openarm_hardware/local_setup.sh
[10.941s] -- Installing: /home/yuan/arm_ws/install/openarm_hardware/share/openarm_hardware/local_setup.zsh
[10.941s] -- Installing: /home/yuan/arm_ws/install/openarm_hardware/share/openarm_hardware/local_setup.dsv
[10.941s] -- Installing: /home/yuan/arm_ws/install/openarm_hardware/share/openarm_hardware/package.dsv
[10.942s] -- Installing: /home/yuan/arm_ws/install/openarm_hardware/share/ament_index/resource_index/packages/openarm_hardware
[10.942s] -- Installing: /home/yuan/arm_ws/install/openarm_hardware/share/ament_index/resource_index/hardware_interface__pluginlib__plugin/openarm_hardware
[10.943s] -- Installing: /home/yuan/arm_ws/install/openarm_hardware/share/openarm_hardware/cmake/ament_cmake_export_include_directories-extras.cmake
[10.943s] -- Installing: /home/yuan/arm_ws/install/openarm_hardware/share/openarm_hardware/cmake/ament_cmake_export_libraries-extras.cmake
[10.943s] -- Installing: /home/yuan/arm_ws/install/openarm_hardware/share/openarm_hardware/cmake/ament_cmake_export_dependencies-extras.cmake
[10.944s] -- Installing: /home/yuan/arm_ws/install/openarm_hardware/share/openarm_hardware/cmake/openarm_hardwareConfig.cmake
[10.944s] -- Installing: /home/yuan/arm_ws/install/openarm_hardware/share/openarm_hardware/cmake/openarm_hardwareConfig-version.cmake
[10.944s] -- Installing: /home/yuan/arm_ws/install/openarm_hardware/share/openarm_hardware/package.xml
[10.947s] Invoked command in '/home/yuan/arm_ws/build/openarm_hardware' returned '0': CMAKE_PREFIX_PATH=${CMAKE_PREFIX_PATH}:/opt/ros/humble /usr/bin/cmake --install /home/yuan/arm_ws/build/openarm_hardware
