[0.129s] Invoking command in '/home/yuan/arm_ws/build/openarm_bimanual_moveit_config': CMAKE_PREFIX_PATH=${CMAKE_PREFIX_PATH}:/opt/ros/humble /usr/bin/cmake /home/yuan/arm_ws/src/openarm_ros2/openarm_bimanual_moveit_config -DCMAKE_INSTALL_PREFIX=/home/yuan/arm_ws/install/openarm_bimanual_moveit_config
[0.414s] -- The C compiler identification is GNU 11.4.0
[1.083s] -- The CXX compiler identification is GNU 11.4.0
[1.582s] -- Detecting C compiler ABI info
[1.900s] -- Detecting C compiler ABI info - done
[1.904s] -- Check for working C compiler: /usr/bin/cc - skipped
[1.904s] -- Detecting C compile features
[1.904s] -- Detecting C compile features - done
[1.906s] -- Detecting CXX compiler ABI info
[2.224s] -- Detecting CXX compiler ABI info - done
[2.229s] -- Check for working CXX compiler: /usr/bin/c++ - skipped
[2.229s] -- Detecting CXX compile features
[2.230s] -- Detecting CXX compile features - done
[2.232s] -- Found ament_cmake: 1.3.12 (/opt/ros/humble/share/ament_cmake/cmake)
[2.341s] -- Found Python3: /usr/bin/python3 (found version "3.10.12") found components: Interpreter 
[2.468s] -- Configuring done
[2.478s] -- Generating done
[2.481s] -- Build files have been written to: /home/yuan/arm_ws/build/openarm_bimanual_moveit_config
[2.488s] Invoked command in '/home/yuan/arm_ws/build/openarm_bimanual_moveit_config' returned '0': CMAKE_PREFIX_PATH=${CMAKE_PREFIX_PATH}:/opt/ros/humble /usr/bin/cmake /home/yuan/arm_ws/src/openarm_ros2/openarm_bimanual_moveit_config -DCMAKE_INSTALL_PREFIX=/home/yuan/arm_ws/install/openarm_bimanual_moveit_config
[2.490s] Invoking command in '/home/yuan/arm_ws/build/openarm_bimanual_moveit_config': CMAKE_PREFIX_PATH=${CMAKE_PREFIX_PATH}:/opt/ros/humble /usr/bin/cmake --build /home/yuan/arm_ws/build/openarm_bimanual_moveit_config -- -j24 -l24
[2.527s] Invoked command in '/home/yuan/arm_ws/build/openarm_bimanual_moveit_config' returned '0': CMAKE_PREFIX_PATH=${CMAKE_PREFIX_PATH}:/opt/ros/humble /usr/bin/cmake --build /home/yuan/arm_ws/build/openarm_bimanual_moveit_config -- -j24 -l24
[2.529s] Invoking command in '/home/yuan/arm_ws/build/openarm_bimanual_moveit_config': CMAKE_PREFIX_PATH=${CMAKE_PREFIX_PATH}:/opt/ros/humble /usr/bin/cmake --install /home/yuan/arm_ws/build/openarm_bimanual_moveit_config
[2.535s] -- Install configuration: ""
[2.538s] -- Installing: /home/yuan/arm_ws/install/openarm_bimanual_moveit_config/share/ament_index/resource_index/package_run_dependencies/openarm_bimanual_moveit_config
[2.539s] -- Installing: /home/yuan/arm_ws/install/openarm_bimanual_moveit_config/share/ament_index/resource_index/parent_prefix_path/openarm_bimanual_moveit_config
[2.540s] -- Installing: /home/yuan/arm_ws/install/openarm_bimanual_moveit_config/share/openarm_bimanual_moveit_config/environment/ament_prefix_path.sh
[2.540s] -- Installing: /home/yuan/arm_ws/install/openarm_bimanual_moveit_config/share/openarm_bimanual_moveit_config/environment/ament_prefix_path.dsv
[2.541s] -- Installing: /home/yuan/arm_ws/install/openarm_bimanual_moveit_config/share/openarm_bimanual_moveit_config/environment/path.sh
[2.541s] -- Installing: /home/yuan/arm_ws/install/openarm_bimanual_moveit_config/share/openarm_bimanual_moveit_config/environment/path.dsv
[2.541s] -- Installing: /home/yuan/arm_ws/install/openarm_bimanual_moveit_config/share/openarm_bimanual_moveit_config/local_setup.bash
[2.541s] -- Installing: /home/yuan/arm_ws/install/openarm_bimanual_moveit_config/share/openarm_bimanual_moveit_config/local_setup.sh
[2.542s] -- Installing: /home/yuan/arm_ws/install/openarm_bimanual_moveit_config/share/openarm_bimanual_moveit_config/local_setup.zsh
[2.542s] -- Installing: /home/yuan/arm_ws/install/openarm_bimanual_moveit_config/share/openarm_bimanual_moveit_config/local_setup.dsv
[2.542s] -- Installing: /home/yuan/arm_ws/install/openarm_bimanual_moveit_config/share/openarm_bimanual_moveit_config/package.dsv
[2.542s] -- Installing: /home/yuan/arm_ws/install/openarm_bimanual_moveit_config/share/ament_index/resource_index/packages/openarm_bimanual_moveit_config
[2.543s] -- Installing: /home/yuan/arm_ws/install/openarm_bimanual_moveit_config/share/openarm_bimanual_moveit_config/cmake/openarm_bimanual_moveit_configConfig.cmake
[2.543s] -- Installing: /home/yuan/arm_ws/install/openarm_bimanual_moveit_config/share/openarm_bimanual_moveit_config/cmake/openarm_bimanual_moveit_configConfig-version.cmake
[2.543s] -- Installing: /home/yuan/arm_ws/install/openarm_bimanual_moveit_config/share/openarm_bimanual_moveit_config/package.xml
[2.543s] -- Installing: /home/yuan/arm_ws/install/openarm_bimanual_moveit_config/share/openarm_bimanual_moveit_config/launch
[2.544s] -- Installing: /home/yuan/arm_ws/install/openarm_bimanual_moveit_config/share/openarm_bimanual_moveit_config/launch/setup_assistant.launch.py
[2.544s] -- Installing: /home/yuan/arm_ws/install/openarm_bimanual_moveit_config/share/openarm_bimanual_moveit_config/launch/demo.launch.py
[2.544s] -- Installing: /home/yuan/arm_ws/install/openarm_bimanual_moveit_config/share/openarm_bimanual_moveit_config/launch/spawn_controllers.launch.py
[2.545s] -- Installing: /home/yuan/arm_ws/install/openarm_bimanual_moveit_config/share/openarm_bimanual_moveit_config/launch/moveit_rviz.launch.py
[2.546s] -- Installing: /home/yuan/arm_ws/install/openarm_bimanual_moveit_config/share/openarm_bimanual_moveit_config/launch/move_group.launch.py
[2.547s] -- Installing: /home/yuan/arm_ws/install/openarm_bimanual_moveit_config/share/openarm_bimanual_moveit_config/launch/static_virtual_joint_tfs.launch.py
[2.547s] -- Installing: /home/yuan/arm_ws/install/openarm_bimanual_moveit_config/share/openarm_bimanual_moveit_config/config
[2.547s] -- Installing: /home/yuan/arm_ws/install/openarm_bimanual_moveit_config/share/openarm_bimanual_moveit_config/config/moveit_controllers.yaml
[2.548s] -- Installing: /home/yuan/arm_ws/install/openarm_bimanual_moveit_config/share/openarm_bimanual_moveit_config/config/ros2_controllers.yaml
[2.549s] -- Installing: /home/yuan/arm_ws/install/openarm_bimanual_moveit_config/share/openarm_bimanual_moveit_config/config/joint_limits.yaml
[2.550s] -- Installing: /home/yuan/arm_ws/install/openarm_bimanual_moveit_config/share/openarm_bimanual_moveit_config/config/kinematics.yaml
[2.551s] -- Installing: /home/yuan/arm_ws/install/openarm_bimanual_moveit_config/share/openarm_bimanual_moveit_config/config/moveit.rviz
[2.551s] -- Installing: /home/yuan/arm_ws/install/openarm_bimanual_moveit_config/share/openarm_bimanual_moveit_config/config/sensors_3d.yaml
[2.552s] -- Installing: /home/yuan/arm_ws/install/openarm_bimanual_moveit_config/share/openarm_bimanual_moveit_config/config/openarm_bimanual.srdf
[2.552s] -- Installing: /home/yuan/arm_ws/install/openarm_bimanual_moveit_config/share/openarm_bimanual_moveit_config/config/pilz_cartesian_limits.yaml
[2.553s] -- Installing: /home/yuan/arm_ws/install/openarm_bimanual_moveit_config/share/openarm_bimanual_moveit_config/config/initial_positions.yaml
[2.553s] -- Installing: /home/yuan/arm_ws/install/openarm_bimanual_moveit_config/share/openarm_bimanual_moveit_config/config/openarm_bimanual.urdf.xacro
[2.554s] -- Installing: /home/yuan/arm_ws/install/openarm_bimanual_moveit_config/share/openarm_bimanual_moveit_config/.setup_assistant
[2.556s] Invoked command in '/home/yuan/arm_ws/build/openarm_bimanual_moveit_config' returned '0': CMAKE_PREFIX_PATH=${CMAKE_PREFIX_PATH}:/opt/ros/humble /usr/bin/cmake --install /home/yuan/arm_ws/build/openarm_bimanual_moveit_config
