[0.248s] [34mcolcon[0m [1;30mDEBUG[0m [32mCommand line arguments: ['/usr/bin/colcon', 'build'][0m
[0.248s] [34mcolcon[0m [1;30mDEBUG[0m [32mParsed command line arguments: Namespace(log_base=None, log_level=None, verb_name='build', build_base='build', install_base='install', merge_install=False, symlink_install=False, test_result_base=None, continue_on_error=False, executor='parallel', parallel_workers=24, event_handlers=None, ignore_user_meta=False, metas=['./colcon.meta'], base_paths=['.'], packages_ignore=None, packages_ignore_regex=None, paths=None, packages_up_to=None, packages_up_to_regex=None, packages_above=None, packages_above_and_dependencies=None, packages_above_depth=None, packages_select_by_dep=None, packages_skip_by_dep=None, packages_skip_up_to=None, packages_select_build_failed=False, packages_skip_build_finished=False, packages_select_test_failures=False, packages_skip_test_passed=False, packages_select=None, packages_skip=None, packages_select_regex=None, packages_skip_regex=None, packages_start=None, packages_end=None, allow_overriding=[], cmake_args=None, cmake_target=None, cmake_target_skip_unavailable=False, cmake_clean_cache=False, cmake_clean_first=False, cmake_force_configure=False, ament_cmake_args=None, catkin_cmake_args=None, catkin_skip_building_tests=False, verb_parser=<colcon_defaults.argument_parser.defaults.DefaultArgumentsDecorator object at 0x7bdb5f4cbca0>, verb_extension=<colcon_core.verb.build.BuildVerb object at 0x7bdb5f4cae60>, main=<bound method BuildVerb.main of <colcon_core.verb.build.BuildVerb object at 0x7bdb5f4cae60>>)[0m
[0.367s] [34mcolcon.colcon_core.package_discovery[0m [1;30mLevel 1[0m discover_packages(colcon_meta) check parameters
[0.367s] [34mcolcon.colcon_core.package_discovery[0m [1;30mLevel 1[0m discover_packages(recursive) check parameters
[0.367s] [34mcolcon.colcon_core.package_discovery[0m [1;30mLevel 1[0m discover_packages(ignore) check parameters
[0.367s] [34mcolcon.colcon_core.package_discovery[0m [1;30mLevel 1[0m discover_packages(path) check parameters
[0.368s] [34mcolcon.colcon_core.package_discovery[0m [1;30mLevel 1[0m discover_packages(colcon_meta) discover
[0.368s] [34mcolcon.colcon_core.package_discovery[0m [1;30mLevel 1[0m discover_packages(recursive) discover
[0.368s] [34mcolcon.colcon_core.package_discovery[0m [1;30mINFO[0m Crawling recursively for packages in '/home/yuan/arm_ws'
[0.368s] [34mcolcon.colcon_core.package_identification[0m [1;30mLevel 1[0m _identify(.) by extensions ['ignore', 'ignore_ament_install']
[0.368s] [34mcolcon.colcon_core.package_identification[0m [1;30mLevel 1[0m _identify(.) by extension 'ignore'
[0.368s] [34mcolcon.colcon_core.package_identification[0m [1;30mLevel 1[0m _identify(.) by extension 'ignore_ament_install'
[0.368s] [34mcolcon.colcon_core.package_identification[0m [1;30mLevel 1[0m _identify(.) by extensions ['colcon_pkg']
[0.368s] [34mcolcon.colcon_core.package_identification[0m [1;30mLevel 1[0m _identify(.) by extension 'colcon_pkg'
[0.368s] [34mcolcon.colcon_core.package_identification[0m [1;30mLevel 1[0m _identify(.) by extensions ['colcon_meta']
[0.368s] [34mcolcon.colcon_core.package_identification[0m [1;30mLevel 1[0m _identify(.) by extension 'colcon_meta'
[0.368s] [34mcolcon.colcon_core.package_identification[0m [1;30mLevel 1[0m _identify(.) by extensions ['ros']
[0.368s] [34mcolcon.colcon_core.package_identification[0m [1;30mLevel 1[0m _identify(.) by extension 'ros'
[0.375s] [34mcolcon.colcon_core.package_identification[0m [1;30mLevel 1[0m _identify(.) by extensions ['cmake', 'python']
[0.375s] [34mcolcon.colcon_core.package_identification[0m [1;30mLevel 1[0m _identify(.) by extension 'cmake'
[0.375s] [34mcolcon.colcon_core.package_identification[0m [1;30mLevel 1[0m _identify(.) by extension 'python'
[0.375s] [34mcolcon.colcon_core.package_identification[0m [1;30mLevel 1[0m _identify(.) by extensions ['python_setup_py']
[0.376s] [34mcolcon.colcon_core.package_identification[0m [1;30mLevel 1[0m _identify(.) by extension 'python_setup_py'
[0.376s] [34mcolcon.colcon_core.package_identification[0m [1;30mLevel 1[0m _identify(build) by extensions ['ignore', 'ignore_ament_install']
[0.376s] [34mcolcon.colcon_core.package_identification[0m [1;30mLevel 1[0m _identify(build) by extension 'ignore'
[0.376s] [34mcolcon.colcon_core.package_identification[0m [1;30mLevel 1[0m _identify(build) ignored
[0.376s] [34mcolcon.colcon_core.package_identification[0m [1;30mLevel 1[0m _identify(install) by extensions ['ignore', 'ignore_ament_install']
[0.376s] [34mcolcon.colcon_core.package_identification[0m [1;30mLevel 1[0m _identify(install) by extension 'ignore'
[0.376s] [34mcolcon.colcon_core.package_identification[0m [1;30mLevel 1[0m _identify(install) ignored
[0.376s] [34mcolcon.colcon_core.package_identification[0m [1;30mLevel 1[0m _identify(log) by extensions ['ignore', 'ignore_ament_install']
[0.376s] [34mcolcon.colcon_core.package_identification[0m [1;30mLevel 1[0m _identify(log) by extension 'ignore'
[0.376s] [34mcolcon.colcon_core.package_identification[0m [1;30mLevel 1[0m _identify(log) ignored
[0.376s] [34mcolcon.colcon_core.package_identification[0m [1;30mLevel 1[0m _identify(src) by extensions ['ignore', 'ignore_ament_install']
[0.376s] [34mcolcon.colcon_core.package_identification[0m [1;30mLevel 1[0m _identify(src) by extension 'ignore'
[0.376s] [34mcolcon.colcon_core.package_identification[0m [1;30mLevel 1[0m _identify(src) by extension 'ignore_ament_install'
[0.376s] [34mcolcon.colcon_core.package_identification[0m [1;30mLevel 1[0m _identify(src) by extensions ['colcon_pkg']
[0.376s] [34mcolcon.colcon_core.package_identification[0m [1;30mLevel 1[0m _identify(src) by extension 'colcon_pkg'
[0.376s] [34mcolcon.colcon_core.package_identification[0m [1;30mLevel 1[0m _identify(src) by extensions ['colcon_meta']
[0.376s] [34mcolcon.colcon_core.package_identification[0m [1;30mLevel 1[0m _identify(src) by extension 'colcon_meta'
[0.377s] [34mcolcon.colcon_core.package_identification[0m [1;30mLevel 1[0m _identify(src) by extensions ['ros']
[0.377s] [34mcolcon.colcon_core.package_identification[0m [1;30mLevel 1[0m _identify(src) by extension 'ros'
[0.377s] [34mcolcon.colcon_core.package_identification[0m [1;30mLevel 1[0m _identify(src) by extensions ['cmake', 'python']
[0.377s] [34mcolcon.colcon_core.package_identification[0m [1;30mLevel 1[0m _identify(src) by extension 'cmake'
[0.377s] [34mcolcon.colcon_core.package_identification[0m [1;30mLevel 1[0m _identify(src) by extension 'python'
[0.377s] [34mcolcon.colcon_core.package_identification[0m [1;30mLevel 1[0m _identify(src) by extensions ['python_setup_py']
[0.377s] [34mcolcon.colcon_core.package_identification[0m [1;30mLevel 1[0m _identify(src) by extension 'python_setup_py'
[0.377s] [34mcolcon.colcon_core.package_identification[0m [1;30mLevel 1[0m _identify(src/arm) by extensions ['ignore', 'ignore_ament_install']
[0.377s] [34mcolcon.colcon_core.package_identification[0m [1;30mLevel 1[0m _identify(src/arm) by extension 'ignore'
[0.377s] [34mcolcon.colcon_core.package_identification[0m [1;30mLevel 1[0m _identify(src/arm) by extension 'ignore_ament_install'
[0.377s] [34mcolcon.colcon_core.package_identification[0m [1;30mLevel 1[0m _identify(src/arm) by extensions ['colcon_pkg']
[0.377s] [34mcolcon.colcon_core.package_identification[0m [1;30mLevel 1[0m _identify(src/arm) by extension 'colcon_pkg'
[0.377s] [34mcolcon.colcon_core.package_identification[0m [1;30mLevel 1[0m _identify(src/arm) by extensions ['colcon_meta']
[0.377s] [34mcolcon.colcon_core.package_identification[0m [1;30mLevel 1[0m _identify(src/arm) by extension 'colcon_meta'
[0.377s] [34mcolcon.colcon_core.package_identification[0m [1;30mLevel 1[0m _identify(src/arm) by extensions ['ros']
[0.377s] [34mcolcon.colcon_core.package_identification[0m [1;30mLevel 1[0m _identify(src/arm) by extension 'ros'
[0.379s] [34mcolcon.colcon_core.package_identification[0m [1;30mDEBUG[0m [32mPackage 'src/arm' with type 'ros.ament_python' and name 'arm'[0m
[0.379s] [34mcolcon.colcon_core.package_identification[0m [1;30mLevel 1[0m _identify(src/openarm_description) by extensions ['ignore', 'ignore_ament_install']
[0.379s] [34mcolcon.colcon_core.package_identification[0m [1;30mLevel 1[0m _identify(src/openarm_description) by extension 'ignore'
[0.379s] [34mcolcon.colcon_core.package_identification[0m [1;30mLevel 1[0m _identify(src/openarm_description) by extension 'ignore_ament_install'
[0.379s] [34mcolcon.colcon_core.package_identification[0m [1;30mLevel 1[0m _identify(src/openarm_description) by extensions ['colcon_pkg']
[0.379s] [34mcolcon.colcon_core.package_identification[0m [1;30mLevel 1[0m _identify(src/openarm_description) by extension 'colcon_pkg'
[0.379s] [34mcolcon.colcon_core.package_identification[0m [1;30mLevel 1[0m _identify(src/openarm_description) by extensions ['colcon_meta']
[0.379s] [34mcolcon.colcon_core.package_identification[0m [1;30mLevel 1[0m _identify(src/openarm_description) by extension 'colcon_meta'
[0.380s] [34mcolcon.colcon_core.package_identification[0m [1;30mLevel 1[0m _identify(src/openarm_description) by extensions ['ros']
[0.380s] [34mcolcon.colcon_core.package_identification[0m [1;30mLevel 1[0m _identify(src/openarm_description) by extension 'ros'
[0.380s] [34mcolcon.colcon_core.package_identification[0m [1;30mDEBUG[0m [32mPackage 'src/openarm_description' with type 'ros.ament_cmake' and name 'openarm_description'[0m
[0.380s] [34mcolcon.colcon_core.package_identification[0m [1;30mLevel 1[0m _identify(src/openarm_ros2) by extensions ['ignore', 'ignore_ament_install']
[0.380s] [34mcolcon.colcon_core.package_identification[0m [1;30mLevel 1[0m _identify(src/openarm_ros2) by extension 'ignore'
[0.380s] [34mcolcon.colcon_core.package_identification[0m [1;30mLevel 1[0m _identify(src/openarm_ros2) by extension 'ignore_ament_install'
[0.380s] [34mcolcon.colcon_core.package_identification[0m [1;30mLevel 1[0m _identify(src/openarm_ros2) by extensions ['colcon_pkg']
[0.380s] [34mcolcon.colcon_core.package_identification[0m [1;30mLevel 1[0m _identify(src/openarm_ros2) by extension 'colcon_pkg'
[0.380s] [34mcolcon.colcon_core.package_identification[0m [1;30mLevel 1[0m _identify(src/openarm_ros2) by extensions ['colcon_meta']
[0.380s] [34mcolcon.colcon_core.package_identification[0m [1;30mLevel 1[0m _identify(src/openarm_ros2) by extension 'colcon_meta'
[0.380s] [34mcolcon.colcon_core.package_identification[0m [1;30mLevel 1[0m _identify(src/openarm_ros2) by extensions ['ros']
[0.380s] [34mcolcon.colcon_core.package_identification[0m [1;30mLevel 1[0m _identify(src/openarm_ros2) by extension 'ros'
[0.381s] [34mcolcon.colcon_core.package_identification[0m [1;30mLevel 1[0m _identify(src/openarm_ros2) by extensions ['cmake', 'python']
[0.381s] [34mcolcon.colcon_core.package_identification[0m [1;30mLevel 1[0m _identify(src/openarm_ros2) by extension 'cmake'
[0.381s] [34mcolcon.colcon_core.package_identification[0m [1;30mLevel 1[0m _identify(src/openarm_ros2) by extension 'python'
[0.381s] [34mcolcon.colcon_core.package_identification[0m [1;30mLevel 1[0m _identify(src/openarm_ros2) by extensions ['python_setup_py']
[0.381s] [34mcolcon.colcon_core.package_identification[0m [1;30mLevel 1[0m _identify(src/openarm_ros2) by extension 'python_setup_py'
[0.381s] [34mcolcon.colcon_core.package_identification[0m [1;30mLevel 1[0m _identify(src/openarm_ros2/dev) by extensions ['ignore', 'ignore_ament_install']
[0.381s] [34mcolcon.colcon_core.package_identification[0m [1;30mLevel 1[0m _identify(src/openarm_ros2/dev) by extension 'ignore'
[0.381s] [34mcolcon.colcon_core.package_identification[0m [1;30mLevel 1[0m _identify(src/openarm_ros2/dev) by extension 'ignore_ament_install'
[0.381s] [34mcolcon.colcon_core.package_identification[0m [1;30mLevel 1[0m _identify(src/openarm_ros2/dev) by extensions ['colcon_pkg']
[0.381s] [34mcolcon.colcon_core.package_identification[0m [1;30mLevel 1[0m _identify(src/openarm_ros2/dev) by extension 'colcon_pkg'
[0.381s] [34mcolcon.colcon_core.package_identification[0m [1;30mLevel 1[0m _identify(src/openarm_ros2/dev) by extensions ['colcon_meta']
[0.381s] [34mcolcon.colcon_core.package_identification[0m [1;30mLevel 1[0m _identify(src/openarm_ros2/dev) by extension 'colcon_meta'
[0.381s] [34mcolcon.colcon_core.package_identification[0m [1;30mLevel 1[0m _identify(src/openarm_ros2/dev) by extensions ['ros']
[0.381s] [34mcolcon.colcon_core.package_identification[0m [1;30mLevel 1[0m _identify(src/openarm_ros2/dev) by extension 'ros'
[0.381s] [34mcolcon.colcon_core.package_identification[0m [1;30mLevel 1[0m _identify(src/openarm_ros2/dev) by extensions ['cmake', 'python']
[0.381s] [34mcolcon.colcon_core.package_identification[0m [1;30mLevel 1[0m _identify(src/openarm_ros2/dev) by extension 'cmake'
[0.381s] [34mcolcon.colcon_core.package_identification[0m [1;30mLevel 1[0m _identify(src/openarm_ros2/dev) by extension 'python'
[0.381s] [34mcolcon.colcon_core.package_identification[0m [1;30mLevel 1[0m _identify(src/openarm_ros2/dev) by extensions ['python_setup_py']
[0.381s] [34mcolcon.colcon_core.package_identification[0m [1;30mLevel 1[0m _identify(src/openarm_ros2/dev) by extension 'python_setup_py'
[0.381s] [34mcolcon.colcon_core.package_identification[0m [1;30mLevel 1[0m _identify(src/openarm_ros2/openarm) by extensions ['ignore', 'ignore_ament_install']
[0.381s] [34mcolcon.colcon_core.package_identification[0m [1;30mLevel 1[0m _identify(src/openarm_ros2/openarm) by extension 'ignore'
[0.381s] [34mcolcon.colcon_core.package_identification[0m [1;30mLevel 1[0m _identify(src/openarm_ros2/openarm) by extension 'ignore_ament_install'
[0.381s] [34mcolcon.colcon_core.package_identification[0m [1;30mLevel 1[0m _identify(src/openarm_ros2/openarm) by extensions ['colcon_pkg']
[0.381s] [34mcolcon.colcon_core.package_identification[0m [1;30mLevel 1[0m _identify(src/openarm_ros2/openarm) by extension 'colcon_pkg'
[0.381s] [34mcolcon.colcon_core.package_identification[0m [1;30mLevel 1[0m _identify(src/openarm_ros2/openarm) by extensions ['colcon_meta']
[0.381s] [34mcolcon.colcon_core.package_identification[0m [1;30mLevel 1[0m _identify(src/openarm_ros2/openarm) by extension 'colcon_meta'
[0.381s] [34mcolcon.colcon_core.package_identification[0m [1;30mLevel 1[0m _identify(src/openarm_ros2/openarm) by extensions ['ros']
[0.381s] [34mcolcon.colcon_core.package_identification[0m [1;30mLevel 1[0m _identify(src/openarm_ros2/openarm) by extension 'ros'
[0.382s] [34mcolcon.colcon_core.package_identification[0m [1;30mDEBUG[0m [32mPackage 'src/openarm_ros2/openarm' with type 'ros.ament_cmake' and name 'openarm'[0m
[0.382s] [34mcolcon.colcon_core.package_identification[0m [1;30mLevel 1[0m _identify(src/openarm_ros2/openarm_bimanual_moveit_config) by extensions ['ignore', 'ignore_ament_install']
[0.382s] [34mcolcon.colcon_core.package_identification[0m [1;30mLevel 1[0m _identify(src/openarm_ros2/openarm_bimanual_moveit_config) by extension 'ignore'
[0.382s] [34mcolcon.colcon_core.package_identification[0m [1;30mLevel 1[0m _identify(src/openarm_ros2/openarm_bimanual_moveit_config) by extension 'ignore_ament_install'
[0.382s] [34mcolcon.colcon_core.package_identification[0m [1;30mLevel 1[0m _identify(src/openarm_ros2/openarm_bimanual_moveit_config) by extensions ['colcon_pkg']
[0.382s] [34mcolcon.colcon_core.package_identification[0m [1;30mLevel 1[0m _identify(src/openarm_ros2/openarm_bimanual_moveit_config) by extension 'colcon_pkg'
[0.382s] [34mcolcon.colcon_core.package_identification[0m [1;30mLevel 1[0m _identify(src/openarm_ros2/openarm_bimanual_moveit_config) by extensions ['colcon_meta']
[0.382s] [34mcolcon.colcon_core.package_identification[0m [1;30mLevel 1[0m _identify(src/openarm_ros2/openarm_bimanual_moveit_config) by extension 'colcon_meta'
[0.382s] [34mcolcon.colcon_core.package_identification[0m [1;30mLevel 1[0m _identify(src/openarm_ros2/openarm_bimanual_moveit_config) by extensions ['ros']
[0.382s] [34mcolcon.colcon_core.package_identification[0m [1;30mLevel 1[0m _identify(src/openarm_ros2/openarm_bimanual_moveit_config) by extension 'ros'
[0.383s] [34mcolcon.colcon_core.package_identification[0m [1;30mDEBUG[0m [32mPackage 'src/openarm_ros2/openarm_bimanual_moveit_config' with type 'ros.ament_cmake' and name 'openarm_bimanual_moveit_config'[0m
[0.383s] [34mcolcon.colcon_core.package_identification[0m [1;30mLevel 1[0m _identify(src/openarm_ros2/openarm_bringup) by extensions ['ignore', 'ignore_ament_install']
[0.383s] [34mcolcon.colcon_core.package_identification[0m [1;30mLevel 1[0m _identify(src/openarm_ros2/openarm_bringup) by extension 'ignore'
[0.384s] [34mcolcon.colcon_core.package_identification[0m [1;30mLevel 1[0m _identify(src/openarm_ros2/openarm_bringup) by extension 'ignore_ament_install'
[0.384s] [34mcolcon.colcon_core.package_identification[0m [1;30mLevel 1[0m _identify(src/openarm_ros2/openarm_bringup) by extensions ['colcon_pkg']
[0.384s] [34mcolcon.colcon_core.package_identification[0m [1;30mLevel 1[0m _identify(src/openarm_ros2/openarm_bringup) by extension 'colcon_pkg'
[0.384s] [34mcolcon.colcon_core.package_identification[0m [1;30mLevel 1[0m _identify(src/openarm_ros2/openarm_bringup) by extensions ['colcon_meta']
[0.384s] [34mcolcon.colcon_core.package_identification[0m [1;30mLevel 1[0m _identify(src/openarm_ros2/openarm_bringup) by extension 'colcon_meta'
[0.384s] [34mcolcon.colcon_core.package_identification[0m [1;30mLevel 1[0m _identify(src/openarm_ros2/openarm_bringup) by extensions ['ros']
[0.384s] [34mcolcon.colcon_core.package_identification[0m [1;30mLevel 1[0m _identify(src/openarm_ros2/openarm_bringup) by extension 'ros'
[0.384s] [34mcolcon.colcon_core.package_identification[0m [1;30mDEBUG[0m [32mPackage 'src/openarm_ros2/openarm_bringup' with type 'ros.ament_cmake' and name 'openarm_bringup'[0m
[0.384s] [34mcolcon.colcon_core.package_identification[0m [1;30mLevel 1[0m _identify(src/openarm_ros2/openarm_hardware) by extensions ['ignore', 'ignore_ament_install']
[0.384s] [34mcolcon.colcon_core.package_identification[0m [1;30mLevel 1[0m _identify(src/openarm_ros2/openarm_hardware) by extension 'ignore'
[0.384s] [34mcolcon.colcon_core.package_identification[0m [1;30mLevel 1[0m _identify(src/openarm_ros2/openarm_hardware) by extension 'ignore_ament_install'
[0.384s] [34mcolcon.colcon_core.package_identification[0m [1;30mLevel 1[0m _identify(src/openarm_ros2/openarm_hardware) by extensions ['colcon_pkg']
[0.384s] [34mcolcon.colcon_core.package_identification[0m [1;30mLevel 1[0m _identify(src/openarm_ros2/openarm_hardware) by extension 'colcon_pkg'
[0.384s] [34mcolcon.colcon_core.package_identification[0m [1;30mLevel 1[0m _identify(src/openarm_ros2/openarm_hardware) by extensions ['colcon_meta']
[0.384s] [34mcolcon.colcon_core.package_identification[0m [1;30mLevel 1[0m _identify(src/openarm_ros2/openarm_hardware) by extension 'colcon_meta'
[0.384s] [34mcolcon.colcon_core.package_identification[0m [1;30mLevel 1[0m _identify(src/openarm_ros2/openarm_hardware) by extensions ['ros']
[0.384s] [34mcolcon.colcon_core.package_identification[0m [1;30mLevel 1[0m _identify(src/openarm_ros2/openarm_hardware) by extension 'ros'
[0.385s] [34mcolcon.colcon_core.package_identification[0m [1;30mDEBUG[0m [32mPackage 'src/openarm_ros2/openarm_hardware' with type 'ros.ament_cmake' and name 'openarm_hardware'[0m
[0.385s] [34mcolcon.colcon_core.package_discovery[0m [1;30mLevel 1[0m discover_packages(recursive) using defaults
[0.385s] [34mcolcon.colcon_core.package_discovery[0m [1;30mLevel 1[0m discover_packages(ignore) discover
[0.385s] [34mcolcon.colcon_core.package_discovery[0m [1;30mLevel 1[0m discover_packages(ignore) using defaults
[0.385s] [34mcolcon.colcon_core.package_discovery[0m [1;30mLevel 1[0m discover_packages(path) discover
[0.385s] [34mcolcon.colcon_core.package_discovery[0m [1;30mLevel 1[0m discover_packages(path) using defaults
[0.407s] [34mcolcon.colcon_core.package_discovery[0m [1;30mLevel 1[0m discover_packages(prefix_path) check parameters
[0.407s] [34mcolcon.colcon_core.package_discovery[0m [1;30mLevel 1[0m discover_packages(prefix_path) discover
[0.409s] [34mcolcon.colcon_installed_package_information.package_discovery[0m [1;30mDEBUG[0m [32mFound 15 installed packages in /home/yuan/ros2_ws/install[0m
[0.410s] [34mcolcon.colcon_installed_package_information.package_discovery[0m [1;30mDEBUG[0m [32mFound 365 installed packages in /opt/ros/humble[0m
[0.412s] [34mcolcon.colcon_core.package_discovery[0m [1;30mLevel 1[0m discover_packages(prefix_path) using defaults
[0.442s] [34mcolcon.colcon_core.verb[0m [1;30mLevel 5[0m set package 'arm' build argument 'cmake_args' from command line to 'None'
[0.443s] [34mcolcon.colcon_core.verb[0m [1;30mLevel 5[0m set package 'arm' build argument 'cmake_target' from command line to 'None'
[0.443s] [34mcolcon.colcon_core.verb[0m [1;30mLevel 5[0m set package 'arm' build argument 'cmake_target_skip_unavailable' from command line to 'False'
[0.443s] [34mcolcon.colcon_core.verb[0m [1;30mLevel 5[0m set package 'arm' build argument 'cmake_clean_cache' from command line to 'False'
[0.443s] [34mcolcon.colcon_core.verb[0m [1;30mLevel 5[0m set package 'arm' build argument 'cmake_clean_first' from command line to 'False'
[0.443s] [34mcolcon.colcon_core.verb[0m [1;30mLevel 5[0m set package 'arm' build argument 'cmake_force_configure' from command line to 'False'
[0.443s] [34mcolcon.colcon_core.verb[0m [1;30mLevel 5[0m set package 'arm' build argument 'ament_cmake_args' from command line to 'None'
[0.443s] [34mcolcon.colcon_core.verb[0m [1;30mLevel 5[0m set package 'arm' build argument 'catkin_cmake_args' from command line to 'None'
[0.443s] [34mcolcon.colcon_core.verb[0m [1;30mLevel 5[0m set package 'arm' build argument 'catkin_skip_building_tests' from command line to 'False'
[0.443s] [34mcolcon.colcon_core.verb[0m [1;30mDEBUG[0m [32mBuilding package 'arm' with the following arguments: {'ament_cmake_args': None, 'build_base': '/home/yuan/arm_ws/build/arm', 'catkin_cmake_args': None, 'catkin_skip_building_tests': False, 'cmake_args': None, 'cmake_clean_cache': False, 'cmake_clean_first': False, 'cmake_force_configure': False, 'cmake_target': None, 'cmake_target_skip_unavailable': False, 'install_base': '/home/yuan/arm_ws/install/arm', 'merge_install': False, 'path': '/home/yuan/arm_ws/src/arm', 'symlink_install': False, 'test_result_base': None}[0m
[0.443s] [34mcolcon.colcon_core.verb[0m [1;30mLevel 5[0m set package 'openarm_bringup' build argument 'cmake_args' from command line to 'None'
[0.443s] [34mcolcon.colcon_core.verb[0m [1;30mLevel 5[0m set package 'openarm_bringup' build argument 'cmake_target' from command line to 'None'
[0.443s] [34mcolcon.colcon_core.verb[0m [1;30mLevel 5[0m set package 'openarm_bringup' build argument 'cmake_target_skip_unavailable' from command line to 'False'
[0.443s] [34mcolcon.colcon_core.verb[0m [1;30mLevel 5[0m set package 'openarm_bringup' build argument 'cmake_clean_cache' from command line to 'False'
[0.443s] [34mcolcon.colcon_core.verb[0m [1;30mLevel 5[0m set package 'openarm_bringup' build argument 'cmake_clean_first' from command line to 'False'
[0.443s] [34mcolcon.colcon_core.verb[0m [1;30mLevel 5[0m set package 'openarm_bringup' build argument 'cmake_force_configure' from command line to 'False'
[0.443s] [34mcolcon.colcon_core.verb[0m [1;30mLevel 5[0m set package 'openarm_bringup' build argument 'ament_cmake_args' from command line to 'None'
[0.443s] [34mcolcon.colcon_core.verb[0m [1;30mLevel 5[0m set package 'openarm_bringup' build argument 'catkin_cmake_args' from command line to 'None'
[0.443s] [34mcolcon.colcon_core.verb[0m [1;30mLevel 5[0m set package 'openarm_bringup' build argument 'catkin_skip_building_tests' from command line to 'False'
[0.443s] [34mcolcon.colcon_core.verb[0m [1;30mDEBUG[0m [32mBuilding package 'openarm_bringup' with the following arguments: {'ament_cmake_args': None, 'build_base': '/home/yuan/arm_ws/build/openarm_bringup', 'catkin_cmake_args': None, 'catkin_skip_building_tests': False, 'cmake_args': None, 'cmake_clean_cache': False, 'cmake_clean_first': False, 'cmake_force_configure': False, 'cmake_target': None, 'cmake_target_skip_unavailable': False, 'install_base': '/home/yuan/arm_ws/install/openarm_bringup', 'merge_install': False, 'path': '/home/yuan/arm_ws/src/openarm_ros2/openarm_bringup', 'symlink_install': False, 'test_result_base': None}[0m
[0.443s] [34mcolcon.colcon_core.verb[0m [1;30mLevel 5[0m set package 'openarm_description' build argument 'cmake_args' from command line to 'None'
[0.443s] [34mcolcon.colcon_core.verb[0m [1;30mLevel 5[0m set package 'openarm_description' build argument 'cmake_target' from command line to 'None'
[0.443s] [34mcolcon.colcon_core.verb[0m [1;30mLevel 5[0m set package 'openarm_description' build argument 'cmake_target_skip_unavailable' from command line to 'False'
[0.443s] [34mcolcon.colcon_core.verb[0m [1;30mLevel 5[0m set package 'openarm_description' build argument 'cmake_clean_cache' from command line to 'False'
[0.443s] [34mcolcon.colcon_core.verb[0m [1;30mLevel 5[0m set package 'openarm_description' build argument 'cmake_clean_first' from command line to 'False'
[0.444s] [34mcolcon.colcon_core.verb[0m [1;30mLevel 5[0m set package 'openarm_description' build argument 'cmake_force_configure' from command line to 'False'
[0.444s] [34mcolcon.colcon_core.verb[0m [1;30mLevel 5[0m set package 'openarm_description' build argument 'ament_cmake_args' from command line to 'None'
[0.444s] [34mcolcon.colcon_core.verb[0m [1;30mLevel 5[0m set package 'openarm_description' build argument 'catkin_cmake_args' from command line to 'None'
[0.444s] [34mcolcon.colcon_core.verb[0m [1;30mLevel 5[0m set package 'openarm_description' build argument 'catkin_skip_building_tests' from command line to 'False'
[0.444s] [34mcolcon.colcon_core.verb[0m [1;30mDEBUG[0m [32mBuilding package 'openarm_description' with the following arguments: {'ament_cmake_args': None, 'build_base': '/home/yuan/arm_ws/build/openarm_description', 'catkin_cmake_args': None, 'catkin_skip_building_tests': False, 'cmake_args': None, 'cmake_clean_cache': False, 'cmake_clean_first': False, 'cmake_force_configure': False, 'cmake_target': None, 'cmake_target_skip_unavailable': False, 'install_base': '/home/yuan/arm_ws/install/openarm_description', 'merge_install': False, 'path': '/home/yuan/arm_ws/src/openarm_description', 'symlink_install': False, 'test_result_base': None}[0m
[0.444s] [34mcolcon.colcon_core.verb[0m [1;30mLevel 5[0m set package 'openarm_hardware' build argument 'cmake_args' from command line to 'None'
[0.444s] [34mcolcon.colcon_core.verb[0m [1;30mLevel 5[0m set package 'openarm_hardware' build argument 'cmake_target' from command line to 'None'
[0.444s] [34mcolcon.colcon_core.verb[0m [1;30mLevel 5[0m set package 'openarm_hardware' build argument 'cmake_target_skip_unavailable' from command line to 'False'
[0.444s] [34mcolcon.colcon_core.verb[0m [1;30mLevel 5[0m set package 'openarm_hardware' build argument 'cmake_clean_cache' from command line to 'False'
[0.444s] [34mcolcon.colcon_core.verb[0m [1;30mLevel 5[0m set package 'openarm_hardware' build argument 'cmake_clean_first' from command line to 'False'
[0.444s] [34mcolcon.colcon_core.verb[0m [1;30mLevel 5[0m set package 'openarm_hardware' build argument 'cmake_force_configure' from command line to 'False'
[0.444s] [34mcolcon.colcon_core.verb[0m [1;30mLevel 5[0m set package 'openarm_hardware' build argument 'ament_cmake_args' from command line to 'None'
[0.444s] [34mcolcon.colcon_core.verb[0m [1;30mLevel 5[0m set package 'openarm_hardware' build argument 'catkin_cmake_args' from command line to 'None'
[0.444s] [34mcolcon.colcon_core.verb[0m [1;30mLevel 5[0m set package 'openarm_hardware' build argument 'catkin_skip_building_tests' from command line to 'False'
[0.444s] [34mcolcon.colcon_core.verb[0m [1;30mDEBUG[0m [32mBuilding package 'openarm_hardware' with the following arguments: {'ament_cmake_args': None, 'build_base': '/home/yuan/arm_ws/build/openarm_hardware', 'catkin_cmake_args': None, 'catkin_skip_building_tests': False, 'cmake_args': None, 'cmake_clean_cache': False, 'cmake_clean_first': False, 'cmake_force_configure': False, 'cmake_target': None, 'cmake_target_skip_unavailable': False, 'install_base': '/home/yuan/arm_ws/install/openarm_hardware', 'merge_install': False, 'path': '/home/yuan/arm_ws/src/openarm_ros2/openarm_hardware', 'symlink_install': False, 'test_result_base': None}[0m
[0.444s] [34mcolcon.colcon_core.verb[0m [1;30mLevel 5[0m set package 'openarm' build argument 'cmake_args' from command line to 'None'
[0.444s] [34mcolcon.colcon_core.verb[0m [1;30mLevel 5[0m set package 'openarm' build argument 'cmake_target' from command line to 'None'
[0.444s] [34mcolcon.colcon_core.verb[0m [1;30mLevel 5[0m set package 'openarm' build argument 'cmake_target_skip_unavailable' from command line to 'False'
[0.444s] [34mcolcon.colcon_core.verb[0m [1;30mLevel 5[0m set package 'openarm' build argument 'cmake_clean_cache' from command line to 'False'
[0.444s] [34mcolcon.colcon_core.verb[0m [1;30mLevel 5[0m set package 'openarm' build argument 'cmake_clean_first' from command line to 'False'
[0.444s] [34mcolcon.colcon_core.verb[0m [1;30mLevel 5[0m set package 'openarm' build argument 'cmake_force_configure' from command line to 'False'
[0.444s] [34mcolcon.colcon_core.verb[0m [1;30mLevel 5[0m set package 'openarm' build argument 'ament_cmake_args' from command line to 'None'
[0.444s] [34mcolcon.colcon_core.verb[0m [1;30mLevel 5[0m set package 'openarm' build argument 'catkin_cmake_args' from command line to 'None'
[0.444s] [34mcolcon.colcon_core.verb[0m [1;30mLevel 5[0m set package 'openarm' build argument 'catkin_skip_building_tests' from command line to 'False'
[0.444s] [34mcolcon.colcon_core.verb[0m [1;30mDEBUG[0m [32mBuilding package 'openarm' with the following arguments: {'ament_cmake_args': None, 'build_base': '/home/yuan/arm_ws/build/openarm', 'catkin_cmake_args': None, 'catkin_skip_building_tests': False, 'cmake_args': None, 'cmake_clean_cache': False, 'cmake_clean_first': False, 'cmake_force_configure': False, 'cmake_target': None, 'cmake_target_skip_unavailable': False, 'install_base': '/home/yuan/arm_ws/install/openarm', 'merge_install': False, 'path': '/home/yuan/arm_ws/src/openarm_ros2/openarm', 'symlink_install': False, 'test_result_base': None}[0m
[0.444s] [34mcolcon.colcon_core.verb[0m [1;30mLevel 5[0m set package 'openarm_bimanual_moveit_config' build argument 'cmake_args' from command line to 'None'
[0.445s] [34mcolcon.colcon_core.verb[0m [1;30mLevel 5[0m set package 'openarm_bimanual_moveit_config' build argument 'cmake_target' from command line to 'None'
[0.445s] [34mcolcon.colcon_core.verb[0m [1;30mLevel 5[0m set package 'openarm_bimanual_moveit_config' build argument 'cmake_target_skip_unavailable' from command line to 'False'
[0.445s] [34mcolcon.colcon_core.verb[0m [1;30mLevel 5[0m set package 'openarm_bimanual_moveit_config' build argument 'cmake_clean_cache' from command line to 'False'
[0.445s] [34mcolcon.colcon_core.verb[0m [1;30mLevel 5[0m set package 'openarm_bimanual_moveit_config' build argument 'cmake_clean_first' from command line to 'False'
[0.445s] [34mcolcon.colcon_core.verb[0m [1;30mLevel 5[0m set package 'openarm_bimanual_moveit_config' build argument 'cmake_force_configure' from command line to 'False'
[0.445s] [34mcolcon.colcon_core.verb[0m [1;30mLevel 5[0m set package 'openarm_bimanual_moveit_config' build argument 'ament_cmake_args' from command line to 'None'
[0.445s] [34mcolcon.colcon_core.verb[0m [1;30mLevel 5[0m set package 'openarm_bimanual_moveit_config' build argument 'catkin_cmake_args' from command line to 'None'
[0.445s] [34mcolcon.colcon_core.verb[0m [1;30mLevel 5[0m set package 'openarm_bimanual_moveit_config' build argument 'catkin_skip_building_tests' from command line to 'False'
[0.445s] [34mcolcon.colcon_core.verb[0m [1;30mDEBUG[0m [32mBuilding package 'openarm_bimanual_moveit_config' with the following arguments: {'ament_cmake_args': None, 'build_base': '/home/yuan/arm_ws/build/openarm_bimanual_moveit_config', 'catkin_cmake_args': None, 'catkin_skip_building_tests': False, 'cmake_args': None, 'cmake_clean_cache': False, 'cmake_clean_first': False, 'cmake_force_configure': False, 'cmake_target': None, 'cmake_target_skip_unavailable': False, 'install_base': '/home/yuan/arm_ws/install/openarm_bimanual_moveit_config', 'merge_install': False, 'path': '/home/yuan/arm_ws/src/openarm_ros2/openarm_bimanual_moveit_config', 'symlink_install': False, 'test_result_base': None}[0m
[0.445s] [34mcolcon.colcon_core.executor[0m [1;30mINFO[0m Executing jobs using 'parallel' executor
[0.446s] [34mcolcon.colcon_parallel_executor.executor.parallel[0m [1;30mDEBUG[0m [32mrun_until_complete[0m
[0.446s] [34mcolcon.colcon_ros.task.ament_cmake.build[0m [1;30mINFO[0m Building ROS package in '/home/yuan/arm_ws/src/openarm_description' with build type 'ament_cmake'
[0.446s] [34mcolcon.colcon_cmake.task.cmake.build[0m [1;30mINFO[0m Building CMake package in '/home/yuan/arm_ws/src/openarm_description'
[0.449s] [34mcolcon.colcon_core.plugin_system[0m [1;30mINFO[0m Skipping extension 'colcon_core.shell.bat': Not used on non-Windows systems
[0.449s] [34mcolcon.colcon_core.shell[0m [1;30mINFO[0m Skip shell extension 'powershell' for command environment: Not usable outside of PowerShell
[0.449s] [34mcolcon.colcon_core.shell[0m [1;30mDEBUG[0m [32mSkip shell extension 'dsv' for command environment[0m
[0.453s] [34mcolcon.colcon_ros.task.ament_cmake.build[0m [1;30mINFO[0m Building ROS package in '/home/yuan/arm_ws/src/openarm_ros2/openarm_bringup' with build type 'ament_cmake'
[0.453s] [34mcolcon.colcon_cmake.task.cmake.build[0m [1;30mINFO[0m Building CMake package in '/home/yuan/arm_ws/src/openarm_ros2/openarm_bringup'
[0.454s] [34mcolcon.colcon_core.shell[0m [1;30mINFO[0m Skip shell extension 'powershell' for command environment: Not usable outside of PowerShell
[0.454s] [34mcolcon.colcon_core.shell[0m [1;30mDEBUG[0m [32mSkip shell extension 'dsv' for command environment[0m
[0.457s] [34mcolcon.colcon_ros.task.ament_cmake.build[0m [1;30mINFO[0m Building ROS package in '/home/yuan/arm_ws/src/openarm_ros2/openarm_hardware' with build type 'ament_cmake'
[0.457s] [34mcolcon.colcon_cmake.task.cmake.build[0m [1;30mINFO[0m Building CMake package in '/home/yuan/arm_ws/src/openarm_ros2/openarm_hardware'
[0.458s] [34mcolcon.colcon_core.shell[0m [1;30mINFO[0m Skip shell extension 'powershell' for command environment: Not usable outside of PowerShell
[0.458s] [34mcolcon.colcon_core.shell[0m [1;30mDEBUG[0m [32mSkip shell extension 'dsv' for command environment[0m
[0.461s] [34mcolcon.colcon_ros.task.ament_python.build[0m [1;30mINFO[0m Building ROS package in '/home/yuan/arm_ws/src/arm' with build type 'ament_python'
[0.461s] [34mcolcon.colcon_core.shell[0m [1;30mLevel 1[0m create_environment_hook('arm', 'ament_prefix_path')
[0.462s] [34mcolcon.colcon_core.shell[0m [1;30mINFO[0m Creating environment hook '/home/yuan/arm_ws/install/arm/share/arm/hook/ament_prefix_path.ps1'
[0.462s] [34mcolcon.colcon_core.shell[0m [1;30mINFO[0m Creating environment descriptor '/home/yuan/arm_ws/install/arm/share/arm/hook/ament_prefix_path.dsv'
[0.463s] [34mcolcon.colcon_core.shell[0m [1;30mINFO[0m Creating environment hook '/home/yuan/arm_ws/install/arm/share/arm/hook/ament_prefix_path.sh'
[0.463s] [34mcolcon.colcon_core.shell[0m [1;30mINFO[0m Skip shell extension 'powershell' for command environment: Not usable outside of PowerShell
[0.463s] [34mcolcon.colcon_core.shell[0m [1;30mDEBUG[0m [32mSkip shell extension 'dsv' for command environment[0m
[0.472s] [34mcolcon.colcon_core.event_handler.log_command[0m [1;30mDEBUG[0m [32mInvoking command in '/home/yuan/arm_ws/build/openarm_description': CMAKE_PREFIX_PATH=${CMAKE_PREFIX_PATH}:/home/yuan/ros2_ws/install/turtle_practice:/home/yuan/ros2_ws/install/trajectory_server_pkg_py:/home/yuan/ros2_ws/install/trajectory_client_pkg_py:/home/yuan/ros2_ws/install/pubsubtst_pkg:/home/yuan/ros2_ws/install/learning_pkg:/opt/ros/humble /usr/bin/cmake /home/yuan/arm_ws/src/openarm_description -DCMAKE_INSTALL_PREFIX=/home/yuan/arm_ws/install/openarm_description[0m
[0.476s] [34mcolcon.colcon_core.event_handler.log_command[0m [1;30mDEBUG[0m [32mInvoking command in '/home/yuan/arm_ws/build/openarm_bringup': CMAKE_PREFIX_PATH=${CMAKE_PREFIX_PATH}:/home/yuan/ros2_ws/install/turtle_practice:/home/yuan/ros2_ws/install/trajectory_server_pkg_py:/home/yuan/ros2_ws/install/trajectory_client_pkg_py:/home/yuan/ros2_ws/install/pubsubtst_pkg:/home/yuan/ros2_ws/install/learning_pkg:/opt/ros/humble /usr/bin/cmake /home/yuan/arm_ws/src/openarm_ros2/openarm_bringup -DCMAKE_INSTALL_PREFIX=/home/yuan/arm_ws/install/openarm_bringup[0m
[0.483s] [34mcolcon.colcon_core.event_handler.log_command[0m [1;30mDEBUG[0m [32mInvoking command in '/home/yuan/arm_ws/build/openarm_hardware': CMAKE_PREFIX_PATH=${CMAKE_PREFIX_PATH}:/home/yuan/ros2_ws/install/turtle_practice:/home/yuan/ros2_ws/install/trajectory_server_pkg_py:/home/yuan/ros2_ws/install/trajectory_client_pkg_py:/home/yuan/ros2_ws/install/pubsubtst_pkg:/home/yuan/ros2_ws/install/learning_pkg:/opt/ros/humble /usr/bin/cmake /home/yuan/arm_ws/src/openarm_ros2/openarm_hardware -DCMAKE_INSTALL_PREFIX=/home/yuan/arm_ws/install/openarm_hardware[0m
[0.679s] [34mcolcon.colcon_core.task.python.build[0m [1;30mINFO[0m Building Python package in '/home/yuan/arm_ws/src/arm'
[0.680s] [34mcolcon.colcon_core.shell[0m [1;30mINFO[0m Skip shell extension 'powershell' for command environment: Not usable outside of PowerShell
[0.680s] [34mcolcon.colcon_core.shell[0m [1;30mDEBUG[0m [32mSkip shell extension 'dsv' for command environment[0m
[1.120s] [34mcolcon.colcon_core.event_handler.log_command[0m [1;30mDEBUG[0m [32mInvoking command in '/home/yuan/arm_ws/src/arm': PYTHONPATH=/home/yuan/arm_ws/build/arm/prefix_override:/usr/lib/python3/dist-packages/colcon_core/task/python/colcon_distutils_commands:/home/yuan/arm_ws/install/arm/lib/python3.10/site-packages:${PYTHONPATH} /usr/bin/python3 -W ignore:setup.py install is deprecated -W ignore:easy_install command is deprecated setup.py egg_info --egg-base ../../build/arm build --build-base /home/yuan/arm_ws/build/arm/build install --record /home/yuan/arm_ws/build/arm/install.log --single-version-externally-managed install_data[0m
[1.336s] [34mcolcon.colcon_core.event_handler.log_command[0m [1;30mDEBUG[0m [32mInvoked command in '/home/yuan/arm_ws/src/arm' returned '0': PYTHONPATH=/home/yuan/arm_ws/build/arm/prefix_override:/usr/lib/python3/dist-packages/colcon_core/task/python/colcon_distutils_commands:/home/yuan/arm_ws/install/arm/lib/python3.10/site-packages:${PYTHONPATH} /usr/bin/python3 -W ignore:setup.py install is deprecated -W ignore:easy_install command is deprecated setup.py egg_info --egg-base ../../build/arm build --build-base /home/yuan/arm_ws/build/arm/build install --record /home/yuan/arm_ws/build/arm/install.log --single-version-externally-managed install_data[0m
[1.338s] [34mcolcon.colcon_core.environment[0m [1;30mLevel 1[0m checking '/home/yuan/arm_ws/install/arm' for CMake module files
[1.339s] [34mcolcon.colcon_core.environment[0m [1;30mLevel 1[0m checking '/home/yuan/arm_ws/install/arm' for CMake config files
[1.339s] [34mcolcon.colcon_core.environment[0m [1;30mLevel 1[0m checking '/home/yuan/arm_ws/install/arm/lib'
[1.339s] [34mcolcon.colcon_core.environment[0m [1;30mLevel 1[0m checking '/home/yuan/arm_ws/install/arm/bin'
[1.340s] [34mcolcon.colcon_core.environment[0m [1;30mLevel 1[0m checking '/home/yuan/arm_ws/install/arm/lib/pkgconfig/arm.pc'
[1.340s] [34mcolcon.colcon_core.environment[0m [1;30mLevel 1[0m checking '/home/yuan/arm_ws/install/arm/lib/python3.10/site-packages'
[1.340s] [34mcolcon.colcon_core.shell[0m [1;30mLevel 1[0m create_environment_hook('arm', 'pythonpath')
[1.340s] [34mcolcon.colcon_core.shell[0m [1;30mINFO[0m Creating environment hook '/home/yuan/arm_ws/install/arm/share/arm/hook/pythonpath.ps1'
[1.340s] [34mcolcon.colcon_core.shell[0m [1;30mINFO[0m Creating environment descriptor '/home/yuan/arm_ws/install/arm/share/arm/hook/pythonpath.dsv'
[1.340s] [34mcolcon.colcon_core.shell[0m [1;30mINFO[0m Creating environment hook '/home/yuan/arm_ws/install/arm/share/arm/hook/pythonpath.sh'
[1.341s] [34mcolcon.colcon_core.environment[0m [1;30mLevel 1[0m checking '/home/yuan/arm_ws/install/arm/bin'
[1.341s] [34mcolcon.colcon_core.environment[0m [1;30mLevel 1[0m create_environment_scripts_only(arm)
[1.341s] [34mcolcon.colcon_core.shell[0m [1;30mINFO[0m Creating package script '/home/yuan/arm_ws/install/arm/share/arm/package.ps1'
[1.342s] [34mcolcon.colcon_core.shell[0m [1;30mINFO[0m Creating package descriptor '/home/yuan/arm_ws/install/arm/share/arm/package.dsv'
[1.342s] [34mcolcon.colcon_core.shell[0m [1;30mINFO[0m Creating package script '/home/yuan/arm_ws/install/arm/share/arm/package.sh'
[1.342s] [34mcolcon.colcon_core.shell[0m [1;30mINFO[0m Creating package script '/home/yuan/arm_ws/install/arm/share/arm/package.bash'
[1.343s] [34mcolcon.colcon_core.shell[0m [1;30mINFO[0m Creating package script '/home/yuan/arm_ws/install/arm/share/arm/package.zsh'
[1.343s] [34mcolcon.colcon_core.environment[0m [1;30mLevel 1[0m create_file_with_runtime_dependencies(/home/yuan/arm_ws/install/arm/share/colcon-core/packages/arm)
[2.882s] [34mcolcon.colcon_core.event_handler.log_command[0m [1;30mDEBUG[0m [32mInvoked command in '/home/yuan/arm_ws/build/openarm_bringup' returned '0': CMAKE_PREFIX_PATH=${CMAKE_PREFIX_PATH}:/home/yuan/ros2_ws/install/turtle_practice:/home/yuan/ros2_ws/install/trajectory_server_pkg_py:/home/yuan/ros2_ws/install/trajectory_client_pkg_py:/home/yuan/ros2_ws/install/pubsubtst_pkg:/home/yuan/ros2_ws/install/learning_pkg:/opt/ros/humble /usr/bin/cmake /home/yuan/arm_ws/src/openarm_ros2/openarm_bringup -DCMAKE_INSTALL_PREFIX=/home/yuan/arm_ws/install/openarm_bringup[0m
[2.884s] [34mcolcon.colcon_core.event_handler.log_command[0m [1;30mDEBUG[0m [32mInvoking command in '/home/yuan/arm_ws/build/openarm_bringup': CMAKE_PREFIX_PATH=${CMAKE_PREFIX_PATH}:/home/yuan/ros2_ws/install/turtle_practice:/home/yuan/ros2_ws/install/trajectory_server_pkg_py:/home/yuan/ros2_ws/install/trajectory_client_pkg_py:/home/yuan/ros2_ws/install/pubsubtst_pkg:/home/yuan/ros2_ws/install/learning_pkg:/opt/ros/humble /usr/bin/cmake --build /home/yuan/arm_ws/build/openarm_bringup -- -j24 -l24[0m
[2.928s] [34mcolcon.colcon_core.event_handler.log_command[0m [1;30mDEBUG[0m [32mInvoked command in '/home/yuan/arm_ws/build/openarm_bringup' returned '0': CMAKE_PREFIX_PATH=${CMAKE_PREFIX_PATH}:/home/yuan/ros2_ws/install/turtle_practice:/home/yuan/ros2_ws/install/trajectory_server_pkg_py:/home/yuan/ros2_ws/install/trajectory_client_pkg_py:/home/yuan/ros2_ws/install/pubsubtst_pkg:/home/yuan/ros2_ws/install/learning_pkg:/opt/ros/humble /usr/bin/cmake --build /home/yuan/arm_ws/build/openarm_bringup -- -j24 -l24[0m
[2.939s] [34mcolcon.colcon_core.event_handler.log_command[0m [1;30mDEBUG[0m [32mInvoking command in '/home/yuan/arm_ws/build/openarm_bringup': CMAKE_PREFIX_PATH=${CMAKE_PREFIX_PATH}:/home/yuan/ros2_ws/install/turtle_practice:/home/yuan/ros2_ws/install/trajectory_server_pkg_py:/home/yuan/ros2_ws/install/trajectory_client_pkg_py:/home/yuan/ros2_ws/install/pubsubtst_pkg:/home/yuan/ros2_ws/install/learning_pkg:/opt/ros/humble /usr/bin/cmake --install /home/yuan/arm_ws/build/openarm_bringup[0m
[2.957s] [34mcolcon.colcon_core.environment[0m [1;30mLevel 1[0m create_environment_scripts_only(openarm_bringup)
[2.957s] [34mcolcon.colcon_core.environment[0m [1;30mLevel 1[0m checking '/home/yuan/arm_ws/install/openarm_bringup' for CMake module files
[2.958s] [34mcolcon.colcon_core.event_handler.log_command[0m [1;30mDEBUG[0m [32mInvoked command in '/home/yuan/arm_ws/build/openarm_bringup' returned '0': CMAKE_PREFIX_PATH=${CMAKE_PREFIX_PATH}:/home/yuan/ros2_ws/install/turtle_practice:/home/yuan/ros2_ws/install/trajectory_server_pkg_py:/home/yuan/ros2_ws/install/trajectory_client_pkg_py:/home/yuan/ros2_ws/install/pubsubtst_pkg:/home/yuan/ros2_ws/install/learning_pkg:/opt/ros/humble /usr/bin/cmake --install /home/yuan/arm_ws/build/openarm_bringup[0m
[2.958s] [34mcolcon.colcon_core.environment[0m [1;30mLevel 1[0m checking '/home/yuan/arm_ws/install/openarm_bringup' for CMake config files
[2.958s] [34mcolcon.colcon_core.shell[0m [1;30mLevel 1[0m create_environment_hook('openarm_bringup', 'cmake_prefix_path')
[2.959s] [34mcolcon.colcon_core.shell[0m [1;30mINFO[0m Creating environment hook '/home/yuan/arm_ws/install/openarm_bringup/share/openarm_bringup/hook/cmake_prefix_path.ps1'
[2.959s] [34mcolcon.colcon_core.shell[0m [1;30mINFO[0m Creating environment descriptor '/home/yuan/arm_ws/install/openarm_bringup/share/openarm_bringup/hook/cmake_prefix_path.dsv'
[2.960s] [34mcolcon.colcon_core.shell[0m [1;30mINFO[0m Creating environment hook '/home/yuan/arm_ws/install/openarm_bringup/share/openarm_bringup/hook/cmake_prefix_path.sh'
[2.960s] [34mcolcon.colcon_core.environment[0m [1;30mLevel 1[0m checking '/home/yuan/arm_ws/install/openarm_bringup/bin'
[2.960s] [34mcolcon.colcon_core.environment[0m [1;30mLevel 1[0m checking '/home/yuan/arm_ws/install/openarm_bringup/lib/pkgconfig/openarm_bringup.pc'
[2.960s] [34mcolcon.colcon_core.environment[0m [1;30mLevel 1[0m checking '/home/yuan/arm_ws/install/openarm_bringup/lib/python3.10/site-packages'
[2.961s] [34mcolcon.colcon_core.environment[0m [1;30mLevel 1[0m checking '/home/yuan/arm_ws/install/openarm_bringup/bin'
[2.961s] [34mcolcon.colcon_core.shell[0m [1;30mINFO[0m Creating package script '/home/yuan/arm_ws/install/openarm_bringup/share/openarm_bringup/package.ps1'
[2.961s] [34mcolcon.colcon_core.shell[0m [1;30mINFO[0m Creating package descriptor '/home/yuan/arm_ws/install/openarm_bringup/share/openarm_bringup/package.dsv'
[2.962s] [34mcolcon.colcon_core.shell[0m [1;30mINFO[0m Creating package script '/home/yuan/arm_ws/install/openarm_bringup/share/openarm_bringup/package.sh'
[2.962s] [34mcolcon.colcon_core.shell[0m [1;30mINFO[0m Creating package script '/home/yuan/arm_ws/install/openarm_bringup/share/openarm_bringup/package.bash'
[2.963s] [34mcolcon.colcon_core.shell[0m [1;30mINFO[0m Creating package script '/home/yuan/arm_ws/install/openarm_bringup/share/openarm_bringup/package.zsh'
[2.963s] [34mcolcon.colcon_core.environment[0m [1;30mLevel 1[0m create_file_with_runtime_dependencies(/home/yuan/arm_ws/install/openarm_bringup/share/colcon-core/packages/openarm_bringup)
[2.964s] [34mcolcon.colcon_core.environment[0m [1;30mLevel 1[0m create_environment_scripts_only(openarm_bringup)
[2.964s] [34mcolcon.colcon_core.environment[0m [1;30mLevel 1[0m checking '/home/yuan/arm_ws/install/openarm_bringup' for CMake module files
[2.964s] [34mcolcon.colcon_core.environment[0m [1;30mLevel 1[0m checking '/home/yuan/arm_ws/install/openarm_bringup' for CMake config files
[2.965s] [34mcolcon.colcon_core.shell[0m [1;30mLevel 1[0m create_environment_hook('openarm_bringup', 'cmake_prefix_path')
[2.965s] [34mcolcon.colcon_core.shell[0m [1;30mINFO[0m Creating environment hook '/home/yuan/arm_ws/install/openarm_bringup/share/openarm_bringup/hook/cmake_prefix_path.ps1'
[2.965s] [34mcolcon.colcon_core.shell[0m [1;30mINFO[0m Creating environment descriptor '/home/yuan/arm_ws/install/openarm_bringup/share/openarm_bringup/hook/cmake_prefix_path.dsv'
[2.966s] [34mcolcon.colcon_core.shell[0m [1;30mINFO[0m Creating environment hook '/home/yuan/arm_ws/install/openarm_bringup/share/openarm_bringup/hook/cmake_prefix_path.sh'
[2.966s] [34mcolcon.colcon_core.environment[0m [1;30mLevel 1[0m checking '/home/yuan/arm_ws/install/openarm_bringup/bin'
[2.966s] [34mcolcon.colcon_core.environment[0m [1;30mLevel 1[0m checking '/home/yuan/arm_ws/install/openarm_bringup/lib/pkgconfig/openarm_bringup.pc'
[2.966s] [34mcolcon.colcon_core.environment[0m [1;30mLevel 1[0m checking '/home/yuan/arm_ws/install/openarm_bringup/lib/python3.10/site-packages'
[2.966s] [34mcolcon.colcon_core.environment[0m [1;30mLevel 1[0m checking '/home/yuan/arm_ws/install/openarm_bringup/bin'
[2.967s] [34mcolcon.colcon_core.shell[0m [1;30mINFO[0m Creating package script '/home/yuan/arm_ws/install/openarm_bringup/share/openarm_bringup/package.ps1'
[2.967s] [34mcolcon.colcon_core.shell[0m [1;30mINFO[0m Creating package descriptor '/home/yuan/arm_ws/install/openarm_bringup/share/openarm_bringup/package.dsv'
[2.967s] [34mcolcon.colcon_core.shell[0m [1;30mINFO[0m Creating package script '/home/yuan/arm_ws/install/openarm_bringup/share/openarm_bringup/package.sh'
[2.968s] [34mcolcon.colcon_core.shell[0m [1;30mINFO[0m Creating package script '/home/yuan/arm_ws/install/openarm_bringup/share/openarm_bringup/package.bash'
[2.968s] [34mcolcon.colcon_core.shell[0m [1;30mINFO[0m Creating package script '/home/yuan/arm_ws/install/openarm_bringup/share/openarm_bringup/package.zsh'
[2.968s] [34mcolcon.colcon_core.environment[0m [1;30mLevel 1[0m create_file_with_runtime_dependencies(/home/yuan/arm_ws/install/openarm_bringup/share/colcon-core/packages/openarm_bringup)
[3.141s] [34mcolcon.colcon_core.event_handler.log_command[0m [1;30mDEBUG[0m [32mInvoked command in '/home/yuan/arm_ws/build/openarm_description' returned '0': CMAKE_PREFIX_PATH=${CMAKE_PREFIX_PATH}:/home/yuan/ros2_ws/install/turtle_practice:/home/yuan/ros2_ws/install/trajectory_server_pkg_py:/home/yuan/ros2_ws/install/trajectory_client_pkg_py:/home/yuan/ros2_ws/install/pubsubtst_pkg:/home/yuan/ros2_ws/install/learning_pkg:/opt/ros/humble /usr/bin/cmake /home/yuan/arm_ws/src/openarm_description -DCMAKE_INSTALL_PREFIX=/home/yuan/arm_ws/install/openarm_description[0m
[3.143s] [34mcolcon.colcon_core.event_handler.log_command[0m [1;30mDEBUG[0m [32mInvoking command in '/home/yuan/arm_ws/build/openarm_description': CMAKE_PREFIX_PATH=${CMAKE_PREFIX_PATH}:/home/yuan/ros2_ws/install/turtle_practice:/home/yuan/ros2_ws/install/trajectory_server_pkg_py:/home/yuan/ros2_ws/install/trajectory_client_pkg_py:/home/yuan/ros2_ws/install/pubsubtst_pkg:/home/yuan/ros2_ws/install/learning_pkg:/opt/ros/humble /usr/bin/cmake --build /home/yuan/arm_ws/build/openarm_description -- -j24 -l24[0m
[3.184s] [34mcolcon.colcon_core.event_handler.log_command[0m [1;30mDEBUG[0m [32mInvoked command in '/home/yuan/arm_ws/build/openarm_description' returned '0': CMAKE_PREFIX_PATH=${CMAKE_PREFIX_PATH}:/home/yuan/ros2_ws/install/turtle_practice:/home/yuan/ros2_ws/install/trajectory_server_pkg_py:/home/yuan/ros2_ws/install/trajectory_client_pkg_py:/home/yuan/ros2_ws/install/pubsubtst_pkg:/home/yuan/ros2_ws/install/learning_pkg:/opt/ros/humble /usr/bin/cmake --build /home/yuan/arm_ws/build/openarm_description -- -j24 -l24[0m
[3.186s] [34mcolcon.colcon_core.event_handler.log_command[0m [1;30mDEBUG[0m [32mInvoking command in '/home/yuan/arm_ws/build/openarm_description': CMAKE_PREFIX_PATH=${CMAKE_PREFIX_PATH}:/home/yuan/ros2_ws/install/turtle_practice:/home/yuan/ros2_ws/install/trajectory_server_pkg_py:/home/yuan/ros2_ws/install/trajectory_client_pkg_py:/home/yuan/ros2_ws/install/pubsubtst_pkg:/home/yuan/ros2_ws/install/learning_pkg:/opt/ros/humble /usr/bin/cmake --install /home/yuan/arm_ws/build/openarm_description[0m
[3.497s] [34mcolcon.colcon_core.environment[0m [1;30mLevel 1[0m create_environment_scripts_only(openarm_description)
[3.497s] [34mcolcon.colcon_core.event_handler.log_command[0m [1;30mDEBUG[0m [32mInvoked command in '/home/yuan/arm_ws/build/openarm_description' returned '0': CMAKE_PREFIX_PATH=${CMAKE_PREFIX_PATH}:/home/yuan/ros2_ws/install/turtle_practice:/home/yuan/ros2_ws/install/trajectory_server_pkg_py:/home/yuan/ros2_ws/install/trajectory_client_pkg_py:/home/yuan/ros2_ws/install/pubsubtst_pkg:/home/yuan/ros2_ws/install/learning_pkg:/opt/ros/humble /usr/bin/cmake --install /home/yuan/arm_ws/build/openarm_description[0m
[3.498s] [34mcolcon.colcon_core.environment[0m [1;30mLevel 1[0m checking '/home/yuan/arm_ws/install/openarm_description' for CMake module files
[3.498s] [34mcolcon.colcon_core.environment[0m [1;30mLevel 1[0m checking '/home/yuan/arm_ws/install/openarm_description' for CMake config files
[3.498s] [34mcolcon.colcon_core.shell[0m [1;30mLevel 1[0m create_environment_hook('openarm_description', 'cmake_prefix_path')
[3.498s] [34mcolcon.colcon_core.shell[0m [1;30mINFO[0m Creating environment hook '/home/yuan/arm_ws/install/openarm_description/share/openarm_description/hook/cmake_prefix_path.ps1'
[3.499s] [34mcolcon.colcon_core.shell[0m [1;30mINFO[0m Creating environment descriptor '/home/yuan/arm_ws/install/openarm_description/share/openarm_description/hook/cmake_prefix_path.dsv'
[3.500s] [34mcolcon.colcon_core.shell[0m [1;30mINFO[0m Creating environment hook '/home/yuan/arm_ws/install/openarm_description/share/openarm_description/hook/cmake_prefix_path.sh'
[3.500s] [34mcolcon.colcon_core.environment[0m [1;30mLevel 1[0m checking '/home/yuan/arm_ws/install/openarm_description/bin'
[3.500s] [34mcolcon.colcon_core.environment[0m [1;30mLevel 1[0m checking '/home/yuan/arm_ws/install/openarm_description/lib/pkgconfig/openarm_description.pc'
[3.500s] [34mcolcon.colcon_core.environment[0m [1;30mLevel 1[0m checking '/home/yuan/arm_ws/install/openarm_description/lib/python3.10/site-packages'
[3.501s] [34mcolcon.colcon_core.environment[0m [1;30mLevel 1[0m checking '/home/yuan/arm_ws/install/openarm_description/bin'
[3.501s] [34mcolcon.colcon_core.shell[0m [1;30mINFO[0m Creating package script '/home/yuan/arm_ws/install/openarm_description/share/openarm_description/package.ps1'
[3.501s] [34mcolcon.colcon_core.shell[0m [1;30mINFO[0m Creating package descriptor '/home/yuan/arm_ws/install/openarm_description/share/openarm_description/package.dsv'
[3.502s] [34mcolcon.colcon_core.shell[0m [1;30mINFO[0m Creating package script '/home/yuan/arm_ws/install/openarm_description/share/openarm_description/package.sh'
[3.502s] [34mcolcon.colcon_core.shell[0m [1;30mINFO[0m Creating package script '/home/yuan/arm_ws/install/openarm_description/share/openarm_description/package.bash'
[3.502s] [34mcolcon.colcon_core.shell[0m [1;30mINFO[0m Creating package script '/home/yuan/arm_ws/install/openarm_description/share/openarm_description/package.zsh'
[3.503s] [34mcolcon.colcon_core.environment[0m [1;30mLevel 1[0m create_file_with_runtime_dependencies(/home/yuan/arm_ws/install/openarm_description/share/colcon-core/packages/openarm_description)
[3.504s] [34mcolcon.colcon_core.environment[0m [1;30mLevel 1[0m create_environment_scripts_only(openarm_description)
[3.504s] [34mcolcon.colcon_core.environment[0m [1;30mLevel 1[0m checking '/home/yuan/arm_ws/install/openarm_description' for CMake module files
[3.504s] [34mcolcon.colcon_core.environment[0m [1;30mLevel 1[0m checking '/home/yuan/arm_ws/install/openarm_description' for CMake config files
[3.504s] [34mcolcon.colcon_core.shell[0m [1;30mLevel 1[0m create_environment_hook('openarm_description', 'cmake_prefix_path')
[3.505s] [34mcolcon.colcon_core.shell[0m [1;30mINFO[0m Creating environment hook '/home/yuan/arm_ws/install/openarm_description/share/openarm_description/hook/cmake_prefix_path.ps1'
[3.505s] [34mcolcon.colcon_core.shell[0m [1;30mINFO[0m Creating environment descriptor '/home/yuan/arm_ws/install/openarm_description/share/openarm_description/hook/cmake_prefix_path.dsv'
[3.506s] [34mcolcon.colcon_core.shell[0m [1;30mINFO[0m Creating environment hook '/home/yuan/arm_ws/install/openarm_description/share/openarm_description/hook/cmake_prefix_path.sh'
[3.506s] [34mcolcon.colcon_core.environment[0m [1;30mLevel 1[0m checking '/home/yuan/arm_ws/install/openarm_description/bin'
[3.506s] [34mcolcon.colcon_core.environment[0m [1;30mLevel 1[0m checking '/home/yuan/arm_ws/install/openarm_description/lib/pkgconfig/openarm_description.pc'
[3.506s] [34mcolcon.colcon_core.environment[0m [1;30mLevel 1[0m checking '/home/yuan/arm_ws/install/openarm_description/lib/python3.10/site-packages'
[3.506s] [34mcolcon.colcon_core.environment[0m [1;30mLevel 1[0m checking '/home/yuan/arm_ws/install/openarm_description/bin'
[3.507s] [34mcolcon.colcon_core.shell[0m [1;30mINFO[0m Creating package script '/home/yuan/arm_ws/install/openarm_description/share/openarm_description/package.ps1'
[3.507s] [34mcolcon.colcon_core.shell[0m [1;30mINFO[0m Creating package descriptor '/home/yuan/arm_ws/install/openarm_description/share/openarm_description/package.dsv'
[3.507s] [34mcolcon.colcon_core.shell[0m [1;30mINFO[0m Creating package script '/home/yuan/arm_ws/install/openarm_description/share/openarm_description/package.sh'
[3.508s] [34mcolcon.colcon_core.shell[0m [1;30mINFO[0m Creating package script '/home/yuan/arm_ws/install/openarm_description/share/openarm_description/package.bash'
[3.508s] [34mcolcon.colcon_core.shell[0m [1;30mINFO[0m Creating package script '/home/yuan/arm_ws/install/openarm_description/share/openarm_description/package.zsh'
[3.508s] [34mcolcon.colcon_core.environment[0m [1;30mLevel 1[0m create_file_with_runtime_dependencies(/home/yuan/arm_ws/install/openarm_description/share/colcon-core/packages/openarm_description)
[3.509s] [34mcolcon.colcon_ros.task.ament_cmake.build[0m [1;30mINFO[0m Building ROS package in '/home/yuan/arm_ws/src/openarm_ros2/openarm_bimanual_moveit_config' with build type 'ament_cmake'
[3.509s] [34mcolcon.colcon_cmake.task.cmake.build[0m [1;30mINFO[0m Building CMake package in '/home/yuan/arm_ws/src/openarm_ros2/openarm_bimanual_moveit_config'
[3.509s] [34mcolcon.colcon_core.shell[0m [1;30mINFO[0m Skip shell extension 'powershell' for command environment: Not usable outside of PowerShell
[3.509s] [34mcolcon.colcon_core.shell[0m [1;30mDEBUG[0m [32mSkip shell extension 'dsv' for command environment[0m
[3.640s] [34mcolcon.colcon_core.event_handler.log_command[0m [1;30mDEBUG[0m [32mInvoking command in '/home/yuan/arm_ws/build/openarm_bimanual_moveit_config': AMENT_PREFIX_PATH=/home/yuan/arm_ws/install/openarm_description:${AMENT_PREFIX_PATH} CMAKE_PREFIX_PATH=/home/yuan/arm_ws/install/openarm_description:/home/yuan/ros2_ws/install/vision_pkg:/home/yuan/ros2_ws/install/turtle_action:/home/yuan/ros2_ws/install/trajectory_interfaces:/home/yuan/ros2_ws/install/openarm:/home/yuan/ros2_ws/install/openarm_hardware:/home/yuan/ros2_ws/install/openarm_bimanual_moveit_config:/home/yuan/ros2_ws/install/openarm_description:/home/yuan/ros2_ws/install/openarm_bringup:/home/yuan/ros2_ws/install/contour_topic:/home/yuan/ros2_ws/install/turtle_practice:/home/yuan/ros2_ws/install/trajectory_server_pkg_py:/home/yuan/ros2_ws/install/trajectory_client_pkg_py:/home/yuan/ros2_ws/install/pubsubtst_pkg:/home/yuan/ros2_ws/install/learning_pkg:/opt/ros/humble /usr/bin/cmake /home/yuan/arm_ws/src/openarm_ros2/openarm_bimanual_moveit_config -DCMAKE_INSTALL_PREFIX=/home/yuan/arm_ws/install/openarm_bimanual_moveit_config[0m
[6.221s] [34mcolcon.colcon_core.event_handler.log_command[0m [1;30mDEBUG[0m [32mInvoked command in '/home/yuan/arm_ws/build/openarm_bimanual_moveit_config' returned '0': AMENT_PREFIX_PATH=/home/yuan/arm_ws/install/openarm_description:${AMENT_PREFIX_PATH} CMAKE_PREFIX_PATH=/home/yuan/arm_ws/install/openarm_description:/home/yuan/ros2_ws/install/vision_pkg:/home/yuan/ros2_ws/install/turtle_action:/home/yuan/ros2_ws/install/trajectory_interfaces:/home/yuan/ros2_ws/install/openarm:/home/yuan/ros2_ws/install/openarm_hardware:/home/yuan/ros2_ws/install/openarm_bimanual_moveit_config:/home/yuan/ros2_ws/install/openarm_description:/home/yuan/ros2_ws/install/openarm_bringup:/home/yuan/ros2_ws/install/contour_topic:/home/yuan/ros2_ws/install/turtle_practice:/home/yuan/ros2_ws/install/trajectory_server_pkg_py:/home/yuan/ros2_ws/install/trajectory_client_pkg_py:/home/yuan/ros2_ws/install/pubsubtst_pkg:/home/yuan/ros2_ws/install/learning_pkg:/opt/ros/humble /usr/bin/cmake /home/yuan/arm_ws/src/openarm_ros2/openarm_bimanual_moveit_config -DCMAKE_INSTALL_PREFIX=/home/yuan/arm_ws/install/openarm_bimanual_moveit_config[0m
[6.223s] [34mcolcon.colcon_core.event_handler.log_command[0m [1;30mDEBUG[0m [32mInvoking command in '/home/yuan/arm_ws/build/openarm_bimanual_moveit_config': AMENT_PREFIX_PATH=/home/yuan/arm_ws/install/openarm_description:${AMENT_PREFIX_PATH} CMAKE_PREFIX_PATH=/home/yuan/arm_ws/install/openarm_description:/home/yuan/ros2_ws/install/vision_pkg:/home/yuan/ros2_ws/install/turtle_action:/home/yuan/ros2_ws/install/trajectory_interfaces:/home/yuan/ros2_ws/install/openarm:/home/yuan/ros2_ws/install/openarm_hardware:/home/yuan/ros2_ws/install/openarm_bimanual_moveit_config:/home/yuan/ros2_ws/install/openarm_description:/home/yuan/ros2_ws/install/openarm_bringup:/home/yuan/ros2_ws/install/contour_topic:/home/yuan/ros2_ws/install/turtle_practice:/home/yuan/ros2_ws/install/trajectory_server_pkg_py:/home/yuan/ros2_ws/install/trajectory_client_pkg_py:/home/yuan/ros2_ws/install/pubsubtst_pkg:/home/yuan/ros2_ws/install/learning_pkg:/opt/ros/humble /usr/bin/cmake --build /home/yuan/arm_ws/build/openarm_bimanual_moveit_config -- -j24 -l24[0m
[6.263s] [34mcolcon.colcon_core.event_handler.log_command[0m [1;30mDEBUG[0m [32mInvoked command in '/home/yuan/arm_ws/build/openarm_bimanual_moveit_config' returned '0': AMENT_PREFIX_PATH=/home/yuan/arm_ws/install/openarm_description:${AMENT_PREFIX_PATH} CMAKE_PREFIX_PATH=/home/yuan/arm_ws/install/openarm_description:/home/yuan/ros2_ws/install/vision_pkg:/home/yuan/ros2_ws/install/turtle_action:/home/yuan/ros2_ws/install/trajectory_interfaces:/home/yuan/ros2_ws/install/openarm:/home/yuan/ros2_ws/install/openarm_hardware:/home/yuan/ros2_ws/install/openarm_bimanual_moveit_config:/home/yuan/ros2_ws/install/openarm_description:/home/yuan/ros2_ws/install/openarm_bringup:/home/yuan/ros2_ws/install/contour_topic:/home/yuan/ros2_ws/install/turtle_practice:/home/yuan/ros2_ws/install/trajectory_server_pkg_py:/home/yuan/ros2_ws/install/trajectory_client_pkg_py:/home/yuan/ros2_ws/install/pubsubtst_pkg:/home/yuan/ros2_ws/install/learning_pkg:/opt/ros/humble /usr/bin/cmake --build /home/yuan/arm_ws/build/openarm_bimanual_moveit_config -- -j24 -l24[0m
[6.265s] [34mcolcon.colcon_core.event_handler.log_command[0m [1;30mDEBUG[0m [32mInvoking command in '/home/yuan/arm_ws/build/openarm_bimanual_moveit_config': AMENT_PREFIX_PATH=/home/yuan/arm_ws/install/openarm_description:${AMENT_PREFIX_PATH} CMAKE_PREFIX_PATH=/home/yuan/arm_ws/install/openarm_description:/home/yuan/ros2_ws/install/vision_pkg:/home/yuan/ros2_ws/install/turtle_action:/home/yuan/ros2_ws/install/trajectory_interfaces:/home/yuan/ros2_ws/install/openarm:/home/yuan/ros2_ws/install/openarm_hardware:/home/yuan/ros2_ws/install/openarm_bimanual_moveit_config:/home/yuan/ros2_ws/install/openarm_description:/home/yuan/ros2_ws/install/openarm_bringup:/home/yuan/ros2_ws/install/contour_topic:/home/yuan/ros2_ws/install/turtle_practice:/home/yuan/ros2_ws/install/trajectory_server_pkg_py:/home/yuan/ros2_ws/install/trajectory_client_pkg_py:/home/yuan/ros2_ws/install/pubsubtst_pkg:/home/yuan/ros2_ws/install/learning_pkg:/opt/ros/humble /usr/bin/cmake --install /home/yuan/arm_ws/build/openarm_bimanual_moveit_config[0m
[6.283s] [34mcolcon.colcon_core.environment[0m [1;30mLevel 1[0m create_environment_scripts_only(openarm_bimanual_moveit_config)
[6.284s] [34mcolcon.colcon_core.environment[0m [1;30mLevel 1[0m checking '/home/yuan/arm_ws/install/openarm_bimanual_moveit_config' for CMake module files
[6.284s] [34mcolcon.colcon_core.event_handler.log_command[0m [1;30mDEBUG[0m [32mInvoked command in '/home/yuan/arm_ws/build/openarm_bimanual_moveit_config' returned '0': AMENT_PREFIX_PATH=/home/yuan/arm_ws/install/openarm_description:${AMENT_PREFIX_PATH} CMAKE_PREFIX_PATH=/home/yuan/arm_ws/install/openarm_description:/home/yuan/ros2_ws/install/vision_pkg:/home/yuan/ros2_ws/install/turtle_action:/home/yuan/ros2_ws/install/trajectory_interfaces:/home/yuan/ros2_ws/install/openarm:/home/yuan/ros2_ws/install/openarm_hardware:/home/yuan/ros2_ws/install/openarm_bimanual_moveit_config:/home/yuan/ros2_ws/install/openarm_description:/home/yuan/ros2_ws/install/openarm_bringup:/home/yuan/ros2_ws/install/contour_topic:/home/yuan/ros2_ws/install/turtle_practice:/home/yuan/ros2_ws/install/trajectory_server_pkg_py:/home/yuan/ros2_ws/install/trajectory_client_pkg_py:/home/yuan/ros2_ws/install/pubsubtst_pkg:/home/yuan/ros2_ws/install/learning_pkg:/opt/ros/humble /usr/bin/cmake --install /home/yuan/arm_ws/build/openarm_bimanual_moveit_config[0m
[6.285s] [34mcolcon.colcon_core.environment[0m [1;30mLevel 1[0m checking '/home/yuan/arm_ws/install/openarm_bimanual_moveit_config' for CMake config files
[6.285s] [34mcolcon.colcon_core.shell[0m [1;30mLevel 1[0m create_environment_hook('openarm_bimanual_moveit_config', 'cmake_prefix_path')
[6.285s] [34mcolcon.colcon_core.shell[0m [1;30mINFO[0m Creating environment hook '/home/yuan/arm_ws/install/openarm_bimanual_moveit_config/share/openarm_bimanual_moveit_config/hook/cmake_prefix_path.ps1'
[6.286s] [34mcolcon.colcon_core.shell[0m [1;30mINFO[0m Creating environment descriptor '/home/yuan/arm_ws/install/openarm_bimanual_moveit_config/share/openarm_bimanual_moveit_config/hook/cmake_prefix_path.dsv'
[6.286s] [34mcolcon.colcon_core.shell[0m [1;30mINFO[0m Creating environment hook '/home/yuan/arm_ws/install/openarm_bimanual_moveit_config/share/openarm_bimanual_moveit_config/hook/cmake_prefix_path.sh'
[6.287s] [34mcolcon.colcon_core.environment[0m [1;30mLevel 1[0m checking '/home/yuan/arm_ws/install/openarm_bimanual_moveit_config/bin'
[6.287s] [34mcolcon.colcon_core.environment[0m [1;30mLevel 1[0m checking '/home/yuan/arm_ws/install/openarm_bimanual_moveit_config/lib/pkgconfig/openarm_bimanual_moveit_config.pc'
[6.287s] [34mcolcon.colcon_core.environment[0m [1;30mLevel 1[0m checking '/home/yuan/arm_ws/install/openarm_bimanual_moveit_config/lib/python3.10/site-packages'
[6.287s] [34mcolcon.colcon_core.environment[0m [1;30mLevel 1[0m checking '/home/yuan/arm_ws/install/openarm_bimanual_moveit_config/bin'
[6.288s] [34mcolcon.colcon_core.shell[0m [1;30mINFO[0m Creating package script '/home/yuan/arm_ws/install/openarm_bimanual_moveit_config/share/openarm_bimanual_moveit_config/package.ps1'
[6.288s] [34mcolcon.colcon_core.shell[0m [1;30mINFO[0m Creating package descriptor '/home/yuan/arm_ws/install/openarm_bimanual_moveit_config/share/openarm_bimanual_moveit_config/package.dsv'
[6.288s] [34mcolcon.colcon_core.shell[0m [1;30mINFO[0m Creating package script '/home/yuan/arm_ws/install/openarm_bimanual_moveit_config/share/openarm_bimanual_moveit_config/package.sh'
[6.289s] [34mcolcon.colcon_core.shell[0m [1;30mINFO[0m Creating package script '/home/yuan/arm_ws/install/openarm_bimanual_moveit_config/share/openarm_bimanual_moveit_config/package.bash'
[6.290s] [34mcolcon.colcon_core.shell[0m [1;30mINFO[0m Creating package script '/home/yuan/arm_ws/install/openarm_bimanual_moveit_config/share/openarm_bimanual_moveit_config/package.zsh'
[6.290s] [34mcolcon.colcon_core.environment[0m [1;30mLevel 1[0m create_file_with_runtime_dependencies(/home/yuan/arm_ws/install/openarm_bimanual_moveit_config/share/colcon-core/packages/openarm_bimanual_moveit_config)
[6.291s] [34mcolcon.colcon_core.environment[0m [1;30mLevel 1[0m create_environment_scripts_only(openarm_bimanual_moveit_config)
[6.291s] [34mcolcon.colcon_core.environment[0m [1;30mLevel 1[0m checking '/home/yuan/arm_ws/install/openarm_bimanual_moveit_config' for CMake module files
[6.291s] [34mcolcon.colcon_core.environment[0m [1;30mLevel 1[0m checking '/home/yuan/arm_ws/install/openarm_bimanual_moveit_config' for CMake config files
[6.292s] [34mcolcon.colcon_core.shell[0m [1;30mLevel 1[0m create_environment_hook('openarm_bimanual_moveit_config', 'cmake_prefix_path')
[6.292s] [34mcolcon.colcon_core.shell[0m [1;30mINFO[0m Creating environment hook '/home/yuan/arm_ws/install/openarm_bimanual_moveit_config/share/openarm_bimanual_moveit_config/hook/cmake_prefix_path.ps1'
[6.293s] [34mcolcon.colcon_core.shell[0m [1;30mINFO[0m Creating environment descriptor '/home/yuan/arm_ws/install/openarm_bimanual_moveit_config/share/openarm_bimanual_moveit_config/hook/cmake_prefix_path.dsv'
[6.293s] [34mcolcon.colcon_core.shell[0m [1;30mINFO[0m Creating environment hook '/home/yuan/arm_ws/install/openarm_bimanual_moveit_config/share/openarm_bimanual_moveit_config/hook/cmake_prefix_path.sh'
[6.293s] [34mcolcon.colcon_core.environment[0m [1;30mLevel 1[0m checking '/home/yuan/arm_ws/install/openarm_bimanual_moveit_config/bin'
[6.293s] [34mcolcon.colcon_core.environment[0m [1;30mLevel 1[0m checking '/home/yuan/arm_ws/install/openarm_bimanual_moveit_config/lib/pkgconfig/openarm_bimanual_moveit_config.pc'
[6.294s] [34mcolcon.colcon_core.environment[0m [1;30mLevel 1[0m checking '/home/yuan/arm_ws/install/openarm_bimanual_moveit_config/lib/python3.10/site-packages'
[6.294s] [34mcolcon.colcon_core.environment[0m [1;30mLevel 1[0m checking '/home/yuan/arm_ws/install/openarm_bimanual_moveit_config/bin'
[6.294s] [34mcolcon.colcon_core.shell[0m [1;30mINFO[0m Creating package script '/home/yuan/arm_ws/install/openarm_bimanual_moveit_config/share/openarm_bimanual_moveit_config/package.ps1'
[6.294s] [34mcolcon.colcon_core.shell[0m [1;30mINFO[0m Creating package descriptor '/home/yuan/arm_ws/install/openarm_bimanual_moveit_config/share/openarm_bimanual_moveit_config/package.dsv'
[6.295s] [34mcolcon.colcon_core.shell[0m [1;30mINFO[0m Creating package script '/home/yuan/arm_ws/install/openarm_bimanual_moveit_config/share/openarm_bimanual_moveit_config/package.sh'
[6.295s] [34mcolcon.colcon_core.shell[0m [1;30mINFO[0m Creating package script '/home/yuan/arm_ws/install/openarm_bimanual_moveit_config/share/openarm_bimanual_moveit_config/package.bash'
[6.295s] [34mcolcon.colcon_core.shell[0m [1;30mINFO[0m Creating package script '/home/yuan/arm_ws/install/openarm_bimanual_moveit_config/share/openarm_bimanual_moveit_config/package.zsh'
[6.295s] [34mcolcon.colcon_core.environment[0m [1;30mLevel 1[0m create_file_with_runtime_dependencies(/home/yuan/arm_ws/install/openarm_bimanual_moveit_config/share/colcon-core/packages/openarm_bimanual_moveit_config)
[7.307s] [34mcolcon.colcon_core.event_handler.log_command[0m [1;30mDEBUG[0m [32mInvoked command in '/home/yuan/arm_ws/build/openarm_hardware' returned '0': CMAKE_PREFIX_PATH=${CMAKE_PREFIX_PATH}:/home/yuan/ros2_ws/install/turtle_practice:/home/yuan/ros2_ws/install/trajectory_server_pkg_py:/home/yuan/ros2_ws/install/trajectory_client_pkg_py:/home/yuan/ros2_ws/install/pubsubtst_pkg:/home/yuan/ros2_ws/install/learning_pkg:/opt/ros/humble /usr/bin/cmake /home/yuan/arm_ws/src/openarm_ros2/openarm_hardware -DCMAKE_INSTALL_PREFIX=/home/yuan/arm_ws/install/openarm_hardware[0m
[7.308s] [34mcolcon.colcon_core.event_handler.log_command[0m [1;30mDEBUG[0m [32mInvoking command in '/home/yuan/arm_ws/build/openarm_hardware': CMAKE_PREFIX_PATH=${CMAKE_PREFIX_PATH}:/home/yuan/ros2_ws/install/turtle_practice:/home/yuan/ros2_ws/install/trajectory_server_pkg_py:/home/yuan/ros2_ws/install/trajectory_client_pkg_py:/home/yuan/ros2_ws/install/pubsubtst_pkg:/home/yuan/ros2_ws/install/learning_pkg:/opt/ros/humble /usr/bin/cmake --build /home/yuan/arm_ws/build/openarm_hardware -- -j24 -l24[0m
[11.102s] [34mcolcon.colcon_core.event_handler.log_command[0m [1;30mDEBUG[0m [32mInvoked command in '/home/yuan/arm_ws/build/openarm_hardware' returned '0': CMAKE_PREFIX_PATH=${CMAKE_PREFIX_PATH}:/home/yuan/ros2_ws/install/turtle_practice:/home/yuan/ros2_ws/install/trajectory_server_pkg_py:/home/yuan/ros2_ws/install/trajectory_client_pkg_py:/home/yuan/ros2_ws/install/pubsubtst_pkg:/home/yuan/ros2_ws/install/learning_pkg:/opt/ros/humble /usr/bin/cmake --build /home/yuan/arm_ws/build/openarm_hardware -- -j24 -l24[0m
[11.104s] [34mcolcon.colcon_core.event_handler.log_command[0m [1;30mDEBUG[0m [32mInvoking command in '/home/yuan/arm_ws/build/openarm_hardware': CMAKE_PREFIX_PATH=${CMAKE_PREFIX_PATH}:/home/yuan/ros2_ws/install/turtle_practice:/home/yuan/ros2_ws/install/trajectory_server_pkg_py:/home/yuan/ros2_ws/install/trajectory_client_pkg_py:/home/yuan/ros2_ws/install/pubsubtst_pkg:/home/yuan/ros2_ws/install/learning_pkg:/opt/ros/humble /usr/bin/cmake --install /home/yuan/arm_ws/build/openarm_hardware[0m
[11.127s] [34mcolcon.colcon_core.environment[0m [1;30mLevel 1[0m create_environment_scripts_only(openarm_hardware)
[11.127s] [34mcolcon.colcon_core.environment[0m [1;30mLevel 1[0m checking '/home/yuan/arm_ws/install/openarm_hardware' for CMake module files
[11.128s] [34mcolcon.colcon_core.event_handler.log_command[0m [1;30mDEBUG[0m [32mInvoked command in '/home/yuan/arm_ws/build/openarm_hardware' returned '0': CMAKE_PREFIX_PATH=${CMAKE_PREFIX_PATH}:/home/yuan/ros2_ws/install/turtle_practice:/home/yuan/ros2_ws/install/trajectory_server_pkg_py:/home/yuan/ros2_ws/install/trajectory_client_pkg_py:/home/yuan/ros2_ws/install/pubsubtst_pkg:/home/yuan/ros2_ws/install/learning_pkg:/opt/ros/humble /usr/bin/cmake --install /home/yuan/arm_ws/build/openarm_hardware[0m
[11.129s] [34mcolcon.colcon_core.environment[0m [1;30mLevel 1[0m checking '/home/yuan/arm_ws/install/openarm_hardware' for CMake config files
[11.129s] [34mcolcon.colcon_core.shell[0m [1;30mLevel 1[0m create_environment_hook('openarm_hardware', 'cmake_prefix_path')
[11.129s] [34mcolcon.colcon_core.shell[0m [1;30mINFO[0m Creating environment hook '/home/yuan/arm_ws/install/openarm_hardware/share/openarm_hardware/hook/cmake_prefix_path.ps1'
[11.130s] [34mcolcon.colcon_core.shell[0m [1;30mINFO[0m Creating environment descriptor '/home/yuan/arm_ws/install/openarm_hardware/share/openarm_hardware/hook/cmake_prefix_path.dsv'
[11.130s] [34mcolcon.colcon_core.shell[0m [1;30mINFO[0m Creating environment hook '/home/yuan/arm_ws/install/openarm_hardware/share/openarm_hardware/hook/cmake_prefix_path.sh'
[11.130s] [34mcolcon.colcon_core.environment[0m [1;30mLevel 1[0m checking '/home/yuan/arm_ws/install/openarm_hardware/lib'
[11.130s] [34mcolcon.colcon_core.shell[0m [1;30mLevel 1[0m create_environment_hook('openarm_hardware', 'ld_library_path_lib')
[11.131s] [34mcolcon.colcon_core.shell[0m [1;30mINFO[0m Creating environment hook '/home/yuan/arm_ws/install/openarm_hardware/share/openarm_hardware/hook/ld_library_path_lib.ps1'
[11.131s] [34mcolcon.colcon_core.shell[0m [1;30mINFO[0m Creating environment descriptor '/home/yuan/arm_ws/install/openarm_hardware/share/openarm_hardware/hook/ld_library_path_lib.dsv'
[11.131s] [34mcolcon.colcon_core.shell[0m [1;30mINFO[0m Creating environment hook '/home/yuan/arm_ws/install/openarm_hardware/share/openarm_hardware/hook/ld_library_path_lib.sh'
[11.132s] [34mcolcon.colcon_core.environment[0m [1;30mLevel 1[0m checking '/home/yuan/arm_ws/install/openarm_hardware/bin'
[11.132s] [34mcolcon.colcon_core.environment[0m [1;30mLevel 1[0m checking '/home/yuan/arm_ws/install/openarm_hardware/lib/pkgconfig/openarm_hardware.pc'
[11.132s] [34mcolcon.colcon_core.environment[0m [1;30mLevel 1[0m checking '/home/yuan/arm_ws/install/openarm_hardware/lib/python3.10/site-packages'
[11.132s] [34mcolcon.colcon_core.environment[0m [1;30mLevel 1[0m checking '/home/yuan/arm_ws/install/openarm_hardware/bin'
[11.132s] [34mcolcon.colcon_core.shell[0m [1;30mINFO[0m Creating package script '/home/yuan/arm_ws/install/openarm_hardware/share/openarm_hardware/package.ps1'
[11.133s] [34mcolcon.colcon_core.shell[0m [1;30mINFO[0m Creating package descriptor '/home/yuan/arm_ws/install/openarm_hardware/share/openarm_hardware/package.dsv'
[11.133s] [34mcolcon.colcon_core.shell[0m [1;30mINFO[0m Creating package script '/home/yuan/arm_ws/install/openarm_hardware/share/openarm_hardware/package.sh'
[11.133s] [34mcolcon.colcon_core.shell[0m [1;30mINFO[0m Creating package script '/home/yuan/arm_ws/install/openarm_hardware/share/openarm_hardware/package.bash'
[11.133s] [34mcolcon.colcon_core.shell[0m [1;30mINFO[0m Creating package script '/home/yuan/arm_ws/install/openarm_hardware/share/openarm_hardware/package.zsh'
[11.134s] [34mcolcon.colcon_core.environment[0m [1;30mLevel 1[0m create_file_with_runtime_dependencies(/home/yuan/arm_ws/install/openarm_hardware/share/colcon-core/packages/openarm_hardware)
[11.135s] [34mcolcon.colcon_core.environment[0m [1;30mLevel 1[0m create_environment_scripts_only(openarm_hardware)
[11.135s] [34mcolcon.colcon_core.environment[0m [1;30mLevel 1[0m checking '/home/yuan/arm_ws/install/openarm_hardware' for CMake module files
[11.135s] [34mcolcon.colcon_core.environment[0m [1;30mLevel 1[0m checking '/home/yuan/arm_ws/install/openarm_hardware' for CMake config files
[11.136s] [34mcolcon.colcon_core.shell[0m [1;30mLevel 1[0m create_environment_hook('openarm_hardware', 'cmake_prefix_path')
[11.136s] [34mcolcon.colcon_core.shell[0m [1;30mINFO[0m Creating environment hook '/home/yuan/arm_ws/install/openarm_hardware/share/openarm_hardware/hook/cmake_prefix_path.ps1'
[11.136s] [34mcolcon.colcon_core.shell[0m [1;30mINFO[0m Creating environment descriptor '/home/yuan/arm_ws/install/openarm_hardware/share/openarm_hardware/hook/cmake_prefix_path.dsv'
[11.136s] [34mcolcon.colcon_core.shell[0m [1;30mINFO[0m Creating environment hook '/home/yuan/arm_ws/install/openarm_hardware/share/openarm_hardware/hook/cmake_prefix_path.sh'
[11.137s] [34mcolcon.colcon_core.environment[0m [1;30mLevel 1[0m checking '/home/yuan/arm_ws/install/openarm_hardware/lib'
[11.137s] [34mcolcon.colcon_core.shell[0m [1;30mLevel 1[0m create_environment_hook('openarm_hardware', 'ld_library_path_lib')
[11.137s] [34mcolcon.colcon_core.shell[0m [1;30mINFO[0m Creating environment hook '/home/yuan/arm_ws/install/openarm_hardware/share/openarm_hardware/hook/ld_library_path_lib.ps1'
[11.137s] [34mcolcon.colcon_core.shell[0m [1;30mINFO[0m Creating environment descriptor '/home/yuan/arm_ws/install/openarm_hardware/share/openarm_hardware/hook/ld_library_path_lib.dsv'
[11.137s] [34mcolcon.colcon_core.shell[0m [1;30mINFO[0m Creating environment hook '/home/yuan/arm_ws/install/openarm_hardware/share/openarm_hardware/hook/ld_library_path_lib.sh'
[11.138s] [34mcolcon.colcon_core.environment[0m [1;30mLevel 1[0m checking '/home/yuan/arm_ws/install/openarm_hardware/bin'
[11.138s] [34mcolcon.colcon_core.environment[0m [1;30mLevel 1[0m checking '/home/yuan/arm_ws/install/openarm_hardware/lib/pkgconfig/openarm_hardware.pc'
[11.138s] [34mcolcon.colcon_core.environment[0m [1;30mLevel 1[0m checking '/home/yuan/arm_ws/install/openarm_hardware/lib/python3.10/site-packages'
[11.138s] [34mcolcon.colcon_core.environment[0m [1;30mLevel 1[0m checking '/home/yuan/arm_ws/install/openarm_hardware/bin'
[11.138s] [34mcolcon.colcon_core.shell[0m [1;30mINFO[0m Creating package script '/home/yuan/arm_ws/install/openarm_hardware/share/openarm_hardware/package.ps1'
[11.139s] [34mcolcon.colcon_core.shell[0m [1;30mINFO[0m Creating package descriptor '/home/yuan/arm_ws/install/openarm_hardware/share/openarm_hardware/package.dsv'
[11.139s] [34mcolcon.colcon_core.shell[0m [1;30mINFO[0m Creating package script '/home/yuan/arm_ws/install/openarm_hardware/share/openarm_hardware/package.sh'
[11.139s] [34mcolcon.colcon_core.shell[0m [1;30mINFO[0m Creating package script '/home/yuan/arm_ws/install/openarm_hardware/share/openarm_hardware/package.bash'
[11.140s] [34mcolcon.colcon_core.shell[0m [1;30mINFO[0m Creating package script '/home/yuan/arm_ws/install/openarm_hardware/share/openarm_hardware/package.zsh'
[11.140s] [34mcolcon.colcon_core.environment[0m [1;30mLevel 1[0m create_file_with_runtime_dependencies(/home/yuan/arm_ws/install/openarm_hardware/share/colcon-core/packages/openarm_hardware)
[11.140s] [34mcolcon.colcon_ros.task.ament_cmake.build[0m [1;30mINFO[0m Building ROS package in '/home/yuan/arm_ws/src/openarm_ros2/openarm' with build type 'ament_cmake'
[11.140s] [34mcolcon.colcon_cmake.task.cmake.build[0m [1;30mINFO[0m Building CMake package in '/home/yuan/arm_ws/src/openarm_ros2/openarm'
[11.141s] [34mcolcon.colcon_core.shell[0m [1;30mINFO[0m Skip shell extension 'powershell' for command environment: Not usable outside of PowerShell
[11.141s] [34mcolcon.colcon_core.shell[0m [1;30mDEBUG[0m [32mSkip shell extension 'dsv' for command environment[0m
[11.638s] [34mcolcon.colcon_core.event_handler.log_command[0m [1;30mDEBUG[0m [32mInvoking command in '/home/yuan/arm_ws/build/openarm': AMENT_PREFIX_PATH=/home/yuan/arm_ws/install/openarm_hardware:/home/yuan/arm_ws/install/openarm_description:/home/yuan/arm_ws/install/openarm_bringup:${AMENT_PREFIX_PATH} CMAKE_PREFIX_PATH=/home/yuan/arm_ws/install/openarm_hardware:/home/yuan/arm_ws/install/openarm_description:/home/yuan/arm_ws/install/openarm_bringup:/home/yuan/ros2_ws/install/vision_pkg:/home/yuan/ros2_ws/install/turtle_action:/home/yuan/ros2_ws/install/trajectory_interfaces:/home/yuan/ros2_ws/install/openarm:/home/yuan/ros2_ws/install/openarm_hardware:/home/yuan/ros2_ws/install/openarm_bimanual_moveit_config:/home/yuan/ros2_ws/install/openarm_description:/home/yuan/ros2_ws/install/openarm_bringup:/home/yuan/ros2_ws/install/contour_topic:/home/yuan/ros2_ws/install/turtle_practice:/home/yuan/ros2_ws/install/trajectory_server_pkg_py:/home/yuan/ros2_ws/install/trajectory_client_pkg_py:/home/yuan/ros2_ws/install/pubsubtst_pkg:/home/yuan/ros2_ws/install/learning_pkg:/opt/ros/humble LD_LIBRARY_PATH=/home/yuan/arm_ws/install/openarm_hardware/lib:/home/yuan/ros2_ws/install/turtle_action/lib:/home/yuan/ros2_ws/install/trajectory_interfaces/lib:/home/yuan/ros2_ws/install/openarm_hardware/lib:/usr/local/cuda-12.6/lib64:/opt/ros/humble/opt/rviz_ogre_vendor/lib:/opt/ros/humble/lib/x86_64-linux-gnu:/opt/ros/humble/lib:/usr/local/cuda-12.6/lib64 /usr/bin/cmake /home/yuan/arm_ws/src/openarm_ros2/openarm -DCMAKE_INSTALL_PREFIX=/home/yuan/arm_ws/install/openarm[0m
[14.094s] [34mcolcon.colcon_core.event_handler.log_command[0m [1;30mDEBUG[0m [32mInvoked command in '/home/yuan/arm_ws/build/openarm' returned '0': AMENT_PREFIX_PATH=/home/yuan/arm_ws/install/openarm_hardware:/home/yuan/arm_ws/install/openarm_description:/home/yuan/arm_ws/install/openarm_bringup:${AMENT_PREFIX_PATH} CMAKE_PREFIX_PATH=/home/yuan/arm_ws/install/openarm_hardware:/home/yuan/arm_ws/install/openarm_description:/home/yuan/arm_ws/install/openarm_bringup:/home/yuan/ros2_ws/install/vision_pkg:/home/yuan/ros2_ws/install/turtle_action:/home/yuan/ros2_ws/install/trajectory_interfaces:/home/yuan/ros2_ws/install/openarm:/home/yuan/ros2_ws/install/openarm_hardware:/home/yuan/ros2_ws/install/openarm_bimanual_moveit_config:/home/yuan/ros2_ws/install/openarm_description:/home/yuan/ros2_ws/install/openarm_bringup:/home/yuan/ros2_ws/install/contour_topic:/home/yuan/ros2_ws/install/turtle_practice:/home/yuan/ros2_ws/install/trajectory_server_pkg_py:/home/yuan/ros2_ws/install/trajectory_client_pkg_py:/home/yuan/ros2_ws/install/pubsubtst_pkg:/home/yuan/ros2_ws/install/learning_pkg:/opt/ros/humble LD_LIBRARY_PATH=/home/yuan/arm_ws/install/openarm_hardware/lib:/home/yuan/ros2_ws/install/turtle_action/lib:/home/yuan/ros2_ws/install/trajectory_interfaces/lib:/home/yuan/ros2_ws/install/openarm_hardware/lib:/usr/local/cuda-12.6/lib64:/opt/ros/humble/opt/rviz_ogre_vendor/lib:/opt/ros/humble/lib/x86_64-linux-gnu:/opt/ros/humble/lib:/usr/local/cuda-12.6/lib64 /usr/bin/cmake /home/yuan/arm_ws/src/openarm_ros2/openarm -DCMAKE_INSTALL_PREFIX=/home/yuan/arm_ws/install/openarm[0m
[14.095s] [34mcolcon.colcon_core.event_handler.log_command[0m [1;30mDEBUG[0m [32mInvoking command in '/home/yuan/arm_ws/build/openarm': AMENT_PREFIX_PATH=/home/yuan/arm_ws/install/openarm_hardware:/home/yuan/arm_ws/install/openarm_description:/home/yuan/arm_ws/install/openarm_bringup:${AMENT_PREFIX_PATH} CMAKE_PREFIX_PATH=/home/yuan/arm_ws/install/openarm_hardware:/home/yuan/arm_ws/install/openarm_description:/home/yuan/arm_ws/install/openarm_bringup:/home/yuan/ros2_ws/install/vision_pkg:/home/yuan/ros2_ws/install/turtle_action:/home/yuan/ros2_ws/install/trajectory_interfaces:/home/yuan/ros2_ws/install/openarm:/home/yuan/ros2_ws/install/openarm_hardware:/home/yuan/ros2_ws/install/openarm_bimanual_moveit_config:/home/yuan/ros2_ws/install/openarm_description:/home/yuan/ros2_ws/install/openarm_bringup:/home/yuan/ros2_ws/install/contour_topic:/home/yuan/ros2_ws/install/turtle_practice:/home/yuan/ros2_ws/install/trajectory_server_pkg_py:/home/yuan/ros2_ws/install/trajectory_client_pkg_py:/home/yuan/ros2_ws/install/pubsubtst_pkg:/home/yuan/ros2_ws/install/learning_pkg:/opt/ros/humble LD_LIBRARY_PATH=/home/yuan/arm_ws/install/openarm_hardware/lib:/home/yuan/ros2_ws/install/turtle_action/lib:/home/yuan/ros2_ws/install/trajectory_interfaces/lib:/home/yuan/ros2_ws/install/openarm_hardware/lib:/usr/local/cuda-12.6/lib64:/opt/ros/humble/opt/rviz_ogre_vendor/lib:/opt/ros/humble/lib/x86_64-linux-gnu:/opt/ros/humble/lib:/usr/local/cuda-12.6/lib64 /usr/bin/cmake --build /home/yuan/arm_ws/build/openarm -- -j24 -l24[0m
[14.131s] [34mcolcon.colcon_core.event_handler.log_command[0m [1;30mDEBUG[0m [32mInvoked command in '/home/yuan/arm_ws/build/openarm' returned '0': AMENT_PREFIX_PATH=/home/yuan/arm_ws/install/openarm_hardware:/home/yuan/arm_ws/install/openarm_description:/home/yuan/arm_ws/install/openarm_bringup:${AMENT_PREFIX_PATH} CMAKE_PREFIX_PATH=/home/yuan/arm_ws/install/openarm_hardware:/home/yuan/arm_ws/install/openarm_description:/home/yuan/arm_ws/install/openarm_bringup:/home/yuan/ros2_ws/install/vision_pkg:/home/yuan/ros2_ws/install/turtle_action:/home/yuan/ros2_ws/install/trajectory_interfaces:/home/yuan/ros2_ws/install/openarm:/home/yuan/ros2_ws/install/openarm_hardware:/home/yuan/ros2_ws/install/openarm_bimanual_moveit_config:/home/yuan/ros2_ws/install/openarm_description:/home/yuan/ros2_ws/install/openarm_bringup:/home/yuan/ros2_ws/install/contour_topic:/home/yuan/ros2_ws/install/turtle_practice:/home/yuan/ros2_ws/install/trajectory_server_pkg_py:/home/yuan/ros2_ws/install/trajectory_client_pkg_py:/home/yuan/ros2_ws/install/pubsubtst_pkg:/home/yuan/ros2_ws/install/learning_pkg:/opt/ros/humble LD_LIBRARY_PATH=/home/yuan/arm_ws/install/openarm_hardware/lib:/home/yuan/ros2_ws/install/turtle_action/lib:/home/yuan/ros2_ws/install/trajectory_interfaces/lib:/home/yuan/ros2_ws/install/openarm_hardware/lib:/usr/local/cuda-12.6/lib64:/opt/ros/humble/opt/rviz_ogre_vendor/lib:/opt/ros/humble/lib/x86_64-linux-gnu:/opt/ros/humble/lib:/usr/local/cuda-12.6/lib64 /usr/bin/cmake --build /home/yuan/arm_ws/build/openarm -- -j24 -l24[0m
[14.133s] [34mcolcon.colcon_core.event_handler.log_command[0m [1;30mDEBUG[0m [32mInvoking command in '/home/yuan/arm_ws/build/openarm': AMENT_PREFIX_PATH=/home/yuan/arm_ws/install/openarm_hardware:/home/yuan/arm_ws/install/openarm_description:/home/yuan/arm_ws/install/openarm_bringup:${AMENT_PREFIX_PATH} CMAKE_PREFIX_PATH=/home/yuan/arm_ws/install/openarm_hardware:/home/yuan/arm_ws/install/openarm_description:/home/yuan/arm_ws/install/openarm_bringup:/home/yuan/ros2_ws/install/vision_pkg:/home/yuan/ros2_ws/install/turtle_action:/home/yuan/ros2_ws/install/trajectory_interfaces:/home/yuan/ros2_ws/install/openarm:/home/yuan/ros2_ws/install/openarm_hardware:/home/yuan/ros2_ws/install/openarm_bimanual_moveit_config:/home/yuan/ros2_ws/install/openarm_description:/home/yuan/ros2_ws/install/openarm_bringup:/home/yuan/ros2_ws/install/contour_topic:/home/yuan/ros2_ws/install/turtle_practice:/home/yuan/ros2_ws/install/trajectory_server_pkg_py:/home/yuan/ros2_ws/install/trajectory_client_pkg_py:/home/yuan/ros2_ws/install/pubsubtst_pkg:/home/yuan/ros2_ws/install/learning_pkg:/opt/ros/humble LD_LIBRARY_PATH=/home/yuan/arm_ws/install/openarm_hardware/lib:/home/yuan/ros2_ws/install/turtle_action/lib:/home/yuan/ros2_ws/install/trajectory_interfaces/lib:/home/yuan/ros2_ws/install/openarm_hardware/lib:/usr/local/cuda-12.6/lib64:/opt/ros/humble/opt/rviz_ogre_vendor/lib:/opt/ros/humble/lib/x86_64-linux-gnu:/opt/ros/humble/lib:/usr/local/cuda-12.6/lib64 /usr/bin/cmake --install /home/yuan/arm_ws/build/openarm[0m
[14.148s] [34mcolcon.colcon_core.environment[0m [1;30mLevel 1[0m create_environment_scripts_only(openarm)
[14.148s] [34mcolcon.colcon_core.environment[0m [1;30mLevel 1[0m checking '/home/yuan/arm_ws/install/openarm' for CMake module files
[14.149s] [34mcolcon.colcon_core.event_handler.log_command[0m [1;30mDEBUG[0m [32mInvoked command in '/home/yuan/arm_ws/build/openarm' returned '0': AMENT_PREFIX_PATH=/home/yuan/arm_ws/install/openarm_hardware:/home/yuan/arm_ws/install/openarm_description:/home/yuan/arm_ws/install/openarm_bringup:${AMENT_PREFIX_PATH} CMAKE_PREFIX_PATH=/home/yuan/arm_ws/install/openarm_hardware:/home/yuan/arm_ws/install/openarm_description:/home/yuan/arm_ws/install/openarm_bringup:/home/yuan/ros2_ws/install/vision_pkg:/home/yuan/ros2_ws/install/turtle_action:/home/yuan/ros2_ws/install/trajectory_interfaces:/home/yuan/ros2_ws/install/openarm:/home/yuan/ros2_ws/install/openarm_hardware:/home/yuan/ros2_ws/install/openarm_bimanual_moveit_config:/home/yuan/ros2_ws/install/openarm_description:/home/yuan/ros2_ws/install/openarm_bringup:/home/yuan/ros2_ws/install/contour_topic:/home/yuan/ros2_ws/install/turtle_practice:/home/yuan/ros2_ws/install/trajectory_server_pkg_py:/home/yuan/ros2_ws/install/trajectory_client_pkg_py:/home/yuan/ros2_ws/install/pubsubtst_pkg:/home/yuan/ros2_ws/install/learning_pkg:/opt/ros/humble LD_LIBRARY_PATH=/home/yuan/arm_ws/install/openarm_hardware/lib:/home/yuan/ros2_ws/install/turtle_action/lib:/home/yuan/ros2_ws/install/trajectory_interfaces/lib:/home/yuan/ros2_ws/install/openarm_hardware/lib:/usr/local/cuda-12.6/lib64:/opt/ros/humble/opt/rviz_ogre_vendor/lib:/opt/ros/humble/lib/x86_64-linux-gnu:/opt/ros/humble/lib:/usr/local/cuda-12.6/lib64 /usr/bin/cmake --install /home/yuan/arm_ws/build/openarm[0m
[14.149s] [34mcolcon.colcon_core.environment[0m [1;30mLevel 1[0m checking '/home/yuan/arm_ws/install/openarm' for CMake config files
[14.149s] [34mcolcon.colcon_core.shell[0m [1;30mLevel 1[0m create_environment_hook('openarm', 'cmake_prefix_path')
[14.149s] [34mcolcon.colcon_core.shell[0m [1;30mINFO[0m Creating environment hook '/home/yuan/arm_ws/install/openarm/share/openarm/hook/cmake_prefix_path.ps1'
[14.150s] [34mcolcon.colcon_core.shell[0m [1;30mINFO[0m Creating environment descriptor '/home/yuan/arm_ws/install/openarm/share/openarm/hook/cmake_prefix_path.dsv'
[14.150s] [34mcolcon.colcon_core.shell[0m [1;30mINFO[0m Creating environment hook '/home/yuan/arm_ws/install/openarm/share/openarm/hook/cmake_prefix_path.sh'
[14.151s] [34mcolcon.colcon_core.environment[0m [1;30mLevel 1[0m checking '/home/yuan/arm_ws/install/openarm/bin'
[14.151s] [34mcolcon.colcon_core.environment[0m [1;30mLevel 1[0m checking '/home/yuan/arm_ws/install/openarm/lib/pkgconfig/openarm.pc'
[14.151s] [34mcolcon.colcon_core.environment[0m [1;30mLevel 1[0m checking '/home/yuan/arm_ws/install/openarm/lib/python3.10/site-packages'
[14.151s] [34mcolcon.colcon_core.environment[0m [1;30mLevel 1[0m checking '/home/yuan/arm_ws/install/openarm/bin'
[14.151s] [34mcolcon.colcon_core.shell[0m [1;30mINFO[0m Creating package script '/home/yuan/arm_ws/install/openarm/share/openarm/package.ps1'
[14.152s] [34mcolcon.colcon_core.shell[0m [1;30mINFO[0m Creating package descriptor '/home/yuan/arm_ws/install/openarm/share/openarm/package.dsv'
[14.152s] [34mcolcon.colcon_core.shell[0m [1;30mINFO[0m Creating package script '/home/yuan/arm_ws/install/openarm/share/openarm/package.sh'
[14.152s] [34mcolcon.colcon_core.shell[0m [1;30mINFO[0m Creating package script '/home/yuan/arm_ws/install/openarm/share/openarm/package.bash'
[14.153s] [34mcolcon.colcon_core.shell[0m [1;30mINFO[0m Creating package script '/home/yuan/arm_ws/install/openarm/share/openarm/package.zsh'
[14.153s] [34mcolcon.colcon_core.environment[0m [1;30mLevel 1[0m create_file_with_runtime_dependencies(/home/yuan/arm_ws/install/openarm/share/colcon-core/packages/openarm)
[14.154s] [34mcolcon.colcon_core.environment[0m [1;30mLevel 1[0m create_environment_scripts_only(openarm)
[14.154s] [34mcolcon.colcon_core.environment[0m [1;30mLevel 1[0m checking '/home/yuan/arm_ws/install/openarm' for CMake module files
[14.154s] [34mcolcon.colcon_core.environment[0m [1;30mLevel 1[0m checking '/home/yuan/arm_ws/install/openarm' for CMake config files
[14.155s] [34mcolcon.colcon_core.shell[0m [1;30mLevel 1[0m create_environment_hook('openarm', 'cmake_prefix_path')
[14.155s] [34mcolcon.colcon_core.shell[0m [1;30mINFO[0m Creating environment hook '/home/yuan/arm_ws/install/openarm/share/openarm/hook/cmake_prefix_path.ps1'
[14.155s] [34mcolcon.colcon_core.shell[0m [1;30mINFO[0m Creating environment descriptor '/home/yuan/arm_ws/install/openarm/share/openarm/hook/cmake_prefix_path.dsv'
[14.155s] [34mcolcon.colcon_core.shell[0m [1;30mINFO[0m Creating environment hook '/home/yuan/arm_ws/install/openarm/share/openarm/hook/cmake_prefix_path.sh'
[14.156s] [34mcolcon.colcon_core.environment[0m [1;30mLevel 1[0m checking '/home/yuan/arm_ws/install/openarm/bin'
[14.156s] [34mcolcon.colcon_core.environment[0m [1;30mLevel 1[0m checking '/home/yuan/arm_ws/install/openarm/lib/pkgconfig/openarm.pc'
[14.156s] [34mcolcon.colcon_core.environment[0m [1;30mLevel 1[0m checking '/home/yuan/arm_ws/install/openarm/lib/python3.10/site-packages'
[14.156s] [34mcolcon.colcon_core.environment[0m [1;30mLevel 1[0m checking '/home/yuan/arm_ws/install/openarm/bin'
[14.156s] [34mcolcon.colcon_core.shell[0m [1;30mINFO[0m Creating package script '/home/yuan/arm_ws/install/openarm/share/openarm/package.ps1'
[14.157s] [34mcolcon.colcon_core.shell[0m [1;30mINFO[0m Creating package descriptor '/home/yuan/arm_ws/install/openarm/share/openarm/package.dsv'
[14.157s] [34mcolcon.colcon_core.shell[0m [1;30mINFO[0m Creating package script '/home/yuan/arm_ws/install/openarm/share/openarm/package.sh'
[14.158s] [34mcolcon.colcon_core.shell[0m [1;30mINFO[0m Creating package script '/home/yuan/arm_ws/install/openarm/share/openarm/package.bash'
[14.158s] [34mcolcon.colcon_core.shell[0m [1;30mINFO[0m Creating package script '/home/yuan/arm_ws/install/openarm/share/openarm/package.zsh'
[14.158s] [34mcolcon.colcon_core.environment[0m [1;30mLevel 1[0m create_file_with_runtime_dependencies(/home/yuan/arm_ws/install/openarm/share/colcon-core/packages/openarm)
[14.158s] [34mcolcon.colcon_parallel_executor.executor.parallel[0m [1;30mDEBUG[0m [32mclosing loop[0m
[14.159s] [34mcolcon.colcon_parallel_executor.executor.parallel[0m [1;30mDEBUG[0m [32mloop closed[0m
[14.159s] [34mcolcon.colcon_parallel_executor.executor.parallel[0m [1;30mDEBUG[0m [32mrun_until_complete finished with '0'[0m
[14.159s] [34mcolcon.colcon_core.event_reactor[0m [1;30mDEBUG[0m [32mjoining thread[0m
[14.166s] [34mcolcon.colcon_core.plugin_system[0m [1;30mINFO[0m Skipping extension 'colcon_notification.desktop_notification.terminal_notifier': Not used on non-Darwin systems
[14.167s] [34mcolcon.colcon_core.plugin_system[0m [1;30mINFO[0m Skipping extension 'colcon_notification.desktop_notification.win32': Not used on non-Windows systems
[14.167s] [34mcolcon.colcon_notification.desktop_notification[0m [1;30mINFO[0m Sending desktop notification using 'notify2'
[14.182s] [34mcolcon.colcon_core.event_reactor[0m [1;30mDEBUG[0m [32mjoined thread[0m
[14.182s] [34mcolcon.colcon_core.shell[0m [1;30mINFO[0m Creating prefix script '/home/yuan/arm_ws/install/local_setup.ps1'
[14.183s] [34mcolcon.colcon_core.shell[0m [1;30mINFO[0m Creating prefix util module '/home/yuan/arm_ws/install/_local_setup_util_ps1.py'
[14.185s] [34mcolcon.colcon_core.shell[0m [1;30mINFO[0m Creating prefix chain script '/home/yuan/arm_ws/install/setup.ps1'
[14.187s] [34mcolcon.colcon_core.shell[0m [1;30mINFO[0m Creating prefix script '/home/yuan/arm_ws/install/local_setup.sh'
[14.187s] [34mcolcon.colcon_core.shell[0m [1;30mINFO[0m Creating prefix util module '/home/yuan/arm_ws/install/_local_setup_util_sh.py'
[14.188s] [34mcolcon.colcon_core.shell[0m [1;30mINFO[0m Creating prefix chain script '/home/yuan/arm_ws/install/setup.sh'
[14.189s] [34mcolcon.colcon_core.shell[0m [1;30mINFO[0m Creating prefix script '/home/yuan/arm_ws/install/local_setup.bash'
[14.189s] [34mcolcon.colcon_core.shell[0m [1;30mINFO[0m Creating prefix chain script '/home/yuan/arm_ws/install/setup.bash'
[14.190s] [34mcolcon.colcon_core.shell[0m [1;30mINFO[0m Creating prefix script '/home/yuan/arm_ws/install/local_setup.zsh'
[14.190s] [34mcolcon.colcon_core.shell[0m [1;30mINFO[0m Creating prefix chain script '/home/yuan/arm_ws/install/setup.zsh'
