[0.011s] Invoking command in '/home/yuan/arm_ws/build/openarm_description': CMAKE_PREFIX_PATH=${CMAKE_PREFIX_PATH}:/opt/ros/humble /usr/bin/cmake --build /home/yuan/arm_ws/build/openarm_description -- -j24 -l24
[0.047s] Invoked command in '/home/yuan/arm_ws/build/openarm_description' returned '0': CMAKE_PREFIX_PATH=${CMAKE_PREFIX_PATH}:/opt/ros/humble /usr/bin/cmake --build /home/yuan/arm_ws/build/openarm_description -- -j24 -l24
[0.055s] Invoking command in '/home/yuan/arm_ws/build/openarm_description': CMAKE_PREFIX_PATH=${CMAKE_PREFIX_PATH}:/opt/ros/humble /usr/bin/cmake --install /home/yuan/arm_ws/build/openarm_description
[0.061s] -- Install configuration: ""
[0.061s] -- Up-to-date: /home/yuan/arm_ws/install/openarm_description/share/openarm_description/meshes
[0.062s] -- Up-to-date: /home/yuan/arm_ws/install/openarm_description/share/openarm_description/meshes/visual
[0.062s] -- Up-to-date: /home/yuan/arm_ws/install/openarm_description/share/openarm_description/meshes/visual/gripper
[0.062s] -- Up-to-date: /home/yuan/arm_ws/install/openarm_description/share/openarm_description/meshes/visual/gripper/finger_1.obj
[0.063s] -- Up-to-date: /home/yuan/arm_ws/install/openarm_description/share/openarm_description/meshes/visual/gripper/finger_0.obj
[0.063s] -- Up-to-date: /home/yuan/arm_ws/install/openarm_description/share/openarm_description/meshes/visual/gripper/hand_1.obj
[0.063s] -- Up-to-date: /home/yuan/arm_ws/install/openarm_description/share/openarm_description/meshes/visual/gripper/hand_0.obj
[0.063s] -- Up-to-date: /home/yuan/arm_ws/install/openarm_description/share/openarm_description/meshes/visual/arm
[0.064s] -- Up-to-date: /home/yuan/arm_ws/install/openarm_description/share/openarm_description/meshes/visual/arm/link1_1.obj
[0.064s] -- Up-to-date: /home/yuan/arm_ws/install/openarm_description/share/openarm_description/meshes/visual/arm/link7_0.obj
[0.064s] -- Up-to-date: /home/yuan/arm_ws/install/openarm_description/share/openarm_description/meshes/visual/arm/link1_0.obj
[0.064s] -- Up-to-date: /home/yuan/arm_ws/install/openarm_description/share/openarm_description/meshes/visual/arm/link4_0.obj
[0.064s] -- Up-to-date: /home/yuan/arm_ws/install/openarm_description/share/openarm_description/meshes/visual/arm/link2_0.obj
[0.064s] -- Up-to-date: /home/yuan/arm_ws/install/openarm_description/share/openarm_description/meshes/visual/arm/link5_1.obj
[0.064s] -- Up-to-date: /home/yuan/arm_ws/install/openarm_description/share/openarm_description/meshes/visual/arm/link4_1.obj
[0.064s] -- Up-to-date: /home/yuan/arm_ws/install/openarm_description/share/openarm_description/meshes/visual/arm/link3_2.obj
[0.064s] -- Up-to-date: /home/yuan/arm_ws/install/openarm_description/share/openarm_description/meshes/visual/arm/link3_0.obj
[0.065s] -- Up-to-date: /home/yuan/arm_ws/install/openarm_description/share/openarm_description/meshes/visual/arm/link6_0.obj
[0.065s] -- Up-to-date: /home/yuan/arm_ws/install/openarm_description/share/openarm_description/meshes/visual/arm/link4_2.obj
[0.065s] -- Up-to-date: /home/yuan/arm_ws/install/openarm_description/share/openarm_description/meshes/visual/arm/link6_1.obj
[0.065s] -- Up-to-date: /home/yuan/arm_ws/install/openarm_description/share/openarm_description/meshes/visual/arm/link0_0.obj
[0.065s] -- Up-to-date: /home/yuan/arm_ws/install/openarm_description/share/openarm_description/meshes/visual/arm/link2_2.obj
[0.065s] -- Up-to-date: /home/yuan/arm_ws/install/openarm_description/share/openarm_description/meshes/visual/arm/link1_2.obj
[0.065s] -- Up-to-date: /home/yuan/arm_ws/install/openarm_description/share/openarm_description/meshes/visual/arm/link0_1.obj
[0.066s] -- Up-to-date: /home/yuan/arm_ws/install/openarm_description/share/openarm_description/meshes/visual/arm/link2_1.obj
[0.066s] -- Up-to-date: /home/yuan/arm_ws/install/openarm_description/share/openarm_description/meshes/visual/arm/link3_1.obj
[0.066s] -- Up-to-date: /home/yuan/arm_ws/install/openarm_description/share/openarm_description/meshes/visual/arm/link5_2.obj
[0.066s] -- Up-to-date: /home/yuan/arm_ws/install/openarm_description/share/openarm_description/meshes/visual/arm/link5_0.obj
[0.066s] -- Up-to-date: /home/yuan/arm_ws/install/openarm_description/share/openarm_description/meshes/visual/arm/link7_1.obj
[0.066s] -- Up-to-date: /home/yuan/arm_ws/install/openarm_description/share/openarm_description/meshes/visual/arm/link1_3.obj
[0.066s] -- Up-to-date: /home/yuan/arm_ws/install/openarm_description/share/openarm_description/meshes/visual/body
[0.066s] -- Up-to-date: /home/yuan/arm_ws/install/openarm_description/share/openarm_description/meshes/visual/body/body_link0_2.obj
[0.066s] -- Up-to-date: /home/yuan/arm_ws/install/openarm_description/share/openarm_description/meshes/visual/body/body_link0_3.obj
[0.066s] -- Up-to-date: /home/yuan/arm_ws/install/openarm_description/share/openarm_description/meshes/visual/body/body_link0_1.obj
[0.066s] -- Up-to-date: /home/yuan/arm_ws/install/openarm_description/share/openarm_description/meshes/visual/body/body_link0_0.obj
[0.066s] -- Up-to-date: /home/yuan/arm_ws/install/openarm_description/share/openarm_description/meshes/visual/body/body_link0_4.obj
[0.066s] -- Up-to-date: /home/yuan/arm_ws/install/openarm_description/share/openarm_description/meshes/visual/body/body_link0_5.obj
[0.066s] -- Up-to-date: /home/yuan/arm_ws/install/openarm_description/share/openarm_description/meshes/collision
[0.066s] -- Up-to-date: /home/yuan/arm_ws/install/openarm_description/share/openarm_description/meshes/collision/gripper
[0.066s] -- Up-to-date: /home/yuan/arm_ws/install/openarm_description/share/openarm_description/meshes/collision/gripper/hand.stl
[0.066s] -- Up-to-date: /home/yuan/arm_ws/install/openarm_description/share/openarm_description/meshes/collision/gripper/finger.stl
[0.066s] -- Up-to-date: /home/yuan/arm_ws/install/openarm_description/share/openarm_description/meshes/collision/arm
[0.066s] -- Up-to-date: /home/yuan/arm_ws/install/openarm_description/share/openarm_description/meshes/collision/arm/link4.stl
[0.067s] -- Up-to-date: /home/yuan/arm_ws/install/openarm_description/share/openarm_description/meshes/collision/arm/link6.stl
[0.067s] -- Up-to-date: /home/yuan/arm_ws/install/openarm_description/share/openarm_description/meshes/collision/arm/link7.stl
[0.067s] -- Up-to-date: /home/yuan/arm_ws/install/openarm_description/share/openarm_description/meshes/collision/arm/link2.stl
[0.067s] -- Up-to-date: /home/yuan/arm_ws/install/openarm_description/share/openarm_description/meshes/collision/arm/link3.stl
[0.067s] -- Up-to-date: /home/yuan/arm_ws/install/openarm_description/share/openarm_description/meshes/collision/arm/link1.stl
[0.067s] -- Up-to-date: /home/yuan/arm_ws/install/openarm_description/share/openarm_description/meshes/collision/arm/link5.stl
[0.067s] -- Up-to-date: /home/yuan/arm_ws/install/openarm_description/share/openarm_description/meshes/collision/arm/link0.stl
[0.067s] -- Up-to-date: /home/yuan/arm_ws/install/openarm_description/share/openarm_description/meshes/collision/body
[0.068s] -- Up-to-date: /home/yuan/arm_ws/install/openarm_description/share/openarm_description/meshes/collision/body/body_link0.stl
[0.068s] -- Up-to-date: /home/yuan/arm_ws/install/openarm_description/share/openarm_description/urdf
[0.068s] -- Up-to-date: /home/yuan/arm_ws/install/openarm_description/share/openarm_description/urdf/arm
[0.068s] -- Up-to-date: /home/yuan/arm_ws/install/openarm_description/share/openarm_description/urdf/arm/openarm_macro.xacro
[0.068s] -- Up-to-date: /home/yuan/arm_ws/install/openarm_description/share/openarm_description/urdf/arm/openarm_arm.xacro
[0.068s] -- Up-to-date: /home/yuan/arm_ws/install/openarm_description/share/openarm_description/urdf/ros2_control
[0.068s] -- Up-to-date: /home/yuan/arm_ws/install/openarm_description/share/openarm_description/urdf/ros2_control/openarm.bimanual.ros2_control.xacro
[0.069s] -- Up-to-date: /home/yuan/arm_ws/install/openarm_description/share/openarm_description/urdf/ros2_control/openarm.ros2_control.xacro
[0.069s] -- Up-to-date: /home/yuan/arm_ws/install/openarm_description/share/openarm_description/urdf/ee
[0.069s] -- Up-to-date: /home/yuan/arm_ws/install/openarm_description/share/openarm_description/urdf/ee/ee_with_one_link.xacro
[0.069s] -- Up-to-date: /home/yuan/arm_ws/install/openarm_description/share/openarm_description/urdf/ee/openarm_hand_macro.xacro
[0.069s] -- Up-to-date: /home/yuan/arm_ws/install/openarm_description/share/openarm_description/urdf/ee/openarm_hand.xacro
[0.069s] -- Up-to-date: /home/yuan/arm_ws/install/openarm_description/share/openarm_description/urdf/ee/openarm_hand_arguments.xacro
[0.069s] -- Installing: /home/yuan/arm_ws/install/openarm_description/share/openarm_description/urdf/openarm.urdf
[0.070s] -- Up-to-date: /home/yuan/arm_ws/install/openarm_description/share/openarm_description/urdf/body
[0.070s] -- Up-to-date: /home/yuan/arm_ws/install/openarm_description/share/openarm_description/urdf/body/openarm_body.xacro
[0.071s] -- Up-to-date: /home/yuan/arm_ws/install/openarm_description/share/openarm_description/urdf/body/openarm_body_macro.xacro
[0.071s] -- Up-to-date: /home/yuan/arm_ws/install/openarm_description/share/openarm_description/urdf/robot
[0.071s] -- Up-to-date: /home/yuan/arm_ws/install/openarm_description/share/openarm_description/urdf/robot/openarm_robot.xacro
[0.071s] -- Up-to-date: /home/yuan/arm_ws/install/openarm_description/share/openarm_description/urdf/robot/v10.urdf.xacro
[0.072s] -- Up-to-date: /home/yuan/arm_ws/install/openarm_description/share/ament_index/resource_index/package_run_dependencies/openarm_description
[0.072s] -- Up-to-date: /home/yuan/arm_ws/install/openarm_description/share/ament_index/resource_index/parent_prefix_path/openarm_description
[0.072s] -- Up-to-date: /home/yuan/arm_ws/install/openarm_description/share/openarm_description/environment/ament_prefix_path.sh
[0.072s] -- Up-to-date: /home/yuan/arm_ws/install/openarm_description/share/openarm_description/environment/ament_prefix_path.dsv
[0.072s] -- Up-to-date: /home/yuan/arm_ws/install/openarm_description/share/openarm_description/environment/path.sh
[0.072s] -- Up-to-date: /home/yuan/arm_ws/install/openarm_description/share/openarm_description/environment/path.dsv
[0.073s] -- Up-to-date: /home/yuan/arm_ws/install/openarm_description/share/openarm_description/local_setup.bash
[0.073s] -- Up-to-date: /home/yuan/arm_ws/install/openarm_description/share/openarm_description/local_setup.sh
[0.073s] -- Up-to-date: /home/yuan/arm_ws/install/openarm_description/share/openarm_description/local_setup.zsh
[0.073s] -- Up-to-date: /home/yuan/arm_ws/install/openarm_description/share/openarm_description/local_setup.dsv
[0.073s] -- Installing: /home/yuan/arm_ws/install/openarm_description/share/openarm_description/package.dsv
[0.073s] -- Up-to-date: /home/yuan/arm_ws/install/openarm_description/share/ament_index/resource_index/packages/openarm_description
[0.073s] -- Up-to-date: /home/yuan/arm_ws/install/openarm_description/share/openarm_description/cmake/openarm_descriptionConfig.cmake
[0.073s] -- Up-to-date: /home/yuan/arm_ws/install/openarm_description/share/openarm_description/cmake/openarm_descriptionConfig-version.cmake
[0.074s] -- Up-to-date: /home/yuan/arm_ws/install/openarm_description/share/openarm_description/package.xml
[0.074s] Invoked command in '/home/yuan/arm_ws/build/openarm_description' returned '0': CMAKE_PREFIX_PATH=${CMAKE_PREFIX_PATH}:/opt/ros/humble /usr/bin/cmake --install /home/yuan/arm_ws/build/openarm_description
